#
# There is insufficient memory for the Java Runtime Environment to continue.
# Native memory allocation (malloc) failed to allocate 1434416 bytes. Error detail: Chunk::new
# Possible reasons:
#   The system is out of physical RAM or swap space
#   This process is running with CompressedOops enabled, and the Java Heap may be blocking the growth of the native heap
# Possible solutions:
#   Reduce memory load on the system
#   Increase physical memory or swap space
#   Check if swap backing store is full
#   Decrease Java heap size (-Xmx/-Xms)
#   Decrease number of Java threads
#   Decrease Java thread stack sizes (-Xss)
#   Set larger code cache with -XX:ReservedCodeCacheSize=
#   JVM is running with Unscaled Compressed Oops mode in which the Java heap is
#     placed in the first 4GB address space. The Java Heap base address is the
#     maximum limit for the native heap growth. Please use -XX:HeapBaseMinAddress
#     to set the Java Heap base and to place the Java Heap above 4GB virtual address.
# This output file may be truncated or incomplete.
#
#  Out of Memory Error (arena.cpp:168), pid=17120, tid=20316
#
# JRE version: OpenJDK Runtime Environment Temurin-21.0.10+7 (21.0.10+7) (build 21.0.10+7-LTS)
# Java VM: OpenJDK 64-Bit Server VM Temurin-21.0.10+7 (21.0.10+7-LTS, mixed mode, sharing, tiered, compressed oops, compressed class ptrs, parallel gc, windows-amd64)
# No core dump will be written. Minidumps are not enabled by default on client versions of Windows
#

---------------  S U M M A R Y ------------

Command Line: --add-modules=ALL-SYSTEM --add-opens=java.base/java.util=ALL-UNNAMED --add-opens=java.base/java.lang=ALL-UNNAMED --add-opens=java.base/sun.nio.fs=ALL-UNNAMED -Declipse.application=org.eclipse.jdt.ls.core.id1 -Dosgi.bundles.defaultStartLevel=4 -Declipse.product=org.eclipse.jdt.ls.core.product -Djava.import.generatesMetadataFilesAtProjectRoot=false -DDetectVMInstallationsJob.disabled=true -Dfile.encoding=utf8 -XX:+UseParallelGC -XX:GCTimeRatio=4 -XX:AdaptiveSizePolicyWeight=90 -Dsun.zip.disableMemoryMapping=true -Xmx2G -Xms100m -Xlog:disable -javaagent:c:\Users\luisa\.vscode\extensions\redhat.java-1.54.0-win32-x64\lombok\lombok-1.18.39-4050.jar -XX:+HeapDumpOnOutOfMemoryError -XX:HeapDumpPath=c:\Users\luisa\AppData\Roaming\Code\User\workspaceStorage\c39dd73e852d32c15b1d8e2e38c5d1a0\redhat.java -Daether.dependencyCollector.impl=bf c:\Users\luisa\.vscode\extensions\redhat.java-1.54.0-win32-x64\server\plugins\org.eclipse.equinox.launcher_1.7.100.v20251111-0406.jar -configuration c:\Users\luisa\AppData\Roaming\Code\User\globalStorage\redhat.java\1.54.0\config_win -data c:\Users\luisa\AppData\Roaming\Code\User\workspaceStorage\c39dd73e852d32c15b1d8e2e38c5d1a0\redhat.java\jdt_ws --pipe=\\.\pipe\lsp-d72af0a6141e6c1a923c8f7ef2fc0288-sock

Host: Intel(R) Core(TM) i7-9750H CPU @ 2.60GHz, 12 cores, 7G,  Windows 11 , 64 bit Build 26100 (10.0.26100.8328)
Time: Tue May 19 20:28:11 2026 Hora oficial do Brasil elapsed time: 63.359167 seconds (0d 0h 1m 3s)

---------------  T H R E A D  ---------------

Current thread (0x00000240d7481480):  JavaThread "C2 CompilerThread1" daemon [_thread_in_native, id=20316, stack(0x000000fc3eb00000,0x000000fc3ec00000) (1024K)]


Current CompileTask:
C2:63359 14382       4       org.eclipse.jdt.internal.compiler.classfmt.ModuleInfo::readModuleAttribute (1166 bytes)

Stack: [0x000000fc3eb00000,0x000000fc3ec00000]
Native frames: (J=compiled Java code, j=interpreted, Vv=VM code, C=native code)
V  [jvm.dll+0x6d7a39]
V  [jvm.dll+0x8b4b26]
V  [jvm.dll+0x8b70de]
V  [jvm.dll+0x8b77c3]
V  [jvm.dll+0x284346]
V  [jvm.dll+0xc66ed]
V  [jvm.dll+0xc6c31]
V  [jvm.dll+0x2fb29e]
V  [jvm.dll+0x5fe884]
V  [jvm.dll+0x255b17]
V  [jvm.dll+0x255edd]
V  [jvm.dll+0x24e500]
V  [jvm.dll+0x24ba42]
V  [jvm.dll+0x1cb34e]
V  [jvm.dll+0x25b85d]
V  [jvm.dll+0x259dea]
V  [jvm.dll+0x3f857e]
V  [jvm.dll+0x85f59d]
V  [jvm.dll+0x6d626d]
C  [ucrtbase.dll+0x37b0]
C  [KERNEL32.DLL+0x2e957]
C  [ntdll.dll+0x427c]


---------------  P R O C E S S  ---------------

Threads class SMR info:
_java_thread_list=0x00000240d87a5660, length=88, elements={
0x00000240f5c0ecc0, 0x00000240f5bbdcd0, 0x00000240f5cb5300, 0x00000240f5cb5f60,
0x00000240f5cb8ad0, 0x00000240f5cb9530, 0x00000240f5cbc3a0, 0x00000240f5cbe6a0,
0x00000240fe9a12f0, 0x00000240feb243f0, 0x00000240febe7870, 0x00000240d46715f0,
0x00000240fed1cff0, 0x00000240feb1eff0, 0x00000240d491f0f0, 0x00000240d5096790,
0x00000240d4fd11b0, 0x00000240d4133df0, 0x00000240d40fbda0, 0x00000240d40fcac0,
0x00000240d40fc430, 0x00000240d40fde70, 0x00000240d40fb710, 0x00000240d40fd7e0,
0x00000240d40fe500, 0x00000240d40fb080, 0x00000240d75c27a0, 0x00000240d75c2e30,
0x00000240d75c06d0, 0x00000240d75c1a80, 0x00000240d75c13f0, 0x00000240d75c2110,
0x00000240d75c0040, 0x00000240d75bf9b0, 0x00000240d75c34c0, 0x00000240d75c3b50,
0x00000240d75c41e0, 0x00000240d75c0d60, 0x00000240d75c62b0, 0x00000240d75c6fd0,
0x00000240d75c5590, 0x00000240d75c4870, 0x00000240d75c4f00, 0x00000240d75c5c20,
0x00000240d75c6940, 0x00000240d48c2090, 0x00000240d48c0ce0, 0x00000240d48c1370,
0x00000240d48c2720, 0x00000240d48c2db0, 0x00000240d48c1a00, 0x00000240d48c3440,
0x00000240d48bffc0, 0x00000240d48c68c0, 0x00000240d48c6f50, 0x00000240d48c6230,
0x00000240d48c3ad0, 0x00000240d48c75e0, 0x00000240d48c4160, 0x00000240d48c47f0,
0x00000240d48c4e80, 0x00000240d48c5510, 0x00000240d48c5ba0, 0x00000240d43081f0,
0x00000240d4305400, 0x00000240d4308880, 0x00000240d4306120, 0x00000240d4308f10,
0x00000240d4306e40, 0x00000240d43074d0, 0x00000240d4305a90, 0x00000240d43095a0,
0x00000240d4309c30, 0x00000240d43067b0, 0x00000240d430ca20, 0x00000240d430bd00,
0x00000240d430a950, 0x00000240d430c390, 0x00000240d430afe0, 0x00000240d430b670,
0x00000240e148edd0, 0x00000240e148e0b0, 0x00000240e148d390, 0x00000240e148e740,
0x00000240e148f460, 0x00000240e148bfe0, 0x00000240d7481480, 0x00000240d7483d60
}

Java Threads: ( => current thread )
  0x00000240f5c0ecc0 JavaThread "main"                              [_thread_blocked, id=22800, stack(0x000000fc3ed00000,0x000000fc3ee00000) (1024K)]
  0x00000240f5bbdcd0 JavaThread "Reference Handler"          daemon [_thread_blocked, id=22176, stack(0x000000fc3f100000,0x000000fc3f200000) (1024K)]
  0x00000240f5cb5300 JavaThread "Finalizer"                  daemon [_thread_blocked, id=19476, stack(0x000000fc3f200000,0x000000fc3f300000) (1024K)]
  0x00000240f5cb5f60 JavaThread "Signal Dispatcher"          daemon [_thread_blocked, id=6168, stack(0x000000fc3f300000,0x000000fc3f400000) (1024K)]
  0x00000240f5cb8ad0 JavaThread "Attach Listener"            daemon [_thread_blocked, id=8420, stack(0x000000fc3f400000,0x000000fc3f500000) (1024K)]
  0x00000240f5cb9530 JavaThread "Service Thread"             daemon [_thread_blocked, id=13720, stack(0x000000fc3f500000,0x000000fc3f600000) (1024K)]
  0x00000240f5cbc3a0 JavaThread "Monitor Deflation Thread"   daemon [_thread_blocked, id=21024, stack(0x000000fc3f600000,0x000000fc3f700000) (1024K)]
  0x00000240f5cbe6a0 JavaThread "C2 CompilerThread0"         daemon [_thread_blocked, id=408, stack(0x000000fc3f700000,0x000000fc3f800000) (1024K)]
  0x00000240fe9a12f0 JavaThread "C1 CompilerThread0"         daemon [_thread_blocked, id=4540, stack(0x000000fc3f800000,0x000000fc3f900000) (1024K)]
  0x00000240feb243f0 JavaThread "Common-Cleaner"             daemon [_thread_blocked, id=24220, stack(0x000000fc3fa00000,0x000000fc3fb00000) (1024K)]
  0x00000240febe7870 JavaThread "Notification Thread"        daemon [_thread_blocked, id=24924, stack(0x000000fc3fb00000,0x000000fc3fc00000) (1024K)]
  0x00000240d46715f0 JavaThread "Active Thread: Equinox Container: 947afed9-edbe-4ee8-a09b-45e8240a4fea"        [_thread_blocked, id=13880, stack(0x000000fc40300000,0x000000fc40400000) (1024K)]
  0x00000240fed1cff0 JavaThread "Refresh Thread: Equinox Container: 947afed9-edbe-4ee8-a09b-45e8240a4fea" daemon [_thread_blocked, id=16592, stack(0x000000fc40400000,0x000000fc40500000) (1024K)]
  0x00000240feb1eff0 JavaThread "Framework Event Dispatcher: Equinox Container: 947afed9-edbe-4ee8-a09b-45e8240a4fea" daemon [_thread_blocked, id=15040, stack(0x000000fc3f900000,0x000000fc3fa00000) (1024K)]
  0x00000240d491f0f0 JavaThread "Start Level: Equinox Container: 947afed9-edbe-4ee8-a09b-45e8240a4fea" daemon [_thread_blocked, id=24016, stack(0x000000fc40500000,0x000000fc40600000) (1024K)]
  0x00000240d5096790 JavaThread "Bundle File Closer"         daemon [_thread_blocked, id=11988, stack(0x000000fc40900000,0x000000fc40a00000) (1024K)]
  0x00000240d4fd11b0 JavaThread "SCR Component Actor"        daemon [_thread_blocked, id=8832, stack(0x000000fc40600000,0x000000fc40700000) (1024K)]
  0x00000240d4133df0 JavaThread "Worker-JM"                         [_thread_blocked, id=24932, stack(0x000000fc40b00000,0x000000fc40c00000) (1024K)]
  0x00000240d40fbda0 JavaThread "JNA Cleaner"                daemon [_thread_blocked, id=20332, stack(0x000000fc40a00000,0x000000fc40b00000) (1024K)]
  0x00000240d40fcac0 JavaThread "Worker-0"                          [_thread_blocked, id=21360, stack(0x000000fc40c00000,0x000000fc40d00000) (1024K)]
  0x00000240d40fc430 JavaThread "Worker-1"                          [_thread_blocked, id=4980, stack(0x000000fc40d00000,0x000000fc40e00000) (1024K)]
  0x00000240d40fde70 JavaThread "Java indexing"              daemon [_thread_blocked, id=12044, stack(0x000000fc41000000,0x000000fc41100000) (1024K)]
  0x00000240d40fb710 JavaThread "Worker-2"                          [_thread_blocked, id=24092, stack(0x000000fc41100000,0x000000fc41200000) (1024K)]
  0x00000240d40fd7e0 JavaThread "Worker-3"                          [_thread_blocked, id=23968, stack(0x000000fc41400000,0x000000fc41500000) (1024K)]
  0x00000240d40fe500 JavaThread "Worker-4"                          [_thread_blocked, id=24792, stack(0x000000fc41500000,0x000000fc41600000) (1024K)]
  0x00000240d40fb080 JavaThread "Thread-1"                   daemon [_thread_in_native, id=14872, stack(0x000000fc41600000,0x000000fc41700000) (1024K)]
  0x00000240d75c27a0 JavaThread "Thread-2"                   daemon [_thread_in_native, id=23896, stack(0x000000fc41700000,0x000000fc41800000) (1024K)]
  0x00000240d75c2e30 JavaThread "Thread-3"                   daemon [_thread_in_native, id=11404, stack(0x000000fc41800000,0x000000fc41900000) (1024K)]
  0x00000240d75c06d0 JavaThread "Thread-4"                   daemon [_thread_in_native, id=21596, stack(0x000000fc41900000,0x000000fc41a00000) (1024K)]
  0x00000240d75c1a80 JavaThread "Thread-5"                   daemon [_thread_in_native, id=17484, stack(0x000000fc41a00000,0x000000fc41b00000) (1024K)]
  0x00000240d75c13f0 JavaThread "Thread-6"                   daemon [_thread_in_native, id=15256, stack(0x000000fc41b00000,0x000000fc41c00000) (1024K)]
  0x00000240d75c2110 JavaThread "Thread-7"                   daemon [_thread_in_native, id=22276, stack(0x000000fc41c00000,0x000000fc41d00000) (1024K)]
  0x00000240d75c0040 JavaThread "Thread-8"                   daemon [_thread_in_native, id=23472, stack(0x000000fc41d00000,0x000000fc41e00000) (1024K)]
  0x00000240d75bf9b0 JavaThread "Thread-9"                   daemon [_thread_in_native, id=4152, stack(0x000000fc41e00000,0x000000fc41f00000) (1024K)]
  0x00000240d75c34c0 JavaThread "Thread-10"                  daemon [_thread_in_native, id=2132, stack(0x000000fc41f00000,0x000000fc42000000) (1024K)]
  0x00000240d75c3b50 JavaThread "Thread-11"                  daemon [_thread_in_native, id=21976, stack(0x000000fc42000000,0x000000fc42100000) (1024K)]
  0x00000240d75c41e0 JavaThread "Thread-12"                  daemon [_thread_in_native, id=21792, stack(0x000000fc42100000,0x000000fc42200000) (1024K)]
  0x00000240d75c0d60 JavaThread "Thread-13"                  daemon [_thread_in_native, id=10492, stack(0x000000fc42200000,0x000000fc42300000) (1024K)]
  0x00000240d75c62b0 JavaThread "pool-2-thread-1"                   [_thread_blocked, id=1272, stack(0x000000fc42300000,0x000000fc42400000) (1024K)]
  0x00000240d75c6fd0 JavaThread "WorkspaceEventsHandler"            [_thread_blocked, id=15872, stack(0x000000fc42400000,0x000000fc42500000) (1024K)]
  0x00000240d75c5590 JavaThread "pool-1-thread-1"                   [_thread_blocked, id=25160, stack(0x000000fc42500000,0x000000fc42600000) (1024K)]
  0x00000240d75c4870 JavaThread "ForkJoinPool.commonPool-worker-1" daemon [_thread_blocked, id=7440, stack(0x000000fc40f00000,0x000000fc41000000) (1024K)]
  0x00000240d75c4f00 JavaThread "ForkJoinPool.commonPool-worker-2" daemon [_thread_blocked, id=16856, stack(0x000000fc42600000,0x000000fc42700000) (1024K)]
  0x00000240d75c5c20 JavaThread "ForkJoinPool.commonPool-worker-3" daemon [_thread_blocked, id=11528, stack(0x000000fc42700000,0x000000fc42800000) (1024K)]
  0x00000240d75c6940 JavaThread "ForkJoinPool.commonPool-worker-4" daemon [_thread_blocked, id=17640, stack(0x000000fc42800000,0x000000fc42900000) (1024K)]
  0x00000240d48c2090 JavaThread "ForkJoinPool.commonPool-worker-5" daemon [_thread_blocked, id=21448, stack(0x000000fc42900000,0x000000fc42a00000) (1024K)]
  0x00000240d48c0ce0 JavaThread "ForkJoinPool.commonPool-worker-6" daemon [_thread_blocked, id=21328, stack(0x000000fc42a00000,0x000000fc42b00000) (1024K)]
  0x00000240d48c1370 JavaThread "ForkJoinPool.commonPool-worker-7" daemon [_thread_blocked, id=22264, stack(0x000000fc42b00000,0x000000fc42c00000) (1024K)]
  0x00000240d48c2720 JavaThread "ForkJoinPool.commonPool-worker-8" daemon [_thread_blocked, id=25100, stack(0x000000fc42c00000,0x000000fc42d00000) (1024K)]
  0x00000240d48c2db0 JavaThread "ForkJoinPool.commonPool-worker-9" daemon [_thread_blocked, id=5964, stack(0x000000fc42d00000,0x000000fc42e00000) (1024K)]
  0x00000240d48c1a00 JavaThread "ForkJoinPool.commonPool-worker-10" daemon [_thread_blocked, id=25592, stack(0x000000fc42e00000,0x000000fc42f00000) (1024K)]
  0x00000240d48c3440 JavaThread "ForkJoinPool.commonPool-worker-11" daemon [_thread_blocked, id=15756, stack(0x000000fc42f00000,0x000000fc43000000) (1024K)]
  0x00000240d48bffc0 JavaThread "LocalFile Deleter"          daemon [_thread_blocked, id=10600, stack(0x000000fc43100000,0x000000fc43200000) (1024K)]
  0x00000240d48c68c0 JavaThread "LocalFile Deleter"          daemon [_thread_blocked, id=10080, stack(0x000000fc43200000,0x000000fc43300000) (1024K)]
  0x00000240d48c6f50 JavaThread "LocalFile Deleter"          daemon [_thread_blocked, id=17080, stack(0x000000fc43300000,0x000000fc43400000) (1024K)]
  0x00000240d48c6230 JavaThread "LocalFile Deleter"          daemon [_thread_blocked, id=9660, stack(0x000000fc43400000,0x000000fc43500000) (1024K)]
  0x00000240d48c3ad0 JavaThread "LocalFile Deleter"          daemon [_thread_blocked, id=12216, stack(0x000000fc43500000,0x000000fc43600000) (1024K)]
  0x00000240d48c75e0 JavaThread "LocalFile Deleter"          daemon [_thread_blocked, id=11028, stack(0x000000fc43600000,0x000000fc43700000) (1024K)]
  0x00000240d48c4160 JavaThread "LocalFile Deleter"          daemon [_thread_blocked, id=15488, stack(0x000000fc43700000,0x000000fc43800000) (1024K)]
  0x00000240d48c47f0 JavaThread "LocalFile Deleter"          daemon [_thread_blocked, id=10372, stack(0x000000fc43800000,0x000000fc43900000) (1024K)]
  0x00000240d48c4e80 JavaThread "LocalFile Deleter"          daemon [_thread_blocked, id=2616, stack(0x000000fc43900000,0x000000fc43a00000) (1024K)]
  0x00000240d48c5510 JavaThread "LocalFile Deleter"          daemon [_thread_blocked, id=19132, stack(0x000000fc43a00000,0x000000fc43b00000) (1024K)]
  0x00000240d48c5ba0 JavaThread "LocalFile Deleter"          daemon [_thread_blocked, id=20880, stack(0x000000fc43b00000,0x000000fc43c00000) (1024K)]
  0x00000240d43081f0 JavaThread "LocalFile Deleter"          daemon [_thread_blocked, id=24500, stack(0x000000fc43c00000,0x000000fc43d00000) (1024K)]
  0x00000240d4305400 JavaThread "Compiler Source File Reader" daemon [_thread_blocked, id=14876, stack(0x000000fc43d00000,0x000000fc43e00000) (1024K)]
  0x00000240d4308880 JavaThread "Compiler Source File Reader" daemon [_thread_blocked, id=14224, stack(0x000000fc43e00000,0x000000fc43f00000) (1024K)]
  0x00000240d4306120 JavaThread "Compiler Source File Reader" daemon [_thread_blocked, id=13784, stack(0x000000fc43f00000,0x000000fc44000000) (1024K)]
  0x00000240d4308f10 JavaThread "Compiler Source File Reader" daemon [_thread_blocked, id=11296, stack(0x000000fc44000000,0x000000fc44100000) (1024K)]
  0x00000240d4306e40 JavaThread "Compiler Source File Reader" daemon [_thread_blocked, id=14948, stack(0x000000fc44100000,0x000000fc44200000) (1024K)]
  0x00000240d43074d0 JavaThread "Compiler Source File Reader" daemon [_thread_blocked, id=7304, stack(0x000000fc44200000,0x000000fc44300000) (1024K)]
  0x00000240d4305a90 JavaThread "Compiler Source File Reader" daemon [_thread_blocked, id=21552, stack(0x000000fc44300000,0x000000fc44400000) (1024K)]
  0x00000240d43095a0 JavaThread "Compiler Source File Reader" daemon [_thread_blocked, id=8040, stack(0x000000fc44400000,0x000000fc44500000) (1024K)]
  0x00000240d4309c30 JavaThread "Compiler Source File Reader" daemon [_thread_blocked, id=8760, stack(0x000000fc44500000,0x000000fc44600000) (1024K)]
  0x00000240d43067b0 JavaThread "Compiler Source File Reader" daemon [_thread_blocked, id=19792, stack(0x000000fc44600000,0x000000fc44700000) (1024K)]
  0x00000240d430ca20 JavaThread "Cleaner-0"                  daemon [_thread_blocked, id=22284, stack(0x000000fc44700000,0x000000fc44800000) (1024K)]
  0x00000240d430bd00 JavaThread "Compiler Processing Task"   daemon [_thread_blocked, id=4036, stack(0x000000fc3ea00000,0x000000fc3eb00000) (1024K)]
  0x00000240d430a950 JavaThread "Compiler Class File Writer" daemon [_thread_blocked, id=11016, stack(0x000000fc44800000,0x000000fc44900000) (1024K)]
  0x00000240d430c390 JavaThread "Compiler Class File Writer" daemon [_thread_blocked, id=17072, stack(0x000000fc44900000,0x000000fc44a00000) (1024K)]
  0x00000240d430afe0 JavaThread "Compiler Class File Writer" daemon [_thread_blocked, id=23808, stack(0x000000fc44a00000,0x000000fc44b00000) (1024K)]
  0x00000240d430b670 JavaThread "Compiler Class File Writer" daemon [_thread_blocked, id=14412, stack(0x000000fc44b00000,0x000000fc44c00000) (1024K)]
  0x00000240e148edd0 JavaThread "Compiler Class File Writer" daemon [_thread_blocked, id=17852, stack(0x000000fc44c00000,0x000000fc44d00000) (1024K)]
  0x00000240e148e0b0 JavaThread "Compiler Class File Writer" daemon [_thread_blocked, id=15268, stack(0x000000fc44d00000,0x000000fc44e00000) (1024K)]
  0x00000240e148d390 JavaThread "Compiler Class File Writer" daemon [_thread_blocked, id=21076, stack(0x000000fc44e00000,0x000000fc44f00000) (1024K)]
  0x00000240e148e740 JavaThread "Compiler Class File Writer" daemon [_thread_blocked, id=15624, stack(0x000000fc44f00000,0x000000fc45000000) (1024K)]
  0x00000240e148f460 JavaThread "Compiler Class File Writer" daemon [_thread_blocked, id=5256, stack(0x000000fc45000000,0x000000fc45100000) (1024K)]
  0x00000240e148bfe0 JavaThread "Compiler Class File Writer" daemon [_thread_blocked, id=10656, stack(0x000000fc45100000,0x000000fc45200000) (1024K)]
=>0x00000240d7481480 JavaThread "C2 CompilerThread1"         daemon [_thread_in_native, id=20316, stack(0x000000fc3eb00000,0x000000fc3ec00000) (1024K)]
  0x00000240d7483d60 JavaThread "C2 CompilerThread2"         daemon [_thread_blocked, id=14488, stack(0x000000fc3ec00000,0x000000fc3ed00000) (1024K)]
Total: 88

Other Threads:
  0x00000240fe940d70 VMThread "VM Thread"                           [id=17668, stack(0x000000fc3f000000,0x000000fc3f100000) (1024K)]
  0x00000240f5a9ca00 WatcherThread "VM Periodic Task Thread"        [id=24360, stack(0x000000fc3ef00000,0x000000fc3f000000) (1024K)]
  0x00000240f5c2dc80 WorkerThread "GC Thread#0"                     [id=6140, stack(0x000000fc3ee00000,0x000000fc3ef00000) (1024K)]
  0x00000240d452ce80 WorkerThread "GC Thread#1"                     [id=3908, stack(0x000000fc3fc00000,0x000000fc3fd00000) (1024K)]
  0x00000240d47ed460 WorkerThread "GC Thread#2"                     [id=14156, stack(0x000000fc3fd00000,0x000000fc3fe00000) (1024K)]
  0x00000240d47fdaf0 WorkerThread "GC Thread#3"                     [id=21004, stack(0x000000fc3fe00000,0x000000fc3ff00000) (1024K)]
  0x00000240d47fdea0 WorkerThread "GC Thread#4"                     [id=20952, stack(0x000000fc3ff00000,0x000000fc40000000) (1024K)]
  0x00000240d47fe250 WorkerThread "GC Thread#5"                     [id=25216, stack(0x000000fc40000000,0x000000fc40100000) (1024K)]
  0x00000240d47fe600 WorkerThread "GC Thread#6"                     [id=18444, stack(0x000000fc40100000,0x000000fc40200000) (1024K)]
  0x00000240d4650590 WorkerThread "GC Thread#7"                     [id=15088, stack(0x000000fc40200000,0x000000fc40300000) (1024K)]
  0x00000240d4a2b070 WorkerThread "GC Thread#8"                     [id=1452, stack(0x000000fc40700000,0x000000fc40800000) (1024K)]
  0x00000240d4c2d560 WorkerThread "GC Thread#9"                     [id=24996, stack(0x000000fc40800000,0x000000fc40900000) (1024K)]
Total: 12

Threads with active compile tasks:
C2 CompilerThread0  63519 14469   !   4       org.eclipse.jdt.internal.compiler.lookup.BinaryTypeBinding::createMethods (411 bytes)
C2 CompilerThread1  63519 14382       4       org.eclipse.jdt.internal.compiler.classfmt.ModuleInfo::readModuleAttribute (1166 bytes)
C2 CompilerThread2  63519 14142       4       org.eclipse.jdt.internal.compiler.lookup.LookupEnvironment::getTypeFromTypeSignature (770 bytes)
Total: 3

VM state: at safepoint (normal execution)

VM Mutex/Monitor currently owned by a thread:  ([mutex/lock_event])
[0x00007ff89ba0e560] Threads_lock - owner thread: 0x00000240fe940d70
[0x00007ff89ba0e660] Heap_lock - owner thread: 0x00000240d75c4870
[0x00007ff89ba0eae0] PSOldGenExpand_lock - owner thread: 0x00000240d452ce80

Heap address: 0x0000000080000000, size: 2048 MB, Compressed Oops mode: 32-bit

CDS archive(s) mapped at: [0x000002408f000000-0x000002408fba0000-0x000002408fba0000), size 12189696, SharedBaseAddress: 0x000002408f000000, ArchiveRelocationMode: 1.
Compressed class space mapped at: 0x0000024090000000-0x00000240d0000000, reserved size: 1073741824
Narrow klass base: 0x000002408f000000, Narrow klass shift: 0, Narrow klass range: 0x100000000

GC Precious Log:
 CardTable entry size: 512
 CPUs: 12 total, 12 available
 Memory: 8002M
 Large Page Support: Disabled
 NUMA Support: Disabled
 Compressed Oops: Enabled (32-bit)
 Alignments: Space 512K, Generation 512K, Heap 2M
 Heap Min Capacity: 100M
 Heap Initial Capacity: 100M
 Heap Max Capacity: 2G
 Pre-touch: Disabled
 Parallel Workers: 10

Heap:
 PSYoungGen      total 3584K, used 3204K [0x00000000d5580000, 0x00000000d5a80000, 0x0000000100000000)
  eden space 2560K, 100% used [0x00000000d5580000,0x00000000d5800000,0x00000000d5800000)
  from space 1024K, 62% used [0x00000000d5800000,0x00000000d58a1210,0x00000000d5900000)
  to   space 1024K, 43% used [0x00000000d5980000,0x00000000d59f0000,0x00000000d5a80000)
 ParOldGen       total 248832K, used 248828K [0x0000000080000000, 0x000000008f300000, 0x00000000d5580000)
  object space 248832K, 99% used [0x0000000080000000,0x000000008f2ff0c0,0x000000008f300000)
 Metaspace       used 72021K, committed 73600K, reserved 1179648K
  class space    used 7527K, committed 8256K, reserved 1048576K

Card table byte_map: [0x00000240f55b0000,0x00000240f59c0000] _byte_map_base: 0x00000240f51b0000

Marking Bits: (ParMarkBitMap*) 0x00007ff89ba13450
 Begin Bits: [0x00000240f90c0000, 0x00000240fb0c0000)
 End Bits:   [0x00000240fb0c0000, 0x00000240fd0c0000)

Polling page: 0x00000240f3990000

Metaspace:

Usage:
  Non-class:     62.98 MB used.
      Class:      7.35 MB used.
       Both:     70.33 MB used.

Virtual space:
  Non-class space:      128.00 MB reserved,      63.81 MB ( 50%) committed,  2 nodes.
      Class space:        1.00 GB reserved,       8.06 MB ( <1%) committed,  1 nodes.
             Both:        1.12 GB reserved,      71.88 MB (  6%) committed. 

Chunk freelists:
   Non-Class:  15.31 MB
       Class:  7.92 MB
        Both:  23.23 MB

MaxMetaspaceSize: unlimited
CompressedClassSpaceSize: 1.00 GB
Initial GC threshold: 21.00 MB
Current GC threshold: 97.31 MB
CDS: on
 - commit_granule_bytes: 65536.
 - commit_granule_words: 8192.
 - virtual_space_node_default_size: 8388608.
 - enlarge_chunks_in_place: 1.
 - use_allocation_guard: 0.


Internal statistics:

num_allocs_failed_limit: 9.
num_arena_births: 1438.
num_arena_deaths: 62.
num_vsnodes_births: 3.
num_vsnodes_deaths: 0.
num_space_committed: 1150.
num_space_uncommitted: 0.
num_chunks_returned_to_freelist: 93.
num_chunks_taken_from_freelist: 5142.
num_chunk_merges: 40.
num_chunk_splits: 3002.
num_chunks_enlarged: 1513.
num_inconsistent_stats: 0.

CodeHeap 'non-profiled nmethods': size=120000Kb used=7839Kb max_used=7839Kb free=112160Kb
 bounds [0x0000024087ad0000, 0x0000024088280000, 0x000002408f000000]
CodeHeap 'profiled nmethods': size=120000Kb used=30589Kb max_used=30589Kb free=89410Kb
 bounds [0x0000024080000000, 0x0000024081de0000, 0x0000024087530000]
CodeHeap 'non-nmethods': size=5760Kb used=1473Kb max_used=1589Kb free=4287Kb
 bounds [0x0000024087530000, 0x00000240877a0000, 0x0000024087ad0000]
CodeCache: size=245760Kb, used=39901Kb, max_used=40017Kb, free=205857Kb
 total_blobs=14355, nmethods=13566, adapters=691, full_count=0
Compilation: enabled, stopped_count=0, restarted_count=0

Compilation events (20 events):
Event: 62.326 Thread 0x00000240fe9a12f0 14484       2       org.eclipse.jdt.internal.compiler.lookup.ImplicitNullAnnotationVerifier::<init> (20 bytes)
Event: 62.326 Thread 0x00000240fe9a12f0 nmethod 14484 0x0000024081ddc990 code [0x0000024081ddcb20, 0x0000024081ddcc58]
Event: 62.326 Thread 0x00000240fe9a12f0 14485       2       org.eclipse.jdt.internal.compiler.flow.ExceptionHandlingFlowContext::<init> (290 bytes)
Event: 62.329 Thread 0x00000240fe9a12f0 nmethod 14485 0x0000024081ddcd10 code [0x0000024081ddcf60, 0x0000024081dddc90]
Event: 62.329 Thread 0x00000240fe9a12f0 14488       1       org.eclipse.jdt.core.dom.LineComment::getNodeType0 (3 bytes)
Event: 62.329 Thread 0x00000240fe9a12f0 nmethod 14488 0x0000024088274010 code [0x00000240882741a0, 0x0000024088274268]
Event: 62.329 Thread 0x00000240fe9a12f0 14487       2       org.eclipse.jdt.internal.compiler.ClassFile::generateMethodInfoHeader (10 bytes)
Event: 62.329 Thread 0x00000240fe9a12f0 nmethod 14487 0x0000024081dde490 code [0x0000024081dde640, 0x0000024081dde770]
Event: 62.329 Thread 0x00000240fe9a12f0 14489       1       org.eclipse.jdt.core.dom.Modifier::getNodeType0 (3 bytes)
Event: 62.329 Thread 0x00000240fe9a12f0 nmethod 14489 0x0000024088274310 code [0x00000240882744a0, 0x0000024088274568]
Event: 62.329 Thread 0x00000240fe9a12f0 14486       2       org.eclipse.jdt.internal.compiler.flow.ExceptionHandlingFlowContext::<init> (18 bytes)
Event: 62.330 Thread 0x00000240fe9a12f0 nmethod 14486 0x0000024081dde890 code [0x0000024081ddea40, 0x0000024081ddeb90]
Event: 62.330 Thread 0x00000240fe9a12f0 14491       1       org.eclipse.jdt.core.dom.VariableDeclaration::getInitializer (5 bytes)
Event: 62.330 Thread 0x00000240fe9a12f0 nmethod 14491 0x0000024088274610 code [0x00000240882747a0, 0x0000024088274868]
Event: 62.331 Thread 0x00000240fe9a12f0 14492       2       org.eclipse.jdt.core.dom.DefaultBindingResolver$AnnotationIdentityBinding::equals (25 bytes)
Event: 62.331 Thread 0x00000240fe9a12f0 nmethod 14492 0x0000024081ddec90 code [0x0000024081ddee40, 0x0000024081ddf010]
Event: 62.333 Thread 0x00000240fe9a12f0 14493       2       java.io.Writer::<init> (47 bytes)
Event: 62.333 Thread 0x00000240fe9a12f0 nmethod 14493 0x0000024081ddf110 code [0x0000024081ddf2c0, 0x0000024081ddf5e0]
Event: 62.338 Thread 0x00000240f5cbe6a0 nmethod 14184 0x0000024088274910 code [0x0000024088274bc0, 0x00000240882768e8]
Event: 62.339 Thread 0x00000240f5cbe6a0 14156       4       org.eclipse.jdt.internal.compiler.lookup.ParameterizedTypeBinding::initialize (293 bytes)

GC Heap History (20 events):
Event: 62.130 GC heap after
{Heap after GC invocations=340 (full 3):
 PSYoungGen      total 3072K, used 256K [0x00000000d5580000, 0x00000000d5900000, 0x0000000100000000)
  eden space 2048K, 0% used [0x00000000d5580000,0x00000000d5580000,0x00000000d5780000)
  from space 1024K, 25% used [0x00000000d5780000,0x00000000d57c0000,0x00000000d5880000)
  to   space 512K, 0% used [0x00000000d5880000,0x00000000d5880000,0x00000000d5900000)
 ParOldGen       total 245760K, used 245531K [0x0000000080000000, 0x000000008f000000, 0x00000000d5580000)
  object space 245760K, 99% used [0x0000000080000000,0x000000008efc6c70,0x000000008f000000)
 Metaspace       used 71972K, committed 73536K, reserved 1179648K
  class space    used 7527K, committed 8256K, reserved 1048576K
}
Event: 62.165 GC heap before
{Heap before GC invocations=341 (full 3):
 PSYoungGen      total 3072K, used 2304K [0x00000000d5580000, 0x00000000d5900000, 0x0000000100000000)
  eden space 2048K, 100% used [0x00000000d5580000,0x00000000d5780000,0x00000000d5780000)
  from space 1024K, 25% used [0x00000000d5780000,0x00000000d57c0000,0x00000000d5880000)
  to   space 512K, 0% used [0x00000000d5880000,0x00000000d5880000,0x00000000d5900000)
 ParOldGen       total 245760K, used 245531K [0x0000000080000000, 0x000000008f000000, 0x00000000d5580000)
  object space 245760K, 99% used [0x0000000080000000,0x000000008efc6c70,0x000000008f000000)
 Metaspace       used 71987K, committed 73600K, reserved 1179648K
  class space    used 7527K, committed 8256K, reserved 1048576K
}
Event: 62.167 GC heap after
{Heap after GC invocations=341 (full 3):
 PSYoungGen      total 2560K, used 384K [0x00000000d5580000, 0x00000000d5900000, 0x0000000100000000)
  eden space 2048K, 0% used [0x00000000d5580000,0x00000000d5580000,0x00000000d5780000)
  from space 512K, 75% used [0x00000000d5880000,0x00000000d58e0000,0x00000000d5900000)
  to   space 512K, 0% used [0x00000000d5800000,0x00000000d5800000,0x00000000d5880000)
 ParOldGen       total 245760K, used 245683K [0x0000000080000000, 0x000000008f000000, 0x00000000d5580000)
  object space 245760K, 99% used [0x0000000080000000,0x000000008efecc70,0x000000008f000000)
 Metaspace       used 71987K, committed 73600K, reserved 1179648K
  class space    used 7527K, committed 8256K, reserved 1048576K
}
Event: 62.171 GC heap before
{Heap before GC invocations=342 (full 3):
 PSYoungGen      total 2560K, used 2432K [0x00000000d5580000, 0x00000000d5900000, 0x0000000100000000)
  eden space 2048K, 100% used [0x00000000d5580000,0x00000000d5780000,0x00000000d5780000)
  from space 512K, 75% used [0x00000000d5880000,0x00000000d58e0000,0x00000000d5900000)
  to   space 512K, 0% used [0x00000000d5800000,0x00000000d5800000,0x00000000d5880000)
 ParOldGen       total 245760K, used 245683K [0x0000000080000000, 0x000000008f000000, 0x00000000d5580000)
  object space 245760K, 99% used [0x0000000080000000,0x000000008efecc70,0x000000008f000000)
 Metaspace       used 71987K, committed 73600K, reserved 1179648K
  class space    used 7527K, committed 8256K, reserved 1048576K
}
Event: 62.174 GC heap after
{Heap after GC invocations=342 (full 3):
 PSYoungGen      total 2560K, used 320K [0x00000000d5580000, 0x00000000d5900000, 0x0000000100000000)
  eden space 2048K, 0% used [0x00000000d5580000,0x00000000d5580000,0x00000000d5780000)
  from space 512K, 62% used [0x00000000d5800000,0x00000000d5850000,0x00000000d5880000)
  to   space 512K, 0% used [0x00000000d5880000,0x00000000d5880000,0x00000000d5900000)
 ParOldGen       total 246272K, used 245987K [0x0000000080000000, 0x000000008f080000, 0x00000000d5580000)
  object space 246272K, 99% used [0x0000000080000000,0x000000008f038c70,0x000000008f080000)
 Metaspace       used 71987K, committed 73600K, reserved 1179648K
  class space    used 7527K, committed 8256K, reserved 1048576K
}
Event: 62.186 GC heap before
{Heap before GC invocations=343 (full 3):
 PSYoungGen      total 2560K, used 2368K [0x00000000d5580000, 0x00000000d5900000, 0x0000000100000000)
  eden space 2048K, 100% used [0x00000000d5580000,0x00000000d5780000,0x00000000d5780000)
  from space 512K, 62% used [0x00000000d5800000,0x00000000d5850000,0x00000000d5880000)
  to   space 512K, 0% used [0x00000000d5880000,0x00000000d5880000,0x00000000d5900000)
 ParOldGen       total 246272K, used 245987K [0x0000000080000000, 0x000000008f080000, 0x00000000d5580000)
  object space 246272K, 99% used [0x0000000080000000,0x000000008f038c70,0x000000008f080000)
 Metaspace       used 72001K, committed 73600K, reserved 1179648K
  class space    used 7527K, committed 8256K, reserved 1048576K
}
Event: 62.187 GC heap after
{Heap after GC invocations=343 (full 3):
 PSYoungGen      total 2560K, used 468K [0x00000000d5580000, 0x00000000d5900000, 0x0000000100000000)
  eden space 2048K, 0% used [0x00000000d5580000,0x00000000d5580000,0x00000000d5780000)
  from space 512K, 91% used [0x00000000d5880000,0x00000000d58f5200,0x00000000d5900000)
  to   space 512K, 0% used [0x00000000d5800000,0x00000000d5800000,0x00000000d5880000)
 ParOldGen       total 246272K, used 246083K [0x0000000080000000, 0x000000008f080000, 0x00000000d5580000)
  object space 246272K, 99% used [0x0000000080000000,0x000000008f050c70,0x000000008f080000)
 Metaspace       used 72001K, committed 73600K, reserved 1179648K
  class space    used 7527K, committed 8256K, reserved 1048576K
}
Event: 62.198 GC heap before
{Heap before GC invocations=344 (full 3):
 PSYoungGen      total 2560K, used 2516K [0x00000000d5580000, 0x00000000d5900000, 0x0000000100000000)
  eden space 2048K, 100% used [0x00000000d5580000,0x00000000d5780000,0x00000000d5780000)
  from space 512K, 91% used [0x00000000d5880000,0x00000000d58f5200,0x00000000d5900000)
  to   space 512K, 0% used [0x00000000d5800000,0x00000000d5800000,0x00000000d5880000)
 ParOldGen       total 246272K, used 246083K [0x0000000080000000, 0x000000008f080000, 0x00000000d5580000)
  object space 246272K, 99% used [0x0000000080000000,0x000000008f050c70,0x000000008f080000)
 Metaspace       used 72001K, committed 73600K, reserved 1179648K
  class space    used 7527K, committed 8256K, reserved 1048576K
}
Event: 62.201 GC heap after
{Heap after GC invocations=344 (full 3):
 PSYoungGen      total 2560K, used 416K [0x00000000d5580000, 0x00000000d5900000, 0x0000000100000000)
  eden space 2048K, 0% used [0x00000000d5580000,0x00000000d5580000,0x00000000d5780000)
  from space 512K, 81% used [0x00000000d5800000,0x00000000d5868000,0x00000000d5880000)
  to   space 512K, 0% used [0x00000000d5880000,0x00000000d5880000,0x00000000d5900000)
 ParOldGen       total 246784K, used 246383K [0x0000000080000000, 0x000000008f100000, 0x00000000d5580000)
  object space 246784K, 99% used [0x0000000080000000,0x000000008f09be80,0x000000008f100000)
 Metaspace       used 72001K, committed 73600K, reserved 1179648K
  class space    used 7527K, committed 8256K, reserved 1048576K
}
Event: 62.212 GC heap before
{Heap before GC invocations=345 (full 3):
 PSYoungGen      total 2560K, used 2464K [0x00000000d5580000, 0x00000000d5900000, 0x0000000100000000)
  eden space 2048K, 100% used [0x00000000d5580000,0x00000000d5780000,0x00000000d5780000)
  from space 512K, 81% used [0x00000000d5800000,0x00000000d5868000,0x00000000d5880000)
  to   space 512K, 0% used [0x00000000d5880000,0x00000000d5880000,0x00000000d5900000)
 ParOldGen       total 246784K, used 246383K [0x0000000080000000, 0x000000008f100000, 0x00000000d5580000)
  object space 246784K, 99% used [0x0000000080000000,0x000000008f09be80,0x000000008f100000)
 Metaspace       used 72001K, committed 73600K, reserved 1179648K
  class space    used 7527K, committed 8256K, reserved 1048576K
}
Event: 62.213 GC heap after
{Heap after GC invocations=345 (full 3):
 PSYoungGen      total 2560K, used 352K [0x00000000d5580000, 0x00000000d5900000, 0x0000000100000000)
  eden space 2048K, 0% used [0x00000000d5580000,0x00000000d5580000,0x00000000d5780000)
  from space 512K, 68% used [0x00000000d5880000,0x00000000d58d8000,0x00000000d5900000)
  to   space 512K, 0% used [0x00000000d5800000,0x00000000d5800000,0x00000000d5880000)
 ParOldGen       total 246784K, used 246751K [0x0000000080000000, 0x000000008f100000, 0x00000000d5580000)
  object space 246784K, 99% used [0x0000000080000000,0x000000008f0f7e80,0x000000008f100000)
 Metaspace       used 72001K, committed 73600K, reserved 1179648K
  class space    used 7527K, committed 8256K, reserved 1048576K
}
Event: 62.218 GC heap before
{Heap before GC invocations=346 (full 3):
 PSYoungGen      total 2560K, used 2400K [0x00000000d5580000, 0x00000000d5900000, 0x0000000100000000)
  eden space 2048K, 100% used [0x00000000d5580000,0x00000000d5780000,0x00000000d5780000)
  from space 512K, 68% used [0x00000000d5880000,0x00000000d58d8000,0x00000000d5900000)
  to   space 512K, 0% used [0x00000000d5800000,0x00000000d5800000,0x00000000d5880000)
 ParOldGen       total 246784K, used 246751K [0x0000000080000000, 0x000000008f100000, 0x00000000d5580000)
  object space 246784K, 99% used [0x0000000080000000,0x000000008f0f7e80,0x000000008f100000)
 Metaspace       used 72001K, committed 73600K, reserved 1179648K
  class space    used 7527K, committed 8256K, reserved 1048576K
}
Event: 62.219 GC heap after
{Heap after GC invocations=346 (full 3):
 PSYoungGen      total 2560K, used 288K [0x00000000d5580000, 0x00000000d5900000, 0x0000000100000000)
  eden space 2048K, 0% used [0x00000000d5580000,0x00000000d5580000,0x00000000d5780000)
  from space 512K, 56% used [0x00000000d5800000,0x00000000d5848000,0x00000000d5880000)
  to   space 512K, 0% used [0x00000000d5880000,0x00000000d5880000,0x00000000d5900000)
 ParOldGen       total 247296K, used 246903K [0x0000000080000000, 0x000000008f180000, 0x00000000d5580000)
  object space 247296K, 99% used [0x0000000080000000,0x000000008f11de80,0x000000008f180000)
 Metaspace       used 72001K, committed 73600K, reserved 1179648K
  class space    used 7527K, committed 8256K, reserved 1048576K
}
Event: 62.225 GC heap before
{Heap before GC invocations=347 (full 3):
 PSYoungGen      total 2560K, used 2336K [0x00000000d5580000, 0x00000000d5900000, 0x0000000100000000)
  eden space 2048K, 100% used [0x00000000d5580000,0x00000000d5780000,0x00000000d5780000)
  from space 512K, 56% used [0x00000000d5800000,0x00000000d5848000,0x00000000d5880000)
  to   space 512K, 0% used [0x00000000d5880000,0x00000000d5880000,0x00000000d5900000)
 ParOldGen       total 247296K, used 246903K [0x0000000080000000, 0x000000008f180000, 0x00000000d5580000)
  object space 247296K, 99% used [0x0000000080000000,0x000000008f11de80,0x000000008f180000)
 Metaspace       used 72001K, committed 73600K, reserved 1179648K
  class space    used 7527K, committed 8256K, reserved 1048576K
}
Event: 62.227 GC heap after
{Heap after GC invocations=347 (full 3):
 PSYoungGen      total 3072K, used 288K [0x00000000d5580000, 0x00000000d5900000, 0x0000000100000000)
  eden space 2560K, 0% used [0x00000000d5580000,0x00000000d5580000,0x00000000d5800000)
  from space 512K, 56% used [0x00000000d5880000,0x00000000d58c8000,0x00000000d5900000)
  to   space 512K, 0% used [0x00000000d5800000,0x00000000d5800000,0x00000000d5880000)
 ParOldGen       total 247296K, used 247071K [0x0000000080000000, 0x000000008f180000, 0x00000000d5580000)
  object space 247296K, 99% used [0x0000000080000000,0x000000008f147e80,0x000000008f180000)
 Metaspace       used 72001K, committed 73600K, reserved 1179648K
  class space    used 7527K, committed 8256K, reserved 1048576K
}
Event: 62.240 GC heap before
{Heap before GC invocations=348 (full 3):
 PSYoungGen      total 3072K, used 2848K [0x00000000d5580000, 0x00000000d5900000, 0x0000000100000000)
  eden space 2560K, 100% used [0x00000000d5580000,0x00000000d5800000,0x00000000d5800000)
  from space 512K, 56% used [0x00000000d5880000,0x00000000d58c8000,0x00000000d5900000)
  to   space 512K, 0% used [0x00000000d5800000,0x00000000d5800000,0x00000000d5880000)
 ParOldGen       total 247296K, used 247071K [0x0000000080000000, 0x000000008f180000, 0x00000000d5580000)
  object space 247296K, 99% used [0x0000000080000000,0x000000008f147e80,0x000000008f180000)
 Metaspace       used 72001K, committed 73600K, reserved 1179648K
  class space    used 7527K, committed 8256K, reserved 1048576K
}
Event: 62.242 GC heap after
{Heap after GC invocations=348 (full 3):
 PSYoungGen      total 3072K, used 512K [0x00000000d5580000, 0x00000000d5a00000, 0x0000000100000000)
  eden space 2560K, 0% used [0x00000000d5580000,0x00000000d5580000,0x00000000d5800000)
  from space 512K, 100% used [0x00000000d5800000,0x00000000d5880000,0x00000000d5880000)
  to   space 1024K, 0% used [0x00000000d5900000,0x00000000d5900000,0x00000000d5a00000)
 ParOldGen       total 247808K, used 247311K [0x0000000080000000, 0x000000008f200000, 0x00000000d5580000)
  object space 247808K, 99% used [0x0000000080000000,0x000000008f183ea0,0x000000008f200000)
 Metaspace       used 72001K, committed 73600K, reserved 1179648K
  class space    used 7527K, committed 8256K, reserved 1048576K
}
Event: 62.269 GC heap before
{Heap before GC invocations=349 (full 3):
 PSYoungGen      total 3072K, used 3072K [0x00000000d5580000, 0x00000000d5a00000, 0x0000000100000000)
  eden space 2560K, 100% used [0x00000000d5580000,0x00000000d5800000,0x00000000d5800000)
  from space 512K, 100% used [0x00000000d5800000,0x00000000d5880000,0x00000000d5880000)
  to   space 1024K, 0% used [0x00000000d5900000,0x00000000d5900000,0x00000000d5a00000)
 ParOldGen       total 247808K, used 247311K [0x0000000080000000, 0x000000008f200000, 0x00000000d5580000)
  object space 247808K, 99% used [0x0000000080000000,0x000000008f183ea0,0x000000008f200000)
 Metaspace       used 72005K, committed 73600K, reserved 1179648K
  class space    used 7527K, committed 8256K, reserved 1048576K
}
Event: 62.272 GC heap after
{Heap after GC invocations=349 (full 3):
 PSYoungGen      total 3584K, used 864K [0x00000000d5580000, 0x00000000d5a00000, 0x0000000100000000)
  eden space 2560K, 0% used [0x00000000d5580000,0x00000000d5580000,0x00000000d5800000)
  from space 1024K, 84% used [0x00000000d5900000,0x00000000d59d8000,0x00000000d5a00000)
  to   space 1024K, 0% used [0x00000000d5800000,0x00000000d5800000,0x00000000d5900000)
 ParOldGen       total 248320K, used 247823K [0x0000000080000000, 0x000000008f280000, 0x00000000d5580000)
  object space 248320K, 99% used [0x0000000080000000,0x000000008f203ea0,0x000000008f280000)
 Metaspace       used 72005K, committed 73600K, reserved 1179648K
  class space    used 7527K, committed 8256K, reserved 1048576K
}
Event: 62.343 GC heap before
{Heap before GC invocations=350 (full 3):
 PSYoungGen      total 3584K, used 3424K [0x00000000d5580000, 0x00000000d5a00000, 0x0000000100000000)
  eden space 2560K, 100% used [0x00000000d5580000,0x00000000d5800000,0x00000000d5800000)
  from space 1024K, 84% used [0x00000000d5900000,0x00000000d59d8000,0x00000000d5a00000)
  to   space 1024K, 0% used [0x00000000d5800000,0x00000000d5800000,0x00000000d5900000)
 ParOldGen       total 248320K, used 247823K [0x0000000080000000, 0x000000008f280000, 0x00000000d5580000)
  object space 248320K, 99% used [0x0000000080000000,0x000000008f203ea0,0x000000008f280000)
 Metaspace       used 72021K, committed 73600K, reserved 1179648K
  class space    used 7527K, committed 8256K, reserved 1048576K
}

Dll operation events (10 events):
Event: 0.020 Loaded shared library c:\Users\luisa\.vscode\extensions\redhat.java-1.54.0-win32-x64\jre\21.0.10-win32-x86_64\bin\java.dll
Event: 0.235 Loaded shared library c:\Users\luisa\.vscode\extensions\redhat.java-1.54.0-win32-x64\jre\21.0.10-win32-x86_64\bin\zip.dll
Event: 0.278 Loaded shared library C:\Users\luisa\.vscode\extensions\redhat.java-1.54.0-win32-x64\jre\21.0.10-win32-x86_64\bin\instrument.dll
Event: 0.286 Loaded shared library C:\Users\luisa\.vscode\extensions\redhat.java-1.54.0-win32-x64\jre\21.0.10-win32-x86_64\bin\net.dll
Event: 0.292 Loaded shared library C:\Users\luisa\.vscode\extensions\redhat.java-1.54.0-win32-x64\jre\21.0.10-win32-x86_64\bin\nio.dll
Event: 0.298 Loaded shared library C:\Users\luisa\.vscode\extensions\redhat.java-1.54.0-win32-x64\jre\21.0.10-win32-x86_64\bin\zip.dll
Event: 0.382 Loaded shared library C:\Users\luisa\.vscode\extensions\redhat.java-1.54.0-win32-x64\jre\21.0.10-win32-x86_64\bin\jimage.dll
Event: 0.584 Loaded shared library c:\Users\luisa\.vscode\extensions\redhat.java-1.54.0-win32-x64\jre\21.0.10-win32-x86_64\bin\verify.dll
Event: 4.072 Loaded shared library C:\Users\luisa\AppData\Roaming\Code\User\globalStorage\redhat.java\1.54.0\config_win\org.eclipse.equinox.launcher\org.eclipse.equinox.launcher.win32.win32.x86_64_1.3.0.v20260203-2149\eclipse_11919.dll
Event: 9.173 Loaded shared library C:\Users\luisa\AppData\Local\Temp\jna-103330382\jna10177321558626414235.dll

Deoptimization events (20 events):
Event: 61.800 Thread 0x00000240d75c4870 Uncommon trap: trap_request=0xffffffd6 fr.pc=0x0000024088250614 relative=0x0000000000007014
Event: 61.800 Thread 0x00000240d75c4870 Uncommon trap: reason=array_check action=maybe_recompile pc=0x0000024088250614 method=org.eclipse.jdt.internal.compiler.classfmt.ModuleInfo.readModuleAttribute(I)V @ 1029 c2
Event: 61.800 Thread 0x00000240d75c4870 DEOPT PACKING pc=0x0000024088250614 sp=0x000000fc40ffdc00
Event: 61.800 Thread 0x00000240d75c4870 DEOPT UNPACKING pc=0x0000024087583aa2 sp=0x000000fc40ffdba8 mode 2
Event: 61.800 Thread 0x00000240d75c4870 Uncommon trap: trap_request=0xffffffd6 fr.pc=0x0000024088250614 relative=0x0000000000007014
Event: 61.800 Thread 0x00000240d75c4870 Uncommon trap: reason=array_check action=maybe_recompile pc=0x0000024088250614 method=org.eclipse.jdt.internal.compiler.classfmt.ModuleInfo.readModuleAttribute(I)V @ 1029 c2
Event: 61.800 Thread 0x00000240d75c4870 DEOPT PACKING pc=0x0000024088250614 sp=0x000000fc40ffdc00
Event: 61.800 Thread 0x00000240d75c4870 DEOPT UNPACKING pc=0x0000024087583aa2 sp=0x000000fc40ffdba8 mode 2
Event: 61.801 Thread 0x00000240d75c4870 Uncommon trap: trap_request=0xffffffd6 fr.pc=0x0000024088250614 relative=0x0000000000007014
Event: 61.801 Thread 0x00000240d75c4870 Uncommon trap: reason=array_check action=maybe_recompile pc=0x0000024088250614 method=org.eclipse.jdt.internal.compiler.classfmt.ModuleInfo.readModuleAttribute(I)V @ 1029 c2
Event: 61.801 Thread 0x00000240d75c4870 DEOPT PACKING pc=0x0000024088250614 sp=0x000000fc40ffdc00
Event: 61.801 Thread 0x00000240d75c4870 DEOPT UNPACKING pc=0x0000024087583aa2 sp=0x000000fc40ffdba8 mode 2
Event: 61.801 Thread 0x00000240d75c4870 Uncommon trap: trap_request=0xffffffd6 fr.pc=0x0000024088250614 relative=0x0000000000007014
Event: 61.801 Thread 0x00000240d75c4870 Uncommon trap: reason=array_check action=maybe_recompile pc=0x0000024088250614 method=org.eclipse.jdt.internal.compiler.classfmt.ModuleInfo.readModuleAttribute(I)V @ 1029 c2
Event: 61.801 Thread 0x00000240d75c4870 DEOPT PACKING pc=0x0000024088250614 sp=0x000000fc40ffdc00
Event: 61.801 Thread 0x00000240d75c4870 DEOPT UNPACKING pc=0x0000024087583aa2 sp=0x000000fc40ffdba8 mode 2
Event: 61.804 Thread 0x00000240d75c4870 DEOPT PACKING pc=0x0000024080dcdb8b sp=0x000000fc40ffdda0
Event: 61.804 Thread 0x00000240d75c4870 DEOPT UNPACKING pc=0x0000024087584242 sp=0x000000fc40ffd288 mode 0
Event: 61.808 Thread 0x00000240d75c4870 DEOPT PACKING pc=0x00000240819c3f22 sp=0x000000fc40ffd9f0
Event: 61.808 Thread 0x00000240d75c4870 DEOPT UNPACKING pc=0x0000024087584242 sp=0x000000fc40ffcf68 mode 0

Classes loaded (20 events):
Event: 35.221 Loading class java/io/CharArrayWriter
Event: 35.224 Loading class java/io/CharArrayWriter done
Event: 35.284 Loading class java/nio/file/attribute/PosixFileAttributes
Event: 35.285 Loading class java/nio/file/attribute/PosixFileAttributes done
Event: 35.387 Loading class java/util/AbstractList$RandomAccessSubList
Event: 35.392 Loading class java/util/AbstractList$SubList
Event: 35.393 Loading class java/util/AbstractList$SubList done
Event: 35.393 Loading class java/util/AbstractList$RandomAccessSubList done
Event: 35.393 Loading class java/util/AbstractList$SubList$1
Event: 35.394 Loading class java/util/AbstractList$SubList$1 done
Event: 35.541 Loading class java/util/stream/ReduceOps$5
Event: 35.542 Loading class java/util/stream/ReduceOps$5 done
Event: 35.542 Loading class java/util/stream/ReduceOps$CountingSink$OfRef
Event: 35.542 Loading class java/util/stream/ReduceOps$CountingSink
Event: 35.543 Loading class java/util/stream/ReduceOps$CountingSink done
Event: 35.543 Loading class java/util/stream/ReduceOps$CountingSink$OfRef done
Event: 35.793 Loading class java/util/stream/ReduceOps$1
Event: 35.794 Loading class java/util/stream/ReduceOps$1 done
Event: 35.794 Loading class java/util/stream/ReduceOps$1ReducingSink
Event: 35.795 Loading class java/util/stream/ReduceOps$1ReducingSink done

Classes unloaded (20 events):
Event: 23.897 Thread 0x00000240fe940d70 Unloading class 0x000002409065a400 'java/lang/invoke/LambdaForm$MH+0x000002409065a400'
Event: 23.897 Thread 0x00000240fe940d70 Unloading class 0x0000024090659c00 'java/lang/invoke/LambdaForm$MH+0x0000024090659c00'
Event: 23.897 Thread 0x00000240fe940d70 Unloading class 0x0000024090659400 'java/lang/invoke/LambdaForm$MH+0x0000024090659400'
Event: 23.897 Thread 0x00000240fe940d70 Unloading class 0x0000024090659000 'java/lang/invoke/LambdaForm$MH+0x0000024090659000'
Event: 23.897 Thread 0x00000240fe940d70 Unloading class 0x0000024090658c00 'java/lang/invoke/LambdaForm$MH+0x0000024090658c00'
Event: 23.897 Thread 0x00000240fe940d70 Unloading class 0x0000024090658800 'java/lang/invoke/LambdaForm$MH+0x0000024090658800'
Event: 23.897 Thread 0x00000240fe940d70 Unloading class 0x0000024090658000 'java/lang/invoke/LambdaForm$MH+0x0000024090658000'
Event: 23.897 Thread 0x00000240fe940d70 Unloading class 0x000002409064bc00 'java/lang/invoke/LambdaForm$MH+0x000002409064bc00'
Event: 23.897 Thread 0x00000240fe940d70 Unloading class 0x000002409064b800 'java/lang/invoke/LambdaForm$MH+0x000002409064b800'
Event: 23.897 Thread 0x00000240fe940d70 Unloading class 0x000002409064ac00 'java/lang/invoke/LambdaForm$MH+0x000002409064ac00'
Event: 23.897 Thread 0x00000240fe940d70 Unloading class 0x000002409064b000 'java/lang/invoke/LambdaForm$MH+0x000002409064b000'
Event: 23.897 Thread 0x00000240fe940d70 Unloading class 0x000002409064a400 'java/lang/invoke/LambdaForm$MH+0x000002409064a400'
Event: 23.897 Thread 0x00000240fe940d70 Unloading class 0x000002409064a800 'java/lang/invoke/LambdaForm$MH+0x000002409064a800'
Event: 23.897 Thread 0x00000240fe940d70 Unloading class 0x0000024090649c00 'java/lang/invoke/LambdaForm$MH+0x0000024090649c00'
Event: 23.897 Thread 0x00000240fe940d70 Unloading class 0x0000024090649800 'java/lang/invoke/LambdaForm$MH+0x0000024090649800'
Event: 23.897 Thread 0x00000240fe940d70 Unloading class 0x0000024090649400 'java/lang/invoke/LambdaForm$MH+0x0000024090649400'
Event: 23.897 Thread 0x00000240fe940d70 Unloading class 0x0000024090648800 'java/lang/invoke/LambdaForm$MH+0x0000024090648800'
Event: 23.897 Thread 0x00000240fe940d70 Unloading class 0x0000024090648400 'java/lang/invoke/LambdaForm$MH+0x0000024090648400'
Event: 23.897 Thread 0x00000240fe940d70 Unloading class 0x0000024090648c00 'java/lang/invoke/LambdaForm$MH+0x0000024090648c00'
Event: 23.897 Thread 0x00000240fe940d70 Unloading class 0x0000024090648000 'java/lang/invoke/LambdaForm$MH+0x0000024090648000'

Classes redefined (0 events):
No events

Internal exceptions (20 events):
Event: 31.892 Thread 0x00000240d48c6f50 Exception <a 'sun/nio/fs/WindowsException'{0x00000000d55d5700}> (0x00000000d55d5700) 
thrown [s\src\hotspot\share\prims\jni.cpp, line 520]
Event: 31.892 Thread 0x00000240d48c5ba0 Exception <a 'sun/nio/fs/WindowsException'{0x00000000d55e18b8}> (0x00000000d55e18b8) 
thrown [s\src\hotspot\share\prims\jni.cpp, line 520]
Event: 33.158 Thread 0x00000240d40fde70 Exception <a 'sun/nio/fs/WindowsException'{0x00000000d57fe508}> (0x00000000d57fe508) 
thrown [s\src\hotspot\share\prims\jni.cpp, line 520]
Event: 33.169 Thread 0x00000240d40fde70 Implicit null exception at 0x000002408802ad62 to 0x000002408802b1d0
Event: 33.465 Thread 0x00000240d40fe500 Exception <a 'sun/nio/fs/WindowsException'{0x00000000d55d8448}> (0x00000000d55d8448) 
thrown [s\src\hotspot\share\prims\jni.cpp, line 520]
Event: 33.467 Thread 0x00000240d40fe500 Exception <a 'sun/nio/fs/WindowsException'{0x00000000d55f63a0}> (0x00000000d55f63a0) 
thrown [s\src\hotspot\share\prims\jni.cpp, line 520]
Event: 33.534 Thread 0x00000240d40fe500 Exception <a 'java/lang/NoSuchMethodError'{0x00000000d5780540}: 'java.lang.Object java.lang.invoke.DirectMethodHandle$Holder.invokeSpecial(java.lang.Object, java.lang.Object, int, java.lang.Object, java.lang.Object, java.lang.Object, java.lang.Object)'> (0x00000000d5780540) 
thrown [s\src\hotspot\share\interpreter\linkResolver.cpp, line 773]
Event: 33.535 Thread 0x00000240d40fe500 Exception <a 'java/lang/NoSuchMethodError'{0x00000000d57936b8}: 'java.lang.Object java.lang.invoke.DirectMethodHandle$Holder.newInvokeSpecial(java.lang.Object, java.lang.Object, int, java.lang.Object, java.lang.Object)'> (0x00000000d57936b8) 
thrown [s\src\hotspot\share\interpreter\linkResolver.cpp, line 773]
Event: 33.536 Thread 0x00000240d40fe500 Exception <a 'java/lang/NoSuchMethodError'{0x00000000d57a2de8}: 'java.lang.Object java.lang.invoke.Invokers$Holder.linkToTargetMethod(java.lang.Object, int, java.lang.Object, java.lang.Object, java.lang.Object)'> (0x00000000d57a2de8) 
thrown [s\src\hotspot\share\interpreter\linkResolver.cpp, line 773]
Event: 33.546 Thread 0x00000240d40fe500 Exception <a 'java/lang/NoSuchMethodError'{0x00000000d5813368}: 'java.lang.Object java.lang.invoke.DirectMethodHandle$Holder.invokeSpecial(java.lang.Object, java.lang.Object, java.lang.Object, int, java.lang.Object, java.lang.Object, java.lang.Object)'> (0x00000000d5813368) 
thrown [s\src\hotspot\share\interpreter\linkResolver.cpp, line 773]
Event: 33.554 Thread 0x00000240d40fe500 Exception <a 'java/lang/NoSuchMethodError'{0x00000000d5618830}: 'java.lang.Object java.lang.invoke.DirectMethodHandle$Holder.newInvokeSpecial(java.lang.Object, java.lang.Object, int)'> (0x00000000d5618830) 
thrown [s\src\hotspot\share\interpreter\linkResolver.cpp, line 773]
Event: 33.697 Thread 0x00000240d40fe500 Implicit null exception at 0x0000024087e87400 to 0x0000024087e8769c
Event: 33.803 Thread 0x00000240d40fe500 Exception <a 'java/lang/NoSuchMethodError'{0x00000000d568cc80}: 'void java.lang.invoke.DirectMethodHandle$Holder.invokeStatic(java.lang.Object, int)'> (0x00000000d568cc80) 
thrown [s\src\hotspot\share\interpreter\linkResolver.cpp, line 773]
Event: 34.552 Thread 0x00000240d40fe500 Exception <a 'java/io/FileNotFoundException'{0x00000000d567fc20}> (0x00000000d567fc20) 
thrown [s\src\hotspot\share\prims\jni.cpp, line 520]
Event: 34.553 Thread 0x00000240d40fe500 Exception <a 'java/io/FileNotFoundException'{0x00000000d56afee0}> (0x00000000d56afee0) 
thrown [s\src\hotspot\share\prims\jni.cpp, line 520]
Event: 34.553 Thread 0x00000240d40fe500 Exception <a 'java/io/FileNotFoundException'{0x00000000d56b0f10}> (0x00000000d56b0f10) 
thrown [s\src\hotspot\share\prims\jni.cpp, line 520]
Event: 34.821 Thread 0x00000240d40fe500 Implicit null exception at 0x0000024087d6a588 to 0x0000024087d6b250
Event: 35.544 Thread 0x00000240d40fc430 Exception <a 'sun/nio/fs/WindowsException'{0x00000000d55b1b70}> (0x00000000d55b1b70) 
thrown [s\src\hotspot\share\prims\jni.cpp, line 520]
Event: 35.544 Thread 0x00000240d40fc430 Exception <a 'sun/nio/fs/WindowsException'{0x00000000d55b78b8}> (0x00000000d55b78b8) 
thrown [s\src\hotspot\share\prims\jni.cpp, line 520]
Event: 35.812 Thread 0x00000240d40fc430 Exception <a 'java/lang/NoSuchMethodError'{0x00000000d566ac20}: 'java.lang.Object java.lang.invoke.DirectMethodHandle$Holder.invokeStatic(java.lang.Object, java.lang.Object, int, java.lang.Object)'> (0x00000000d566ac20) 
thrown [s\src\hotspot\share\interpreter\linkResolver.cpp, line 773]

ZGC Phase Switch (0 events):
No events

VM Operations (20 events):
Event: 62.130 Executing safepoint VM operation: ParallelGCFailedAllocation (Allocation Failure) done
Event: 62.165 Executing safepoint VM operation: ParallelGCFailedAllocation (Allocation Failure)
Event: 62.167 Executing safepoint VM operation: ParallelGCFailedAllocation (Allocation Failure) done
Event: 62.171 Executing safepoint VM operation: ParallelGCFailedAllocation (Allocation Failure)
Event: 62.174 Executing safepoint VM operation: ParallelGCFailedAllocation (Allocation Failure) done
Event: 62.186 Executing safepoint VM operation: ParallelGCFailedAllocation (Allocation Failure)
Event: 62.187 Executing safepoint VM operation: ParallelGCFailedAllocation (Allocation Failure) done
Event: 62.198 Executing safepoint VM operation: ParallelGCFailedAllocation (Allocation Failure)
Event: 62.201 Executing safepoint VM operation: ParallelGCFailedAllocation (Allocation Failure) done
Event: 62.212 Executing safepoint VM operation: ParallelGCFailedAllocation (Allocation Failure)
Event: 62.213 Executing safepoint VM operation: ParallelGCFailedAllocation (Allocation Failure) done
Event: 62.218 Executing safepoint VM operation: ParallelGCFailedAllocation (Allocation Failure)
Event: 62.219 Executing safepoint VM operation: ParallelGCFailedAllocation (Allocation Failure) done
Event: 62.225 Executing safepoint VM operation: ParallelGCFailedAllocation (Allocation Failure)
Event: 62.227 Executing safepoint VM operation: ParallelGCFailedAllocation (Allocation Failure) done
Event: 62.240 Executing safepoint VM operation: ParallelGCFailedAllocation (Allocation Failure)
Event: 62.242 Executing safepoint VM operation: ParallelGCFailedAllocation (Allocation Failure) done
Event: 62.268 Executing safepoint VM operation: ParallelGCFailedAllocation (Allocation Failure)
Event: 62.272 Executing safepoint VM operation: ParallelGCFailedAllocation (Allocation Failure) done
Event: 62.343 Executing safepoint VM operation: ParallelGCFailedAllocation (Allocation Failure)

Memory protections (0 events):
No events

Nmethod flushes (20 events):
Event: 23.938 Thread 0x00000240fe940d70 flushing osr nmethod 0x00000240807f4c90
Event: 23.938 Thread 0x00000240fe940d70 flushing osr nmethod 0x00000240807f6990
Event: 23.938 Thread 0x00000240fe940d70 flushing osr nmethod 0x0000024080845210
Event: 23.938 Thread 0x00000240fe940d70 flushing  nmethod 0x0000024080852d10
Event: 23.938 Thread 0x00000240fe940d70 flushing  nmethod 0x0000024080868810
Event: 23.938 Thread 0x00000240fe940d70 flushing  nmethod 0x000002408087b910
Event: 23.938 Thread 0x00000240fe940d70 flushing  nmethod 0x0000024080883990
Event: 23.938 Thread 0x00000240fe940d70 flushing  nmethod 0x0000024080884790
Event: 23.938 Thread 0x00000240fe940d70 flushing  nmethod 0x0000024080884d90
Event: 23.938 Thread 0x00000240fe940d70 flushing  nmethod 0x00000240808a1790
Event: 23.938 Thread 0x00000240fe940d70 flushing  nmethod 0x00000240808a1e90
Event: 23.938 Thread 0x00000240fe940d70 flushing  nmethod 0x00000240808a2490
Event: 23.938 Thread 0x00000240fe940d70 flushing  nmethod 0x00000240808a3110
Event: 23.938 Thread 0x00000240fe940d70 flushing  nmethod 0x00000240808a6610
Event: 23.938 Thread 0x00000240fe940d70 flushing  nmethod 0x00000240808a8910
Event: 23.938 Thread 0x00000240fe940d70 flushing  nmethod 0x00000240808b3a10
Event: 23.938 Thread 0x00000240fe940d70 flushing  nmethod 0x00000240808b7a90
Event: 23.938 Thread 0x00000240fe940d70 flushing  nmethod 0x00000240808e4310
Event: 23.938 Thread 0x00000240fe940d70 flushing  nmethod 0x00000240808f6790
Event: 23.938 Thread 0x00000240fe940d70 flushing  nmethod 0x00000240808fdb90

Events (20 events):
Event: 30.543 Thread 0x00000240d40fe500 Thread added: 0x00000240e148edd0
Event: 30.544 Thread 0x00000240d40fe500 Thread added: 0x00000240e148e0b0
Event: 30.609 Thread 0x00000240d40fe500 Thread added: 0x00000240e148d390
Event: 30.609 Thread 0x00000240d40fe500 Thread added: 0x00000240e148e740
Event: 30.748 Thread 0x00000240d40fe500 Thread added: 0x00000240e148f460
Event: 30.764 Thread 0x00000240d40fe500 Thread added: 0x00000240e148bfe0
Event: 34.720 Thread 0x00000240d40fe500 Thread added: 0x00000240e1493600
Event: 34.721 Thread 0x00000240d40fe500 Thread added: 0x00000240e1491bc0
Event: 34.721 Thread 0x00000240d40fe500 Thread added: 0x00000240e1490810
Event: 34.721 Thread 0x00000240d40fe500 Thread added: 0x00000240e1491530
Event: 34.722 Thread 0x00000240d40fe500 Thread added: 0x00000240e1490ea0
Event: 34.793 Thread 0x00000240e1493600 Thread exited: 0x00000240e1493600
Event: 34.793 Thread 0x00000240e1491bc0 Thread exited: 0x00000240e1491bc0
Event: 34.793 Thread 0x00000240e1490ea0 Thread exited: 0x00000240e1490ea0
Event: 34.793 Thread 0x00000240e1491530 Thread exited: 0x00000240e1491530
Event: 34.793 Thread 0x00000240e1490810 Thread exited: 0x00000240e1490810
Event: 41.723 Thread 0x00000240d74828f0 Thread exited: 0x00000240d74828f0
Event: 42.500 Thread 0x00000240d5befb30 Thread exited: 0x00000240d5befb30
Event: 61.052 Thread 0x00000240fe9a12f0 Thread added: 0x00000240d7481480
Event: 61.053 Thread 0x00000240fe9a12f0 Thread added: 0x00000240d7483d60


Dynamic libraries:
0x00007ff70e3d0000 - 0x00007ff70e3de000 	c:\Users\luisa\.vscode\extensions\redhat.java-1.54.0-win32-x64\jre\21.0.10-win32-x86_64\bin\java.exe
0x00007ff958260000 - 0x00007ff9584c7000 	C:\WINDOWS\SYSTEM32\ntdll.dll
0x00007ff957080000 - 0x00007ff957149000 	C:\WINDOWS\System32\KERNEL32.DLL
0x00007ff954d40000 - 0x00007ff955137000 	C:\WINDOWS\System32\KERNELBASE.dll
0x00007ff9559e0000 - 0x00007ff955b2b000 	C:\WINDOWS\System32\ucrtbase.dll
0x00007ff924b60000 - 0x00007ff924b78000 	c:\Users\luisa\.vscode\extensions\redhat.java-1.54.0-win32-x64\jre\21.0.10-win32-x86_64\bin\jli.dll
0x00007ff9569a0000 - 0x00007ff956b66000 	C:\WINDOWS\System32\USER32.dll
0x00007ff9559b0000 - 0x00007ff9559d7000 	C:\WINDOWS\System32\win32u.dll
0x00007ff957cd0000 - 0x00007ff957cfb000 	C:\WINDOWS\System32\GDI32.dll
0x00007ff955be0000 - 0x00007ff955d0c000 	C:\WINDOWS\System32\gdi32full.dll
0x00007ff955b30000 - 0x00007ff955bd3000 	C:\WINDOWS\System32\msvcp_win.dll
0x00007ff923570000 - 0x00007ff92358e000 	c:\Users\luisa\.vscode\extensions\redhat.java-1.54.0-win32-x64\jre\21.0.10-win32-x86_64\bin\VCRUNTIME140.dll
0x00007ff938a80000 - 0x00007ff938d12000 	C:\WINDOWS\WinSxS\amd64_microsoft.windows.common-controls_6595b64144ccf1df_6.0.26100.8457_none_3e0b2faee331e92d\COMCTL32.dll
0x00007ff9568f0000 - 0x00007ff956999000 	C:\WINDOWS\System32\msvcrt.dll
0x00007ff9568b0000 - 0x00007ff9568e2000 	C:\WINDOWS\System32\IMM32.DLL
0x00007ff93eaf0000 - 0x00007ff93eafc000 	c:\Users\luisa\.vscode\extensions\redhat.java-1.54.0-win32-x64\jre\21.0.10-win32-x86_64\bin\vcruntime140_1.dll
0x00007ff8fd730000 - 0x00007ff8fd7bd000 	c:\Users\luisa\.vscode\extensions\redhat.java-1.54.0-win32-x64\jre\21.0.10-win32-x86_64\bin\msvcp140.dll
0x00007ff89ad50000 - 0x00007ff89baf1000 	c:\Users\luisa\.vscode\extensions\redhat.java-1.54.0-win32-x64\jre\21.0.10-win32-x86_64\bin\server\jvm.dll
0x00007ff956610000 - 0x00007ff9566c6000 	C:\WINDOWS\System32\ADVAPI32.dll
0x00007ff955fe0000 - 0x00007ff956087000 	C:\WINDOWS\System32\sechost.dll
0x00007ff956b70000 - 0x00007ff956c88000 	C:\WINDOWS\System32\RPCRT4.dll
0x00007ff9573d0000 - 0x00007ff957450000 	C:\WINDOWS\System32\WS2_32.dll
0x00007ff954320000 - 0x00007ff95437e000 	C:\WINDOWS\SYSTEM32\POWRPROF.dll
0x00007ff93ebf0000 - 0x00007ff93ec26000 	C:\WINDOWS\SYSTEM32\WINMM.dll
0x00007ff949010000 - 0x00007ff94901b000 	C:\WINDOWS\SYSTEM32\VERSION.dll
0x00007ff954190000 - 0x00007ff9541a4000 	C:\WINDOWS\SYSTEM32\UMPDC.dll
0x00007ff953a00000 - 0x00007ff953a1b000 	C:\WINDOWS\SYSTEM32\kernel.appcore.dll
0x00007ff93ea70000 - 0x00007ff93ea7a000 	c:\Users\luisa\.vscode\extensions\redhat.java-1.54.0-win32-x64\jre\21.0.10-win32-x86_64\bin\jimage.dll
0x00007ff952bd0000 - 0x00007ff952e12000 	C:\WINDOWS\SYSTEM32\DBGHELP.DLL
0x00007ff956c90000 - 0x00007ff957013000 	C:\WINDOWS\System32\combase.dll
0x00007ff956530000 - 0x00007ff956609000 	C:\WINDOWS\System32\OLEAUT32.dll
0x00007ff934fe0000 - 0x00007ff93501b000 	C:\WINDOWS\SYSTEM32\dbgcore.DLL
0x00007ff954c90000 - 0x00007ff954d38000 	C:\WINDOWS\System32\bcryptPrimitives.dll
0x00007ff93c4f0000 - 0x00007ff93c4ff000 	c:\Users\luisa\.vscode\extensions\redhat.java-1.54.0-win32-x64\jre\21.0.10-win32-x86_64\bin\instrument.dll
0x00007ff923070000 - 0x00007ff923090000 	c:\Users\luisa\.vscode\extensions\redhat.java-1.54.0-win32-x64\jre\21.0.10-win32-x86_64\bin\java.dll
0x00007ff9574a0000 - 0x00007ff957c0e000 	C:\WINDOWS\System32\SHELL32.dll
0x00007ff955140000 - 0x00007ff9559ac000 	C:\WINDOWS\System32\windows.storage.dll
0x00007ff956250000 - 0x00007ff956346000 	C:\WINDOWS\System32\SHCORE.dll
0x00007ff9564b0000 - 0x00007ff956516000 	C:\WINDOWS\System32\shlwapi.dll
0x00007ff954bb0000 - 0x00007ff954bd9000 	C:\WINDOWS\SYSTEM32\profapi.dll
0x00007ff92c0c0000 - 0x00007ff92c0d8000 	c:\Users\luisa\.vscode\extensions\redhat.java-1.54.0-win32-x64\jre\21.0.10-win32-x86_64\bin\zip.dll
0x00007ff93c0c0000 - 0x00007ff93c0d0000 	C:\Users\luisa\.vscode\extensions\redhat.java-1.54.0-win32-x64\jre\21.0.10-win32-x86_64\bin\net.dll
0x00007ff948c50000 - 0x00007ff948d79000 	C:\WINDOWS\SYSTEM32\WINHTTP.dll
0x00007ff954000000 - 0x00007ff95406c000 	C:\WINDOWS\system32\mswsock.dll
0x00007ff922fd0000 - 0x00007ff922fe6000 	C:\Users\luisa\.vscode\extensions\redhat.java-1.54.0-win32-x64\jre\21.0.10-win32-x86_64\bin\nio.dll
0x00007ff935150000 - 0x00007ff935160000 	c:\Users\luisa\.vscode\extensions\redhat.java-1.54.0-win32-x64\jre\21.0.10-win32-x86_64\bin\verify.dll
0x00007ff9206e0000 - 0x00007ff920725000 	C:\Users\luisa\AppData\Roaming\Code\User\globalStorage\redhat.java\1.54.0\config_win\org.eclipse.equinox.launcher\org.eclipse.equinox.launcher.win32.win32.x86_64_1.3.0.v20260203-2149\eclipse_11919.dll
0x00007ff957150000 - 0x00007ff9572e7000 	C:\WINDOWS\System32\ole32.dll
0x00007ff954390000 - 0x00007ff9543ab000 	C:\WINDOWS\SYSTEM32\CRYPTSP.dll
0x00007ff953950000 - 0x00007ff953989000 	C:\WINDOWS\system32\rsaenh.dll
0x00007ff9540b0000 - 0x00007ff9540e3000 	C:\WINDOWS\SYSTEM32\USERENV.dll
0x00007ff954b80000 - 0x00007ff954baa000 	C:\WINDOWS\SYSTEM32\bcrypt.dll
0x00007ff9543b0000 - 0x00007ff9543bc000 	C:\WINDOWS\SYSTEM32\CRYPTBASE.dll
0x00007ff9533e0000 - 0x00007ff953412000 	C:\WINDOWS\SYSTEM32\IPHLPAPI.DLL
0x00007ff956520000 - 0x00007ff95652a000 	C:\WINDOWS\System32\NSI.dll
0x00007ff91a0b0000 - 0x00007ff91a0f9000 	C:\Users\luisa\AppData\Local\Temp\jna-103330382\jna10177321558626414235.dll
0x00007ff9572f0000 - 0x00007ff9572f8000 	C:\WINDOWS\System32\PSAPI.DLL
0x00007ff949c10000 - 0x00007ff949c2d000 	C:\WINDOWS\SYSTEM32\dhcpcsvc6.DLL
0x00007ff949be0000 - 0x00007ff949c05000 	C:\WINDOWS\SYSTEM32\dhcpcsvc.DLL

JVMTI agents:
c:\Users\luisa\.vscode\extensions\redhat.java-1.54.0-win32-x64\lombok\lombok-1.18.39-4050.jar path:c:\Users\luisa\.vscode\extensions\redhat.java-1.54.0-win32-x64\jre\21.0.10-win32-x86_64\bin\instrument.dll, loaded, initialized, instrumentlib options:none

dbghelp: loaded successfully - version: 4.0.5 - missing functions: none
symbol engine: initialized successfully - sym options: 0x614 - pdb path: .;c:\Users\luisa\.vscode\extensions\redhat.java-1.54.0-win32-x64\jre\21.0.10-win32-x86_64\bin;C:\WINDOWS\SYSTEM32;C:\WINDOWS\WinSxS\amd64_microsoft.windows.common-controls_6595b64144ccf1df_6.0.26100.8457_none_3e0b2faee331e92d;c:\Users\luisa\.vscode\extensions\redhat.java-1.54.0-win32-x64\jre\21.0.10-win32-x86_64\bin\server;C:\Users\luisa\AppData\Roaming\Code\User\globalStorage\redhat.java\1.54.0\config_win\org.eclipse.equinox.launcher\org.eclipse.equinox.launcher.win32.win32.x86_64_1.3.0.v20260203-2149;C:\Users\luisa\AppData\Local\Temp\jna-103330382

VM Arguments:
jvm_args: --add-modules=ALL-SYSTEM --add-opens=java.base/java.util=ALL-UNNAMED --add-opens=java.base/java.lang=ALL-UNNAMED --add-opens=java.base/sun.nio.fs=ALL-UNNAMED -Declipse.application=org.eclipse.jdt.ls.core.id1 -Dosgi.bundles.defaultStartLevel=4 -Declipse.product=org.eclipse.jdt.ls.core.product -Djava.import.generatesMetadataFilesAtProjectRoot=false -DDetectVMInstallationsJob.disabled=true -Dfile.encoding=utf8 -XX:+UseParallelGC -XX:GCTimeRatio=4 -XX:AdaptiveSizePolicyWeight=90 -Dsun.zip.disableMemoryMapping=true -Xmx2G -Xms100m -Xlog:disable -javaagent:c:\Users\luisa\.vscode\extensions\redhat.java-1.54.0-win32-x64\lombok\lombok-1.18.39-4050.jar -XX:+HeapDumpOnOutOfMemoryError -XX:HeapDumpPath=c:\Users\luisa\AppData\Roaming\Code\User\workspaceStorage\c39dd73e852d32c15b1d8e2e38c5d1a0\redhat.java -Daether.dependencyCollector.impl=bf 
java_command: c:\Users\luisa\.vscode\extensions\redhat.java-1.54.0-win32-x64\server\plugins\org.eclipse.equinox.launcher_1.7.100.v20251111-0406.jar -configuration c:\Users\luisa\AppData\Roaming\Code\User\globalStorage\redhat.java\1.54.0\config_win -data c:\Users\luisa\AppData\Roaming\Code\User\workspaceStorage\c39dd73e852d32c15b1d8e2e38c5d1a0\redhat.java\jdt_ws --pipe=\\.\pipe\lsp-d72af0a6141e6c1a923c8f7ef2fc0288-sock
java_class_path (initial): c:\Users\luisa\.vscode\extensions\redhat.java-1.54.0-win32-x64\server\plugins\org.eclipse.equinox.launcher_1.7.100.v20251111-0406.jar
Launcher Type: SUN_STANDARD

[Global flags]
    uintx AdaptiveSizePolicyWeight                 = 90                                        {product} {command line}
     intx CICompilerCount                          = 4                                         {product} {ergonomic}
    uintx GCTimeRatio                              = 4                                         {product} {command line}
     bool HeapDumpOnOutOfMemoryError               = true                                   {manageable} {command line}
    ccstr HeapDumpPath                             = c:\Users\luisa\AppData\Roaming\Code\User\workspaceStorage\c39dd73e852d32c15b1d8e2e38c5d1a0\redhat.java         {manageable} {command line}
   size_t InitialHeapSize                          = 104857600                                 {product} {command line}
   size_t MaxHeapSize                              = 2147483648                                {product} {command line}
   size_t MaxNewSize                               = 715653120                                 {product} {ergonomic}
   size_t MinHeapDeltaBytes                        = 524288                                    {product} {ergonomic}
   size_t MinHeapSize                              = 104857600                                 {product} {command line}
   size_t NewSize                                  = 34603008                                  {product} {ergonomic}
    uintx NonNMethodCodeHeapSize                   = 5839372                                {pd product} {ergonomic}
    uintx NonProfiledCodeHeapSize                  = 122909434                              {pd product} {ergonomic}
   size_t OldSize                                  = 70254592                                  {product} {ergonomic}
    uintx ProfiledCodeHeapSize                     = 122909434                              {pd product} {ergonomic}
    uintx ReservedCodeCacheSize                    = 251658240                              {pd product} {ergonomic}
     bool SegmentedCodeCache                       = true                                      {product} {ergonomic}
   size_t SoftMaxHeapSize                          = 2147483648                             {manageable} {ergonomic}
     bool UseCompressedOops                        = true                           {product lp64_product} {ergonomic}
     bool UseLargePagesIndividualAllocation        = false                                  {pd product} {ergonomic}
     bool UseParallelGC                            = true                                      {product} {command line}

Logging:
Log output configuration:
 #0: stdout all=off uptime,level,tags foldmultilines=false
 #1: stderr all=off uptime,level,tags foldmultilines=false

Release file:
JAVA_VERSION="21.0.10" 
MODULES="java.base java.compiler java.datatransfer java.xml java.prefs java.desktop java.instrument java.logging java.management java.security.sasl java.naming java.rmi java.management.rmi java.net.http java.scripting java.security.jgss java.transaction.xa java.sql java.sql.rowset java.xml.crypto java.se java.smartcardio jdk.accessibility jdk.internal.jvmstat jdk.attach jdk.charsets jdk.internal.opt jdk.zipfs jdk.compiler jdk.crypto.ec jdk.crypto.cryptoki jdk.crypto.mscapi jdk.dynalink jdk.internal.ed jdk.editpad jdk.hotspot.agent jdk.httpserver jdk.internal.le jdk.internal.vm.ci jdk.internal.vm.compiler jdk.internal.vm.compiler.management jdk.jartool jdk.javadoc jdk.jcmd jdk.management jdk.management.agent jdk.jconsole jdk.jdeps jdk.jdwp.agent jdk.jdi jdk.jfr jdk.jshell jdk.jsobject jdk.jstatd jdk.localedata jdk.management.jfr jdk.naming.dns jdk.naming.rmi jdk.net jdk.nio.mapmode jdk.random jdk.sctp jdk.security.auth jdk.security.jgss jdk.unsupported jdk.unsupported.desktop jdk.xml.dom" 

Environment Variables:
JAVA_HOME=C:\Program Files\Eclipse Adoptium\jdk-17.0.15.6-hotspot
PATH=C:\Users\luisa\AppData\Local\Programs\Microsoft VS Code;C:\Program Files (x86)\Google\Chrome\Application;C:\Program Files\Eclipse Adoptium\jdk-17.0.15.6-hotspot\bin;C:\WINDOWS\system32;C:\WINDOWS;C:\WINDOWS\System32\Wbem;C:\WINDOWS\System32\WindowsPowerShell\v1.0\;C:\WINDOWS\System32\OpenSSH\;C:\Program Files (x86)\Common Files\Propellerhead Software\ReWire\;C:\Program Files\Common Files\Propellerhead Software\ReWire\;C:\Program Files\Git\cmd;C:\Program Files\heroku\bin;C:\Program Files\dotnet\;C:\maven\apache-maven-3.8.6\bin;C:\Program Files (x86)\NVIDIA Corporation\PhysX\Common;C:\Program Files\Csound6_x64\bin;C:\WINDOWS\system32;C:\WINDOWS;C:\WINDOWS\System32\Wbem;C:\WINDOWS\System32\WindowsPowerShell\v1.0\;C:\WINDOWS\System32\OpenSSH\;C:\Program Files\NVIDIA Corporation\NVIDIA app\NvDLISR;C:\Program Files\nodejs\;C:\Program Files\Docker\Docker\resources\bin;C:\Users\luisa\.cargo\bin;C:\Users\luisa\AppData\Local\Programs\Python\Python312\Scripts\;C:\Users\luisa\AppData\Local\Programs\Python\Python312\;C:\Users\luisa\AppData\Local\Programs\Python\Python314\Scripts\;C:\Users\luisa\AppData\Local\Programs\Python\Python314\;C:\Program Files\MySQL\MySQL Shell 8.0\bin\;C:\Users\luisa\AppData\Local\Microsoft\WindowsApps;C:\Users\luisa\AppData\Local\Programs\Microsoft VS Code\bin;C:\Program Files\heroku\bin;C:\Program Files\JetBrains\IntelliJ IDEA Community Edition 2022.1\bin;C:\MinGW\bin.;C:\Program Files (x86)\php8;C:\Program Files\MySQL\MySQL Server 8.0\bin;C:\Users\luisa\AppData\Local\Microsoft\WindowsApps;C:\Users\luisa\AppData\Local\Programs\Antigravity\bin;C:\Users\luisa\AppData\Roaming\npm
USERNAME=luisa
OS=Windows_NT
PROCESSOR_IDENTIFIER=Intel64 Family 6 Model 158 Stepping 10, GenuineIntel
TMP=C:\Users\luisa\AppData\Local\Temp
TEMP=C:\Users\luisa\AppData\Local\Temp




Periodic native trim disabled

---------------  S Y S T E M  ---------------

OS:
 Windows 11 , 64 bit Build 26100 (10.0.26100.8328)
OS uptime: 5 days 9:55 hours
Hyper-V role detected

CPU: total 12 (initial active 12) (6 cores per cpu, 2 threads per core) family 6 model 158 stepping 10 microcode 0xf0, cx8, cmov, fxsr, ht, mmx, 3dnowpref, sse, sse2, sse3, ssse3, sse4.1, sse4.2, popcnt, lzcnt, tsc, tscinvbit, avx, avx2, aes, erms, clmul, bmi1, bmi2, adx, fma, vzeroupper, clflush, clflushopt, hv, rdtscp, f16c
Processor Information for processor 0
  Max Mhz: 2592, Current Mhz: 2592, Mhz Limit: 2592
Processor Information for processor 1
  Max Mhz: 2592, Current Mhz: 1495, Mhz Limit: 2592
Processor Information for processor 2
  Max Mhz: 2592, Current Mhz: 2592, Mhz Limit: 2592
Processor Information for processor 3
  Max Mhz: 2592, Current Mhz: 1495, Mhz Limit: 2592
Processor Information for processor 4
  Max Mhz: 2592, Current Mhz: 1495, Mhz Limit: 2592
Processor Information for processor 5
  Max Mhz: 2592, Current Mhz: 1495, Mhz Limit: 2592
Processor Information for processor 6
  Max Mhz: 2592, Current Mhz: 1495, Mhz Limit: 2592
Processor Information for processor 7
  Max Mhz: 2592, Current Mhz: 1495, Mhz Limit: 2592
Processor Information for processor 8
  Max Mhz: 2592, Current Mhz: 2592, Mhz Limit: 2592
Processor Information for processor 9
  Max Mhz: 2592, Current Mhz: 2592, Mhz Limit: 2592
Processor Information for processor 10
  Max Mhz: 2592, Current Mhz: 1495, Mhz Limit: 2592
Processor Information for processor 11
  Max Mhz: 2592, Current Mhz: 1495, Mhz Limit: 2592

Memory: 4k page, system-wide physical 8002M (609M free)
TotalPageFile size 32578M (AvailPageFile size 14M)
current process WorkingSet (physical memory assigned to process): 412M, peak: 480M
current process commit charge ("private bytes"): 594M, peak: 594M

vm_info: OpenJDK 64-Bit Server VM (21.0.10+7-LTS) for windows-amd64 JRE (21.0.10+7-LTS), built on 2026-01-20T00:00:00Z by "admin" with MS VC++ 17.12 (VS2022)

END.
