#
# There is insufficient memory for the Java Runtime Environment to continue.
# Native memory allocation (malloc) failed to allocate 1770416 bytes. Error detail: Chunk::new
# Possible reasons:
#   The system is out of physical RAM or swap space
#   This process is running with CompressedOops enabled, and the Java Heap may be blocking the growth of the native heap
# Possible solutions:
#   Reduce memory load on the system
#   Increase physical memory or swap space
#   Check if swap backing store is full
#   Decrease Java heap size (-Xmx/-Xms)
#   Decrease number of Java threads
#   Decrease Java thread stack sizes (-Xss)
#   Set larger code cache with -XX:ReservedCodeCacheSize=
#   JVM is running with Unscaled Compressed Oops mode in which the Java heap is
#     placed in the first 4GB address space. The Java Heap base address is the
#     maximum limit for the native heap growth. Please use -XX:HeapBaseMinAddress
#     to set the Java Heap base and to place the Java Heap above 4GB virtual address.
# This output file may be truncated or incomplete.
#
#  Out of Memory Error (arena.cpp:168), pid=20208, tid=19480
#
# JRE version: OpenJDK Runtime Environment Temurin-21.0.10+7 (21.0.10+7) (build 21.0.10+7-LTS)
# Java VM: OpenJDK 64-Bit Server VM Temurin-21.0.10+7 (21.0.10+7-LTS, mixed mode, sharing, tiered, compressed oops, compressed class ptrs, parallel gc, windows-amd64)
# No core dump will be written. Minidumps are not enabled by default on client versions of Windows
#

---------------  S U M M A R Y ------------

Command Line: --add-modules=ALL-SYSTEM --add-opens=java.base/java.util=ALL-UNNAMED --add-opens=java.base/java.lang=ALL-UNNAMED --add-opens=java.base/sun.nio.fs=ALL-UNNAMED -Declipse.application=org.eclipse.jdt.ls.core.id1 -Dosgi.bundles.defaultStartLevel=4 -Declipse.product=org.eclipse.jdt.ls.core.product -Djava.import.generatesMetadataFilesAtProjectRoot=false -DDetectVMInstallationsJob.disabled=true -Dfile.encoding=utf8 -XX:+UseParallelGC -XX:GCTimeRatio=4 -XX:AdaptiveSizePolicyWeight=90 -Dsun.zip.disableMemoryMapping=true -Xmx2G -Xms100m -Xlog:disable -javaagent:c:\Users\luisa\.vscode\extensions\redhat.java-1.54.0-win32-x64\lombok\lombok-1.18.39-4050.jar -XX:+HeapDumpOnOutOfMemoryError -XX:HeapDumpPath=c:\Users\luisa\AppData\Roaming\Code\User\workspaceStorage\c39dd73e852d32c15b1d8e2e38c5d1a0\redhat.java -Daether.dependencyCollector.impl=bf c:\Users\luisa\.vscode\extensions\redhat.java-1.54.0-win32-x64\server\plugins\org.eclipse.equinox.launcher_1.7.100.v20251111-0406.jar -configuration c:\Users\luisa\AppData\Roaming\Code\User\globalStorage\redhat.java\1.54.0\config_win -data c:\Users\luisa\AppData\Roaming\Code\User\workspaceStorage\c39dd73e852d32c15b1d8e2e38c5d1a0\redhat.java\jdt_ws --pipe=\\.\pipe\lsp-3e616013a4c0884532b6a97018280dd0-sock

Host: Intel(R) Core(TM) i7-9750H CPU @ 2.60GHz, 12 cores, 7G,  Windows 11 , 64 bit Build 26100 (10.0.26100.8328)
Time: Tue May 19 20:26:17 2026 Hora oficial do Brasil elapsed time: 84.290860 seconds (0d 0h 1m 24s)

---------------  T H R E A D  ---------------

Current thread (0x00000297c7292fd0):  JavaThread "C2 CompilerThread1" daemon [_thread_in_native, id=19480, stack(0x000000b088900000,0x000000b088a00000) (1024K)]


Current CompileTask:
C2:84291 13075       4       java.util.Properties::load0 (249 bytes)

Stack: [0x000000b088900000,0x000000b088a00000]
Native frames: (J=compiled Java code, j=interpreted, Vv=VM code, C=native code)
V  [jvm.dll+0x6d7a39]
V  [jvm.dll+0x8b4b26]
V  [jvm.dll+0x8b70de]
V  [jvm.dll+0x8b77c3]
V  [jvm.dll+0x284346]
V  [jvm.dll+0xc66ed]
V  [jvm.dll+0xc6c31]
V  [jvm.dll+0x3bec01]
V  [jvm.dll+0x1e3d62]
V  [jvm.dll+0x24c6b3]
V  [jvm.dll+0x24bb40]
V  [jvm.dll+0x1cb34e]
V  [jvm.dll+0x25b85d]
V  [jvm.dll+0x259dea]
V  [jvm.dll+0x3f857e]
V  [jvm.dll+0x85f59d]
V  [jvm.dll+0x6d626d]
C  [ucrtbase.dll+0x37b0]
C  [KERNEL32.DLL+0x2e957]
C  [ntdll.dll+0x427c]


---------------  P R O C E S S  ---------------

Threads class SMR info:
_java_thread_list=0x00000297d1feec00, length=55, elements={
0x00000297e416a3e0, 0x00000297e65dd980, 0x00000297e66d1b30, 0x00000297e66d5560,
0x00000297e66da730, 0x00000297e66d9c90, 0x00000297e66dc800, 0x00000297fe34a020,
0x00000297fe36fef0, 0x00000297fe58e260, 0x00000297fe69e510, 0x00000297ffa857d0,
0x00000297ff653b50, 0x00000297c513c640, 0x00000297c513f1c0, 0x00000297c5506f60,
0x00000297c557f930, 0x00000297c542cc70, 0x00000297c50b9430, 0x00000297c50b8080,
0x00000297c50b8da0, 0x00000297c6e6fb60, 0x00000297c6e70880, 0x00000297c6e72fe0,
0x00000297c6e722c0, 0x00000297c6e71c30, 0x00000297c6e715a0, 0x00000297c6e70f10,
0x00000297c6e72950, 0x00000297c6e701f0, 0x00000297c6e75740, 0x00000297c6e76af0,
0x00000297c6e750b0, 0x00000297c6e74a20, 0x00000297c6e75dd0, 0x00000297c6e76460,
0x00000297c6e73670, 0x00000297c6e77180, 0x00000297c6e73d00, 0x00000297c6e74390,
0x00000297c7df8050, 0x00000297c7df8d70, 0x00000297c7dfa120, 0x00000297c7df6ca0,
0x00000297c8fea320, 0x00000297c8fe9600, 0x00000297c8fe8f70, 0x00000297c8fea9b0,
0x00000297c8feb040, 0x00000297c8feb6d0, 0x00000297c8feca80, 0x00000297c8febd60,
0x00000297c8fef1e0, 0x00000297c7292fd0, 0x00000297c7293d70
}

Java Threads: ( => current thread )
  0x00000297e416a3e0 JavaThread "main"                              [_thread_blocked, id=25356, stack(0x000000b088c00000,0x000000b088d00000) (1024K)]
  0x00000297e65dd980 JavaThread "Reference Handler"          daemon [_thread_blocked, id=6316, stack(0x000000b089000000,0x000000b089100000) (1024K)]
  0x00000297e66d1b30 JavaThread "Finalizer"                  daemon [_thread_blocked, id=22188, stack(0x000000b089100000,0x000000b089200000) (1024K)]
  0x00000297e66d5560 JavaThread "Signal Dispatcher"          daemon [_thread_blocked, id=24612, stack(0x000000b089200000,0x000000b089300000) (1024K)]
  0x00000297e66da730 JavaThread "Attach Listener"            daemon [_thread_blocked, id=4884, stack(0x000000b089300000,0x000000b089400000) (1024K)]
  0x00000297e66d9c90 JavaThread "Service Thread"             daemon [_thread_blocked, id=21176, stack(0x000000b089400000,0x000000b089500000) (1024K)]
  0x00000297e66dc800 JavaThread "Monitor Deflation Thread"   daemon [_thread_blocked, id=24364, stack(0x000000b089500000,0x000000b089600000) (1024K)]
  0x00000297fe34a020 JavaThread "C2 CompilerThread0"         daemon [_thread_blocked, id=13108, stack(0x000000b089600000,0x000000b089700000) (1024K)]
  0x00000297fe36fef0 JavaThread "C1 CompilerThread0"         daemon [_thread_blocked, id=6084, stack(0x000000b089700000,0x000000b089800000) (1024K)]
  0x00000297fe58e260 JavaThread "Common-Cleaner"             daemon [_thread_blocked, id=16280, stack(0x000000b089900000,0x000000b089a00000) (1024K)]
  0x00000297fe69e510 JavaThread "Notification Thread"        daemon [_thread_blocked, id=6388, stack(0x000000b089800000,0x000000b089900000) (1024K)]
  0x00000297ffa857d0 JavaThread "Active Thread: Equinox Container: cc03c953-3670-47b3-bb65-ea9b0b742913"        [_thread_blocked, id=17060, stack(0x000000b08a100000,0x000000b08a200000) (1024K)]
  0x00000297ff653b50 JavaThread "Refresh Thread: Equinox Container: cc03c953-3670-47b3-bb65-ea9b0b742913" daemon [_thread_blocked, id=11844, stack(0x000000b08a300000,0x000000b08a400000) (1024K)]
  0x00000297c513c640 JavaThread "Framework Event Dispatcher: Equinox Container: cc03c953-3670-47b3-bb65-ea9b0b742913" daemon [_thread_blocked, id=24556, stack(0x000000b08a400000,0x000000b08a500000) (1024K)]
  0x00000297c513f1c0 JavaThread "Start Level: Equinox Container: cc03c953-3670-47b3-bb65-ea9b0b742913" daemon [_thread_blocked, id=19876, stack(0x000000b08a500000,0x000000b08a600000) (1024K)]
  0x00000297c5506f60 JavaThread "Bundle File Closer"         daemon [_thread_blocked, id=22864, stack(0x000000b08a800000,0x000000b08a900000) (1024K)]
  0x00000297c557f930 JavaThread "SCR Component Actor"        daemon [_thread_blocked, id=17036, stack(0x000000b089a00000,0x000000b089b00000) (1024K)]
  0x00000297c542cc70 JavaThread "Worker-JM"                         [_thread_blocked, id=21328, stack(0x000000b08ab00000,0x000000b08ac00000) (1024K)]
  0x00000297c50b9430 JavaThread "JNA Cleaner"                daemon [_thread_blocked, id=23268, stack(0x000000b08aa00000,0x000000b08ab00000) (1024K)]
  0x00000297c50b8080 JavaThread "Worker-0"                          [_thread_blocked, id=9124, stack(0x000000b08ac00000,0x000000b08ad00000) (1024K)]
  0x00000297c50b8da0 JavaThread "Worker-1"                          [_thread_blocked, id=23364, stack(0x000000b08ad00000,0x000000b08ae00000) (1024K)]
  0x00000297c6e6fb60 JavaThread "Worker-2"                          [_thread_blocked, id=7032, stack(0x000000b08ae00000,0x000000b08af00000) (1024K)]
  0x00000297c6e70880 JavaThread "Java indexing"              daemon [_thread_blocked, id=10816, stack(0x000000b08af00000,0x000000b08b000000) (1024K)]
  0x00000297c6e72fe0 JavaThread "Worker-3"                          [_thread_blocked, id=18004, stack(0x000000b08b200000,0x000000b08b300000) (1024K)]
  0x00000297c6e722c0 JavaThread "Worker-4"                          [_thread_blocked, id=1868, stack(0x000000b08b300000,0x000000b08b400000) (1024K)]
  0x00000297c6e71c30 JavaThread "Thread-1"                   daemon [_thread_in_native, id=7824, stack(0x000000b08b400000,0x000000b08b500000) (1024K)]
  0x00000297c6e715a0 JavaThread "Thread-2"                   daemon [_thread_in_native, id=16128, stack(0x000000b08b500000,0x000000b08b600000) (1024K)]
  0x00000297c6e70f10 JavaThread "Thread-3"                   daemon [_thread_in_native, id=9288, stack(0x000000b08b600000,0x000000b08b700000) (1024K)]
  0x00000297c6e72950 JavaThread "Thread-4"                   daemon [_thread_in_native, id=11632, stack(0x000000b08b700000,0x000000b08b800000) (1024K)]
  0x00000297c6e701f0 JavaThread "Thread-5"                   daemon [_thread_in_native, id=20256, stack(0x000000b08b800000,0x000000b08b900000) (1024K)]
  0x00000297c6e75740 JavaThread "Thread-6"                   daemon [_thread_in_native, id=25472, stack(0x000000b08b900000,0x000000b08ba00000) (1024K)]
  0x00000297c6e76af0 JavaThread "Thread-7"                   daemon [_thread_in_native, id=17452, stack(0x000000b08ba00000,0x000000b08bb00000) (1024K)]
  0x00000297c6e750b0 JavaThread "Thread-8"                   daemon [_thread_in_native, id=16048, stack(0x000000b08bb00000,0x000000b08bc00000) (1024K)]
  0x00000297c6e74a20 JavaThread "Thread-9"                   daemon [_thread_in_native, id=6940, stack(0x000000b08bc00000,0x000000b08bd00000) (1024K)]
  0x00000297c6e75dd0 JavaThread "Thread-10"                  daemon [_thread_in_native, id=11392, stack(0x000000b08bd00000,0x000000b08be00000) (1024K)]
  0x00000297c6e76460 JavaThread "Thread-11"                  daemon [_thread_in_native, id=8516, stack(0x000000b08be00000,0x000000b08bf00000) (1024K)]
  0x00000297c6e73670 JavaThread "Thread-12"                  daemon [_thread_in_native, id=22720, stack(0x000000b08bf00000,0x000000b08c000000) (1024K)]
  0x00000297c6e77180 JavaThread "Thread-13"                  daemon [_thread_in_native, id=24968, stack(0x000000b08c000000,0x000000b08c100000) (1024K)]
  0x00000297c6e73d00 JavaThread "pool-2-thread-1"                   [_thread_blocked, id=14748, stack(0x000000b08c100000,0x000000b08c200000) (1024K)]
  0x00000297c6e74390 JavaThread "WorkspaceEventsHandler"            [_thread_blocked, id=17000, stack(0x000000b08c300000,0x000000b08c400000) (1024K)]
  0x00000297c7df8050 JavaThread "pool-1-thread-1"                   [_thread_blocked, id=18464, stack(0x000000b08c400000,0x000000b08c500000) (1024K)]
  0x00000297c7df8d70 JavaThread "ForkJoinPool.commonPool-worker-1" daemon [_thread_blocked, id=13864, stack(0x000000b08c500000,0x000000b08c600000) (1024K)]
  0x00000297c7dfa120 JavaThread "ForkJoinPool.commonPool-worker-2" daemon [_thread_blocked, id=18228, stack(0x000000b08c600000,0x000000b08c700000) (1024K)]
  0x00000297c7df6ca0 JavaThread "ForkJoinPool.commonPool-worker-3" daemon [_thread_blocked, id=8204, stack(0x000000b08c700000,0x000000b08c800000) (1024K)]
  0x00000297c8fea320 JavaThread "ForkJoinPool.commonPool-worker-4" daemon [_thread_blocked, id=23528, stack(0x000000b08c800000,0x000000b08c900000) (1024K)]
  0x00000297c8fe9600 JavaThread "ForkJoinPool.commonPool-worker-5" daemon [_thread_blocked, id=14824, stack(0x000000b08c900000,0x000000b08ca00000) (1024K)]
  0x00000297c8fe8f70 JavaThread "ForkJoinPool.commonPool-worker-6" daemon [_thread_blocked, id=13692, stack(0x000000b08ca00000,0x000000b08cb00000) (1024K)]
  0x00000297c8fea9b0 JavaThread "ForkJoinPool.commonPool-worker-7" daemon [_thread_blocked, id=1884, stack(0x000000b08cb00000,0x000000b08cc00000) (1024K)]
  0x00000297c8feb040 JavaThread "ForkJoinPool.commonPool-worker-8" daemon [_thread_blocked, id=15396, stack(0x000000b08cc00000,0x000000b08cd00000) (1024K)]
  0x00000297c8feb6d0 JavaThread "ForkJoinPool.commonPool-worker-9" daemon [_thread_blocked, id=3136, stack(0x000000b08cd00000,0x000000b08ce00000) (1024K)]
  0x00000297c8feca80 JavaThread "ForkJoinPool.commonPool-worker-10" daemon [_thread_blocked, id=18564, stack(0x000000b08ce00000,0x000000b08cf00000) (1024K)]
  0x00000297c8febd60 JavaThread "ForkJoinPool.commonPool-worker-11" daemon [_thread_blocked, id=22264, stack(0x000000b08cf00000,0x000000b08d000000) (1024K)]
  0x00000297c8fef1e0 JavaThread "Cleaner-0"                  daemon [_thread_blocked, id=3760, stack(0x000000b08d000000,0x000000b08d100000) (1024K)]
=>0x00000297c7292fd0 JavaThread "C2 CompilerThread1"         daemon [_thread_in_native, id=19480, stack(0x000000b088900000,0x000000b088a00000) (1024K)]
  0x00000297c7293d70 JavaThread "C2 CompilerThread2"         daemon [_thread_blocked, id=1404, stack(0x000000b088a00000,0x000000b088b00000) (1024K)]
Total: 55

Other Threads:
  0x00000297e65c40c0 VMThread "VM Thread"                           [id=10776, stack(0x000000b088f00000,0x000000b089000000) (1024K)]
  0x00000297e64bca00 WatcherThread "VM Periodic Task Thread"        [id=20508, stack(0x000000b088e00000,0x000000b088f00000) (1024K)]
  0x00000297e664d3c0 WorkerThread "GC Thread#0"                     [id=2500, stack(0x000000b088d00000,0x000000b088e00000) (1024K)]
  0x00000297c504ec20 WorkerThread "GC Thread#1"                     [id=16456, stack(0x000000b089b00000,0x000000b089c00000) (1024K)]
  0x00000297c501a320 WorkerThread "GC Thread#2"                     [id=14216, stack(0x000000b089c00000,0x000000b089d00000) (1024K)]
  0x00000297c501a6d0 WorkerThread "GC Thread#3"                     [id=18416, stack(0x000000b089d00000,0x000000b089e00000) (1024K)]
  0x00000297ff3d2ba0 WorkerThread "GC Thread#4"                     [id=9236, stack(0x000000b089e00000,0x000000b089f00000) (1024K)]
  0x00000297ff3d2f50 WorkerThread "GC Thread#5"                     [id=15732, stack(0x000000b089f00000,0x000000b08a000000) (1024K)]
  0x00000297ff3d3300 WorkerThread "GC Thread#6"                     [id=1772, stack(0x000000b08a000000,0x000000b08a100000) (1024K)]
  0x00000297ff461e00 WorkerThread "GC Thread#7"                     [id=7880, stack(0x000000b08a200000,0x000000b08a300000) (1024K)]
  0x00000297ff460b90 WorkerThread "GC Thread#8"                     [id=22256, stack(0x000000b08a600000,0x000000b08a700000) (1024K)]
  0x00000297ff460f40 WorkerThread "GC Thread#9"                     [id=24696, stack(0x000000b08a700000,0x000000b08a800000) (1024K)]
Total: 12

Threads with active compile tasks:
C2 CompilerThread1  84447 13075       4       java.util.Properties::load0 (249 bytes)
Total: 1

VM state: not at safepoint (normal execution)

VM Mutex/Monitor currently owned by a thread: None

Heap address: 0x0000000080000000, size: 2048 MB, Compressed Oops mode: 32-bit

CDS archive(s) mapped at: [0x0000029780000000-0x0000029780ba0000-0x0000029780ba0000), size 12189696, SharedBaseAddress: 0x0000029780000000, ArchiveRelocationMode: 1.
Compressed class space mapped at: 0x0000029781000000-0x00000297c1000000, reserved size: 1073741824
Narrow klass base: 0x0000029780000000, Narrow klass shift: 0, Narrow klass range: 0x100000000

GC Precious Log:
 CardTable entry size: 512
 CPUs: 12 total, 12 available
 Memory: 8002M
 Large Page Support: Disabled
 NUMA Support: Disabled
 Compressed Oops: Enabled (32-bit)
 Alignments: Space 512K, Generation 512K, Heap 2M
 Heap Min Capacity: 100M
 Heap Initial Capacity: 100M
 Heap Max Capacity: 2G
 Pre-touch: Disabled
 Parallel Workers: 10

Heap:
 PSYoungGen      total 1536K, used 761K [0x00000000d5580000, 0x00000000d5800000, 0x0000000100000000)
  eden space 1024K, 46% used [0x00000000d5580000,0x00000000d55f6538,0x00000000d5680000)
  from space 512K, 56% used [0x00000000d5700000,0x00000000d5748000,0x00000000d5780000)
  to   space 512K, 0% used [0x00000000d5780000,0x00000000d5780000,0x00000000d5800000)
 ParOldGen       total 257536K, used 257525K [0x0000000080000000, 0x000000008fb80000, 0x00000000d5580000)
  object space 257536K, 99% used [0x0000000080000000,0x000000008fb7d790,0x000000008fb80000)
 Metaspace       used 71055K, committed 72768K, reserved 1114112K
  class space    used 7503K, committed 8256K, reserved 1048576K

Card table byte_map: [0x00000297e5fd0000,0x00000297e63e0000] _byte_map_base: 0x00000297e5bd0000

Marking Bits: (ParMarkBitMap*) 0x00007ff89ba13450
 Begin Bits: [0x00000297f8ae0000, 0x00000297faae0000)
 End Bits:   [0x00000297faae0000, 0x00000297fcae0000)

Polling page: 0x00000297e4410000

Metaspace:

Usage:
  Non-class:     62.06 MB used.
      Class:      7.33 MB used.
       Both:     69.39 MB used.

Virtual space:
  Non-class space:       64.00 MB reserved,      63.00 MB ( 98%) committed,  1 nodes.
      Class space:        1.00 GB reserved,       8.06 MB ( <1%) committed,  1 nodes.
             Both:        1.06 GB reserved,      71.06 MB (  7%) committed. 

Chunk freelists:
   Non-Class:  638.00 KB
       Class:  8.00 MB
        Both:  8.62 MB

MaxMetaspaceSize: unlimited
CompressedClassSpaceSize: 1.00 GB
Initial GC threshold: 21.00 MB
Current GC threshold: 97.31 MB
CDS: on
 - commit_granule_bytes: 65536.
 - commit_granule_words: 8192.
 - virtual_space_node_default_size: 8388608.
 - enlarge_chunks_in_place: 1.
 - use_allocation_guard: 0.


Internal statistics:

num_allocs_failed_limit: 9.
num_arena_births: 1312.
num_arena_deaths: 14.
num_vsnodes_births: 2.
num_vsnodes_deaths: 0.
num_space_committed: 1137.
num_space_uncommitted: 0.
num_chunks_returned_to_freelist: 23.
num_chunks_taken_from_freelist: 4853.
num_chunk_merges: 12.
num_chunk_splits: 2889.
num_chunks_enlarged: 1516.
num_inconsistent_stats: 0.

CodeHeap 'non-profiled nmethods': size=120000Kb used=8326Kb max_used=8326Kb free=111673Kb
 bounds [0x00000297f1300000, 0x00000297f1b30000, 0x00000297f8830000]
CodeHeap 'profiled nmethods': size=120000Kb used=26409Kb max_used=26409Kb free=93590Kb
 bounds [0x00000297e9830000, 0x00000297eb200000, 0x00000297f0d60000]
CodeHeap 'non-nmethods': size=5760Kb used=1458Kb max_used=1572Kb free=4302Kb
 bounds [0x00000297f0d60000, 0x00000297f0fd0000, 0x00000297f1300000]
CodeCache: size=245760Kb, used=36193Kb, max_used=36307Kb, free=209565Kb
 total_blobs=13028, nmethods=12252, adapters=681, full_count=0
Compilation: enabled, stopped_count=0, restarted_count=0

Compilation events (20 events):
Event: 82.815 Thread 0x00000297fe36fef0 13079       3       org.eclipse.jdt.core.dom.VariableBinding::getVariableDeclaration (29 bytes)
Event: 82.815 Thread 0x00000297fe36fef0 nmethod 13079 0x00000297eb1f7710 code [0x00000297eb1f7900, 0x00000297eb1f7e58]
Event: 82.816 Thread 0x00000297fe36fef0 13081       3       org.eclipse.jdt.internal.corext.dom.Bindings::equals (8 bytes)
Event: 82.816 Thread 0x00000297fe36fef0 nmethod 13081 0x00000297eb1f7f90 code [0x00000297eb1f8140, 0x00000297eb1f82f8]
Event: 82.816 Thread 0x00000297fe36fef0 13082       3       org.eclipse.jdt.internal.core.manipulation.search.OccurrencesFinder::getBindingDeclaration (64 bytes)
Event: 82.816 Thread 0x00000297c7292fd0 13075       4       java.util.Properties::load0 (249 bytes)
Event: 82.816 Thread 0x00000297c7293d70 13074   !   4       jdk.internal.loader.BuiltinClassLoader$2::run (114 bytes)
Event: 82.817 Thread 0x00000297fe36fef0 nmethod 13082 0x00000297eb1f8410 code [0x00000297eb1f86a0, 0x00000297eb1f94f0]
Event: 82.818 Thread 0x00000297fe36fef0 13083  s    3       org.eclipse.jdt.core.dom.DefaultBindingResolver::getMethodBinding (8 bytes)
Event: 82.818 Thread 0x00000297fe36fef0 nmethod 13083 0x00000297eb1f9890 code [0x00000297eb1f9a40, 0x00000297eb1f9c58]
Event: 82.847 Thread 0x00000297fe34a020 nmethod 13072 0x00000297f1b1af90 code [0x00000297f1b1b280, 0x00000297f1b1ca00]
Event: 82.848 Thread 0x00000297fe34a020 13077       4       java.lang.invoke.DirectMethodHandle$StaticAccessor::<init> (30 bytes)
Event: 82.867 Thread 0x00000297fe34a020 nmethod 13077 0x00000297f1b1d710 code [0x00000297f1b1d960, 0x00000297f1b1e1b0]
Event: 82.868 Thread 0x00000297fe34a020 13076       4       java.util.HashMap::newHashMap (44 bytes)
Event: 82.874 Thread 0x00000297fe34a020 nmethod 13076 0x00000297f1b1e990 code [0x00000297f1b1eb40, 0x00000297f1b1ecf0]
Event: 82.874 Thread 0x00000297fe34a020 13078       4       org.eclipse.jdt.internal.compiler.lookup.BinaryModuleBinding::getExports (23 bytes)
Event: 82.882 Thread 0x00000297fe34a020 nmethod 13078 0x00000297f1b1ee90 code [0x00000297f1b1f060, 0x00000297f1b1f2f8]
Event: 82.919 Thread 0x00000297c7293d70 nmethod 13074 0x00000297f1b1f590 code [0x00000297f1b1f820, 0x00000297f1b20898]
Event: 82.920 Thread 0x00000297fe36fef0 13085       3       org.eclipse.core.internal.filesystem.local.LocalFile::getParent (25 bytes)
Event: 82.921 Thread 0x00000297fe36fef0 nmethod 13085 0x00000297eb1f9d10 code [0x00000297eb1f9f00, 0x00000297eb1fa368]

GC Heap History (20 events):
Event: 60.959 GC heap before
{Heap before GC invocations=287 (full 3):
 PSYoungGen      total 1536K, used 1344K [0x00000000d5580000, 0x00000000d5800000, 0x0000000100000000)
  eden space 1024K, 100% used [0x00000000d5580000,0x00000000d5680000,0x00000000d5680000)
  from space 512K, 62% used [0x00000000d5700000,0x00000000d5750000,0x00000000d5780000)
  to   space 512K, 0% used [0x00000000d5780000,0x00000000d5780000,0x00000000d5800000)
 ParOldGen       total 256000K, used 255980K [0x0000000080000000, 0x000000008fa00000, 0x00000000d5580000)
  object space 256000K, 99% used [0x0000000080000000,0x000000008f9fb350,0x000000008fa00000)
 Metaspace       used 70911K, committed 72512K, reserved 1114112K
  class space    used 7482K, committed 8192K, reserved 1048576K
}
Event: 60.962 GC heap after
{Heap after GC invocations=287 (full 3):
 PSYoungGen      total 1536K, used 320K [0x00000000d5580000, 0x00000000d5800000, 0x0000000100000000)
  eden space 1024K, 0% used [0x00000000d5580000,0x00000000d5580000,0x00000000d5680000)
  from space 512K, 62% used [0x00000000d5780000,0x00000000d57d0000,0x00000000d5800000)
  to   space 512K, 0% used [0x00000000d5700000,0x00000000d5700000,0x00000000d5780000)
 ParOldGen       total 256512K, used 256140K [0x0000000080000000, 0x000000008fa80000, 0x00000000d5580000)
  object space 256512K, 99% used [0x0000000080000000,0x000000008fa23350,0x000000008fa80000)
 Metaspace       used 70911K, committed 72512K, reserved 1114112K
  class space    used 7482K, committed 8192K, reserved 1048576K
}
Event: 60.979 GC heap before
{Heap before GC invocations=288 (full 3):
 PSYoungGen      total 1536K, used 1344K [0x00000000d5580000, 0x00000000d5800000, 0x0000000100000000)
  eden space 1024K, 100% used [0x00000000d5580000,0x00000000d5680000,0x00000000d5680000)
  from space 512K, 62% used [0x00000000d5780000,0x00000000d57d0000,0x00000000d5800000)
  to   space 512K, 0% used [0x00000000d5700000,0x00000000d5700000,0x00000000d5780000)
 ParOldGen       total 256512K, used 256140K [0x0000000080000000, 0x000000008fa80000, 0x00000000d5580000)
  object space 256512K, 99% used [0x0000000080000000,0x000000008fa23350,0x000000008fa80000)
 Metaspace       used 70911K, committed 72512K, reserved 1114112K
  class space    used 7482K, committed 8192K, reserved 1048576K
}
Event: 60.982 GC heap after
{Heap after GC invocations=288 (full 3):
 PSYoungGen      total 1536K, used 352K [0x00000000d5580000, 0x00000000d5800000, 0x0000000100000000)
  eden space 1024K, 0% used [0x00000000d5580000,0x00000000d5580000,0x00000000d5680000)
  from space 512K, 68% used [0x00000000d5700000,0x00000000d5758000,0x00000000d5780000)
  to   space 512K, 0% used [0x00000000d5780000,0x00000000d5780000,0x00000000d5800000)
 ParOldGen       total 256512K, used 256268K [0x0000000080000000, 0x000000008fa80000, 0x00000000d5580000)
  object space 256512K, 99% used [0x0000000080000000,0x000000008fa43350,0x000000008fa80000)
 Metaspace       used 70911K, committed 72512K, reserved 1114112K
  class space    used 7482K, committed 8192K, reserved 1048576K
}
Event: 61.005 GC heap before
{Heap before GC invocations=289 (full 3):
 PSYoungGen      total 1536K, used 1376K [0x00000000d5580000, 0x00000000d5800000, 0x0000000100000000)
  eden space 1024K, 100% used [0x00000000d5580000,0x00000000d5680000,0x00000000d5680000)
  from space 512K, 68% used [0x00000000d5700000,0x00000000d5758000,0x00000000d5780000)
  to   space 512K, 0% used [0x00000000d5780000,0x00000000d5780000,0x00000000d5800000)
 ParOldGen       total 256512K, used 256268K [0x0000000080000000, 0x000000008fa80000, 0x00000000d5580000)
  object space 256512K, 99% used [0x0000000080000000,0x000000008fa43350,0x000000008fa80000)
 Metaspace       used 70911K, committed 72512K, reserved 1114112K
  class space    used 7482K, committed 8192K, reserved 1048576K
}
Event: 61.007 GC heap after
{Heap after GC invocations=289 (full 3):
 PSYoungGen      total 1536K, used 320K [0x00000000d5580000, 0x00000000d5800000, 0x0000000100000000)
  eden space 1024K, 0% used [0x00000000d5580000,0x00000000d5580000,0x00000000d5680000)
  from space 512K, 62% used [0x00000000d5780000,0x00000000d57d0000,0x00000000d5800000)
  to   space 512K, 0% used [0x00000000d5700000,0x00000000d5700000,0x00000000d5780000)
 ParOldGen       total 256512K, used 256420K [0x0000000080000000, 0x000000008fa80000, 0x00000000d5580000)
  object space 256512K, 99% used [0x0000000080000000,0x000000008fa69360,0x000000008fa80000)
 Metaspace       used 70911K, committed 72512K, reserved 1114112K
  class space    used 7482K, committed 8192K, reserved 1048576K
}
Event: 61.030 GC heap before
{Heap before GC invocations=290 (full 3):
 PSYoungGen      total 1536K, used 1344K [0x00000000d5580000, 0x00000000d5800000, 0x0000000100000000)
  eden space 1024K, 100% used [0x00000000d5580000,0x00000000d5680000,0x00000000d5680000)
  from space 512K, 62% used [0x00000000d5780000,0x00000000d57d0000,0x00000000d5800000)
  to   space 512K, 0% used [0x00000000d5700000,0x00000000d5700000,0x00000000d5780000)
 ParOldGen       total 256512K, used 256420K [0x0000000080000000, 0x000000008fa80000, 0x00000000d5580000)
  object space 256512K, 99% used [0x0000000080000000,0x000000008fa69360,0x000000008fa80000)
 Metaspace       used 70911K, committed 72512K, reserved 1114112K
  class space    used 7482K, committed 8192K, reserved 1048576K
}
Event: 61.032 GC heap after
{Heap after GC invocations=290 (full 3):
 PSYoungGen      total 1536K, used 320K [0x00000000d5580000, 0x00000000d5800000, 0x0000000100000000)
  eden space 1024K, 0% used [0x00000000d5580000,0x00000000d5580000,0x00000000d5680000)
  from space 512K, 62% used [0x00000000d5700000,0x00000000d5750000,0x00000000d5780000)
  to   space 512K, 0% used [0x00000000d5780000,0x00000000d5780000,0x00000000d5800000)
 ParOldGen       total 257024K, used 256564K [0x0000000080000000, 0x000000008fb00000, 0x00000000d5580000)
  object space 257024K, 99% used [0x0000000080000000,0x000000008fa8d360,0x000000008fb00000)
 Metaspace       used 70911K, committed 72512K, reserved 1114112K
  class space    used 7482K, committed 8192K, reserved 1048576K
}
Event: 61.046 GC heap before
{Heap before GC invocations=291 (full 3):
 PSYoungGen      total 1536K, used 1344K [0x00000000d5580000, 0x00000000d5800000, 0x0000000100000000)
  eden space 1024K, 100% used [0x00000000d5580000,0x00000000d5680000,0x00000000d5680000)
  from space 512K, 62% used [0x00000000d5700000,0x00000000d5750000,0x00000000d5780000)
  to   space 512K, 0% used [0x00000000d5780000,0x00000000d5780000,0x00000000d5800000)
 ParOldGen       total 257024K, used 256564K [0x0000000080000000, 0x000000008fb00000, 0x00000000d5580000)
  object space 257024K, 99% used [0x0000000080000000,0x000000008fa8d360,0x000000008fb00000)
 Metaspace       used 70911K, committed 72512K, reserved 1114112K
  class space    used 7482K, committed 8192K, reserved 1048576K
}
Event: 61.048 GC heap after
{Heap after GC invocations=291 (full 3):
 PSYoungGen      total 1536K, used 352K [0x00000000d5580000, 0x00000000d5800000, 0x0000000100000000)
  eden space 1024K, 0% used [0x00000000d5580000,0x00000000d5580000,0x00000000d5680000)
  from space 512K, 68% used [0x00000000d5780000,0x00000000d57d8000,0x00000000d5800000)
  to   space 512K, 0% used [0x00000000d5700000,0x00000000d5700000,0x00000000d5780000)
 ParOldGen       total 257024K, used 256724K [0x0000000080000000, 0x000000008fb00000, 0x00000000d5580000)
  object space 257024K, 99% used [0x0000000080000000,0x000000008fab5360,0x000000008fb00000)
 Metaspace       used 70911K, committed 72512K, reserved 1114112K
  class space    used 7482K, committed 8192K, reserved 1048576K
}
Event: 61.063 GC heap before
{Heap before GC invocations=292 (full 3):
 PSYoungGen      total 1536K, used 1376K [0x00000000d5580000, 0x00000000d5800000, 0x0000000100000000)
  eden space 1024K, 100% used [0x00000000d5580000,0x00000000d5680000,0x00000000d5680000)
  from space 512K, 68% used [0x00000000d5780000,0x00000000d57d8000,0x00000000d5800000)
  to   space 512K, 0% used [0x00000000d5700000,0x00000000d5700000,0x00000000d5780000)
 ParOldGen       total 257024K, used 256724K [0x0000000080000000, 0x000000008fb00000, 0x00000000d5580000)
  object space 257024K, 99% used [0x0000000080000000,0x000000008fab5360,0x000000008fb00000)
 Metaspace       used 70911K, committed 72512K, reserved 1114112K
  class space    used 7482K, committed 8192K, reserved 1048576K
}
Event: 61.064 GC heap after
{Heap after GC invocations=292 (full 3):
 PSYoungGen      total 1536K, used 384K [0x00000000d5580000, 0x00000000d5800000, 0x0000000100000000)
  eden space 1024K, 0% used [0x00000000d5580000,0x00000000d5580000,0x00000000d5680000)
  from space 512K, 75% used [0x00000000d5700000,0x00000000d5760000,0x00000000d5780000)
  to   space 512K, 0% used [0x00000000d5780000,0x00000000d5780000,0x00000000d5800000)
 ParOldGen       total 257024K, used 256860K [0x0000000080000000, 0x000000008fb00000, 0x00000000d5580000)
  object space 257024K, 99% used [0x0000000080000000,0x000000008fad7360,0x000000008fb00000)
 Metaspace       used 70911K, committed 72512K, reserved 1114112K
  class space    used 7482K, committed 8192K, reserved 1048576K
}
Event: 61.081 GC heap before
{Heap before GC invocations=293 (full 3):
 PSYoungGen      total 1536K, used 1408K [0x00000000d5580000, 0x00000000d5800000, 0x0000000100000000)
  eden space 1024K, 100% used [0x00000000d5580000,0x00000000d5680000,0x00000000d5680000)
  from space 512K, 75% used [0x00000000d5700000,0x00000000d5760000,0x00000000d5780000)
  to   space 512K, 0% used [0x00000000d5780000,0x00000000d5780000,0x00000000d5800000)
 ParOldGen       total 257024K, used 256860K [0x0000000080000000, 0x000000008fb00000, 0x00000000d5580000)
  object space 257024K, 99% used [0x0000000080000000,0x000000008fad7360,0x000000008fb00000)
 Metaspace       used 70911K, committed 72512K, reserved 1114112K
  class space    used 7482K, committed 8192K, reserved 1048576K
}
Event: 61.084 GC heap after
{Heap after GC invocations=293 (full 3):
 PSYoungGen      total 1536K, used 384K [0x00000000d5580000, 0x00000000d5800000, 0x0000000100000000)
  eden space 1024K, 0% used [0x00000000d5580000,0x00000000d5580000,0x00000000d5680000)
  from space 512K, 75% used [0x00000000d5780000,0x00000000d57e0000,0x00000000d5800000)
  to   space 512K, 0% used [0x00000000d5700000,0x00000000d5700000,0x00000000d5780000)
 ParOldGen       total 257536K, used 257036K [0x0000000080000000, 0x000000008fb80000, 0x00000000d5580000)
  object space 257536K, 99% used [0x0000000080000000,0x000000008fb03360,0x000000008fb80000)
 Metaspace       used 70911K, committed 72512K, reserved 1114112K
  class space    used 7482K, committed 8192K, reserved 1048576K
}
Event: 61.103 GC heap before
{Heap before GC invocations=294 (full 3):
 PSYoungGen      total 1536K, used 1403K [0x00000000d5580000, 0x00000000d5800000, 0x0000000100000000)
  eden space 1024K, 99% used [0x00000000d5580000,0x00000000d567ee90,0x00000000d5680000)
  from space 512K, 75% used [0x00000000d5780000,0x00000000d57e0000,0x00000000d5800000)
  to   space 512K, 0% used [0x00000000d5700000,0x00000000d5700000,0x00000000d5780000)
 ParOldGen       total 257536K, used 257036K [0x0000000080000000, 0x000000008fb80000, 0x00000000d5580000)
  object space 257536K, 99% used [0x0000000080000000,0x000000008fb03360,0x000000008fb80000)
 Metaspace       used 70912K, committed 72512K, reserved 1114112K
  class space    used 7482K, committed 8192K, reserved 1048576K
}
Event: 61.106 GC heap after
{Heap after GC invocations=294 (full 3):
 PSYoungGen      total 1536K, used 320K [0x00000000d5580000, 0x00000000d5800000, 0x0000000100000000)
  eden space 1024K, 0% used [0x00000000d5580000,0x00000000d5580000,0x00000000d5680000)
  from space 512K, 62% used [0x00000000d5700000,0x00000000d5750000,0x00000000d5780000)
  to   space 512K, 0% used [0x00000000d5780000,0x00000000d5780000,0x00000000d5800000)
 ParOldGen       total 257536K, used 257196K [0x0000000080000000, 0x000000008fb80000, 0x00000000d5580000)
  object space 257536K, 99% used [0x0000000080000000,0x000000008fb2b360,0x000000008fb80000)
 Metaspace       used 70912K, committed 72512K, reserved 1114112K
  class space    used 7482K, committed 8192K, reserved 1048576K
}
Event: 61.170 GC heap before
{Heap before GC invocations=295 (full 3):
 PSYoungGen      total 1536K, used 1344K [0x00000000d5580000, 0x00000000d5800000, 0x0000000100000000)
  eden space 1024K, 100% used [0x00000000d5580000,0x00000000d5680000,0x00000000d5680000)
  from space 512K, 62% used [0x00000000d5700000,0x00000000d5750000,0x00000000d5780000)
  to   space 512K, 0% used [0x00000000d5780000,0x00000000d5780000,0x00000000d5800000)
 ParOldGen       total 257536K, used 257196K [0x0000000080000000, 0x000000008fb80000, 0x00000000d5580000)
  object space 257536K, 99% used [0x0000000080000000,0x000000008fb2b360,0x000000008fb80000)
 Metaspace       used 70926K, committed 72576K, reserved 1114112K
  class space    used 7482K, committed 8192K, reserved 1048576K
}
Event: 61.172 GC heap after
{Heap after GC invocations=295 (full 3):
 PSYoungGen      total 1536K, used 320K [0x00000000d5580000, 0x00000000d5800000, 0x0000000100000000)
  eden space 1024K, 0% used [0x00000000d5580000,0x00000000d5580000,0x00000000d5680000)
  from space 512K, 62% used [0x00000000d5780000,0x00000000d57d0000,0x00000000d5800000)
  to   space 512K, 0% used [0x00000000d5700000,0x00000000d5700000,0x00000000d5780000)
 ParOldGen       total 257536K, used 257380K [0x0000000080000000, 0x000000008fb80000, 0x00000000d5580000)
  object space 257536K, 99% used [0x0000000080000000,0x000000008fb59360,0x000000008fb80000)
 Metaspace       used 70926K, committed 72576K, reserved 1114112K
  class space    used 7482K, committed 8192K, reserved 1048576K
}
Event: 82.801 GC heap before
{Heap before GC invocations=296 (full 3):
 PSYoungGen      total 1536K, used 1344K [0x00000000d5580000, 0x00000000d5800000, 0x0000000100000000)
  eden space 1024K, 100% used [0x00000000d5580000,0x00000000d5680000,0x00000000d5680000)
  from space 512K, 62% used [0x00000000d5780000,0x00000000d57d0000,0x00000000d5800000)
  to   space 512K, 0% used [0x00000000d5700000,0x00000000d5700000,0x00000000d5780000)
 ParOldGen       total 257536K, used 257380K [0x0000000080000000, 0x000000008fb80000, 0x00000000d5580000)
  object space 257536K, 99% used [0x0000000080000000,0x000000008fb59360,0x000000008fb80000)
 Metaspace       used 71033K, committed 72640K, reserved 1114112K
  class space    used 7500K, committed 8192K, reserved 1048576K
}
Event: 82.804 GC heap after
{Heap after GC invocations=296 (full 3):
 PSYoungGen      total 1536K, used 288K [0x00000000d5580000, 0x00000000d5800000, 0x0000000100000000)
  eden space 1024K, 0% used [0x00000000d5580000,0x00000000d5580000,0x00000000d5680000)
  from space 512K, 56% used [0x00000000d5700000,0x00000000d5748000,0x00000000d5780000)
  to   space 512K, 0% used [0x00000000d5780000,0x00000000d5780000,0x00000000d5800000)
 ParOldGen       total 257536K, used 257525K [0x0000000080000000, 0x000000008fb80000, 0x00000000d5580000)
  object space 257536K, 99% used [0x0000000080000000,0x000000008fb7d790,0x000000008fb80000)
 Metaspace       used 71033K, committed 72640K, reserved 1114112K
  class space    used 7500K, committed 8192K, reserved 1048576K
}

Dll operation events (11 events):
Event: 0.040 Loaded shared library c:\Users\luisa\.vscode\extensions\redhat.java-1.54.0-win32-x64\jre\21.0.10-win32-x86_64\bin\java.dll
Event: 0.188 Loaded shared library c:\Users\luisa\.vscode\extensions\redhat.java-1.54.0-win32-x64\jre\21.0.10-win32-x86_64\bin\zip.dll
Event: 0.221 Loaded shared library C:\Users\luisa\.vscode\extensions\redhat.java-1.54.0-win32-x64\jre\21.0.10-win32-x86_64\bin\instrument.dll
Event: 0.228 Loaded shared library C:\Users\luisa\.vscode\extensions\redhat.java-1.54.0-win32-x64\jre\21.0.10-win32-x86_64\bin\net.dll
Event: 0.232 Loaded shared library C:\Users\luisa\.vscode\extensions\redhat.java-1.54.0-win32-x64\jre\21.0.10-win32-x86_64\bin\nio.dll
Event: 0.237 Loaded shared library C:\Users\luisa\.vscode\extensions\redhat.java-1.54.0-win32-x64\jre\21.0.10-win32-x86_64\bin\zip.dll
Event: 0.267 Loaded shared library C:\Users\luisa\.vscode\extensions\redhat.java-1.54.0-win32-x64\jre\21.0.10-win32-x86_64\bin\jimage.dll
Event: 0.395 Loaded shared library c:\Users\luisa\.vscode\extensions\redhat.java-1.54.0-win32-x64\jre\21.0.10-win32-x86_64\bin\verify.dll
Event: 2.300 Loaded shared library C:\Users\luisa\AppData\Roaming\Code\User\globalStorage\redhat.java\1.54.0\config_win\org.eclipse.equinox.launcher\org.eclipse.equinox.launcher.win32.win32.x86_64_1.3.0.v20260203-2149\eclipse_11919.dll
Event: 6.956 Loaded shared library C:\Users\luisa\AppData\Local\Temp\jna-103330382\jna13404254846673482253.dll
Event: 27.241 Loaded shared library C:\Users\luisa\.vscode\extensions\redhat.java-1.54.0-win32-x64\jre\21.0.10-win32-x86_64\bin\sunmscapi.dll

Deoptimization events (20 events):
Event: 54.337 Thread 0x00000297c8feb040 Uncommon trap: trap_request=0xffffffd6 fr.pc=0x00000297f1ab3210 relative=0x00000000000004b0
Event: 54.337 Thread 0x00000297c8feb040 Uncommon trap: reason=array_check action=maybe_recompile pc=0x00000297f1ab3210 method=org.eclipse.jdt.internal.compiler.lookup.UnresolvedReferenceBinding.addWrapper(Lorg/eclipse/jdt/internal/compiler/lookup/HotSwappable;Lorg/eclipse/jdt/internal/compiler/
Event: 54.337 Thread 0x00000297c8feb040 DEOPT PACKING pc=0x00000297f1ab3210 sp=0x000000b08ccfd2c0
Event: 54.337 Thread 0x00000297c8feb040 DEOPT UNPACKING pc=0x00000297f0db3aa2 sp=0x000000b08ccfd270 mode 2
Event: 54.440 Thread 0x00000297c8feb040 Uncommon trap: trap_request=0xffffffde fr.pc=0x00000297f16e0098 relative=0x0000000000000078
Event: 54.440 Thread 0x00000297c8feb040 Uncommon trap: reason=class_check action=maybe_recompile pc=0x00000297f16e0098 method=java.util.LinkedHashMap.afterNodeInsertion(Z)V @ 15 c2
Event: 54.440 Thread 0x00000297c8feb040 DEOPT PACKING pc=0x00000297f16e0098 sp=0x000000b08ccfeb90
Event: 54.440 Thread 0x00000297c8feb040 DEOPT UNPACKING pc=0x00000297f0db3aa2 sp=0x000000b08ccfeb08 mode 2
Event: 54.488 Thread 0x00000297c8feb040 Uncommon trap: trap_request=0xffffffbe fr.pc=0x00000297f19e9364 relative=0x0000000000000d24
Event: 54.488 Thread 0x00000297c8feb040 Uncommon trap: reason=profile_predicate action=maybe_recompile pc=0x00000297f19e9364 method=java.util.regex.Pattern$BnM.optimize(Ljava/util/regex/Pattern$Node;)Ljava/util/regex/Pattern$Node; @ 67 c2
Event: 54.488 Thread 0x00000297c8feb040 DEOPT PACKING pc=0x00000297f19e9364 sp=0x000000b08ccfe410
Event: 54.488 Thread 0x00000297c8feb040 DEOPT UNPACKING pc=0x00000297f0db3aa2 sp=0x000000b08ccfe340 mode 2
Event: 54.489 Thread 0x00000297c8feb040 Uncommon trap: trap_request=0xffffffbe fr.pc=0x00000297f19e9364 relative=0x0000000000000d24
Event: 54.489 Thread 0x00000297c8feb040 Uncommon trap: reason=profile_predicate action=maybe_recompile pc=0x00000297f19e9364 method=java.util.regex.Pattern$BnM.optimize(Ljava/util/regex/Pattern$Node;)Ljava/util/regex/Pattern$Node; @ 67 c2
Event: 54.489 Thread 0x00000297c8feb040 DEOPT PACKING pc=0x00000297f19e9364 sp=0x000000b08ccfe3b0
Event: 54.489 Thread 0x00000297c8feb040 DEOPT UNPACKING pc=0x00000297f0db3aa2 sp=0x000000b08ccfe2e0 mode 2
Event: 61.016 Thread 0x00000297c8feb040 DEOPT PACKING pc=0x00000297eaeac0e6 sp=0x000000b08ccfd520
Event: 61.016 Thread 0x00000297c8feb040 DEOPT UNPACKING pc=0x00000297f0db4242 sp=0x000000b08ccfc988 mode 0
Event: 82.783 Thread 0x00000297c8feb040 DEOPT PACKING pc=0x00000297ea1aadc8 sp=0x000000b08ccfde60
Event: 82.783 Thread 0x00000297c8feb040 DEOPT UNPACKING pc=0x00000297f0db4242 sp=0x000000b08ccfd318 mode 0

Classes loaded (20 events):
Event: 33.178 Loading class java/util/stream/DistinctOps
Event: 33.215 Loading class java/util/stream/DistinctOps done
Event: 33.215 Loading class java/util/stream/DistinctOps$1
Event: 33.216 Loading class java/util/stream/DistinctOps$1 done
Event: 33.224 Loading class java/util/stream/DistinctOps$1$2
Event: 33.225 Loading class java/util/stream/DistinctOps$1$2 done
Event: 33.638 Loading class java/util/stream/ReduceOps$5
Event: 33.638 Loading class java/util/stream/ReduceOps$5 done
Event: 33.638 Loading class java/util/stream/ReduceOps$CountingSink$OfRef
Event: 33.639 Loading class java/util/stream/ReduceOps$CountingSink
Event: 33.639 Loading class java/util/stream/ReduceOps$CountingSink done
Event: 33.639 Loading class java/util/stream/ReduceOps$CountingSink$OfRef done
Event: 33.899 Loading class java/util/stream/ReduceOps$1
Event: 33.899 Loading class java/util/stream/ReduceOps$1 done
Event: 33.899 Loading class java/util/stream/ReduceOps$1ReducingSink
Event: 33.900 Loading class java/util/stream/ReduceOps$1ReducingSink done
Event: 34.184 Loading class jdk/internal/ref/CleanerImpl$InnocuousThreadFactory
Event: 34.185 Loading class jdk/internal/ref/CleanerImpl$InnocuousThreadFactory done
Event: 34.739 Loading class java/nio/file/Files$2
Event: 34.739 Loading class java/nio/file/Files$2 done

Classes unloaded (7 events):
Event: 8.012 Thread 0x00000297e65c40c0 Unloading class 0x00000297811acc00 'java/lang/invoke/LambdaForm$MH+0x00000297811acc00'
Event: 8.012 Thread 0x00000297e65c40c0 Unloading class 0x00000297811ac800 'java/lang/invoke/LambdaForm$MH+0x00000297811ac800'
Event: 8.012 Thread 0x00000297e65c40c0 Unloading class 0x00000297811ac400 'java/lang/invoke/LambdaForm$MH+0x00000297811ac400'
Event: 8.012 Thread 0x00000297e65c40c0 Unloading class 0x00000297811ac000 'java/lang/invoke/LambdaForm$MH+0x00000297811ac000'
Event: 8.012 Thread 0x00000297e65c40c0 Unloading class 0x00000297811abc00 'java/lang/invoke/LambdaForm$BMH+0x00000297811abc00'
Event: 8.012 Thread 0x00000297e65c40c0 Unloading class 0x00000297811ab800 'java/lang/invoke/LambdaForm$DMH+0x00000297811ab800'
Event: 8.012 Thread 0x00000297e65c40c0 Unloading class 0x00000297811aa400 'java/lang/invoke/LambdaForm$DMH+0x00000297811aa400'

Classes redefined (0 events):
No events

Internal exceptions (20 events):
Event: 32.148 Thread 0x00000297c6e6fb60 Exception <a 'java/io/FileNotFoundException'{0x00000000d5cd2658}> (0x00000000d5cd2658) 
thrown [s\src\hotspot\share\prims\jni.cpp, line 520]
Event: 32.201 Thread 0x00000297c8fe9600 Exception <a 'java/lang/NoSuchMethodError'{0x00000000d5624c58}: 'void java.lang.invoke.DirectMethodHandle$Holder.invokeVirtual(java.lang.Object, java.lang.Object, java.lang.Object, java.lang.Object, java.lang.Object)'> (0x00000000d5624c58) 
thrown [s\src\hotspot\share\interpreter\linkResolver.cpp, line 773]
Event: 32.201 Thread 0x00000297c8fea9b0 Exception <a 'java/lang/NoSuchMethodError'{0x00000000d5646420}: 'java.lang.Object java.lang.invoke.DirectMethodHandle$Holder.invokeStatic(java.lang.Object, java.lang.Object, int, java.lang.Object, java.lang.Object)'> (0x00000000d5646420) 
thrown [s\src\hotspot\share\interpreter\linkResolver.cpp, line 773]
Event: 32.523 Thread 0x00000297c8fe8f70 Exception <a 'sun/nio/fs/WindowsException'{0x00000000d569b5a0}> (0x00000000d569b5a0) 
thrown [s\src\hotspot\share\prims\jni.cpp, line 520]
Event: 32.523 Thread 0x00000297c8fe8f70 Exception <a 'sun/nio/fs/WindowsException'{0x00000000d5725000}> (0x00000000d5725000) 
thrown [s\src\hotspot\share\prims\jni.cpp, line 520]
Event: 33.234 Thread 0x00000297c6e72fe0 Exception <a 'java/lang/NoSuchMethodError'{0x00000000d56e5528}: 'java.lang.Object java.lang.invoke.DirectMethodHandle$Holder.newInvokeSpecial(java.lang.Object, java.lang.Object, int, java.lang.Object, java.lang.Object)'> (0x00000000d56e5528) 
thrown [s\src\hotspot\share\interpreter\linkResolver.cpp, line 773]
Event: 33.244 Thread 0x00000297c6e72fe0 Exception <a 'java/lang/NoSuchMethodError'{0x00000000d570a620}: 'java.lang.Object java.lang.invoke.DirectMethodHandle$Holder.invokeSpecial(java.lang.Object, java.lang.Object, java.lang.Object, int, java.lang.Object, java.lang.Object, java.lang.Object)'> (0x00000000d570a620) 
thrown [s\src\hotspot\share\interpreter\linkResolver.cpp, line 773]
Event: 33.251 Thread 0x00000297c6e72fe0 Exception <a 'java/lang/NoSuchMethodError'{0x00000000d5715a20}: 'java.lang.Object java.lang.invoke.DirectMethodHandle$Holder.newInvokeSpecial(java.lang.Object, java.lang.Object, int)'> (0x00000000d5715a20) 
thrown [s\src\hotspot\share\interpreter\linkResolver.cpp, line 773]
Event: 33.289 Thread 0x00000297c6e72fe0 Exception <a 'java/lang/NoSuchMethodError'{0x00000000d5837370}: 'void java.lang.invoke.DirectMethodHandle$Holder.invokeStatic(java.lang.Object, int)'> (0x00000000d5837370) 
thrown [s\src\hotspot\share\interpreter\linkResolver.cpp, line 773]
Event: 33.558 Thread 0x00000297c6e6fb60 Implicit null exception at 0x00000297f15203cf to 0x00000297f1520524
Event: 33.589 Thread 0x00000297c6e72fe0 Exception <a 'java/io/FileNotFoundException'{0x00000000d581ba28}> (0x00000000d581ba28) 
thrown [s\src\hotspot\share\prims\jni.cpp, line 520]
Event: 33.590 Thread 0x00000297c6e72fe0 Exception <a 'java/io/FileNotFoundException'{0x00000000d581ccf8}> (0x00000000d581ccf8) 
thrown [s\src\hotspot\share\prims\jni.cpp, line 520]
Event: 33.590 Thread 0x00000297c6e72fe0 Exception <a 'java/io/FileNotFoundException'{0x00000000d581dd28}> (0x00000000d581dd28) 
thrown [s\src\hotspot\share\prims\jni.cpp, line 520]
Event: 33.642 Thread 0x00000297c50b8080 Exception <a 'sun/nio/fs/WindowsException'{0x00000000d5971be8}> (0x00000000d5971be8) 
thrown [s\src\hotspot\share\prims\jni.cpp, line 520]
Event: 33.643 Thread 0x00000297c50b8080 Exception <a 'sun/nio/fs/WindowsException'{0x00000000d5972540}> (0x00000000d5972540) 
thrown [s\src\hotspot\share\prims\jni.cpp, line 520]
Event: 33.966 Thread 0x00000297c50b8080 Exception <a 'java/lang/NoSuchMethodError'{0x00000000d58cf960}: 'java.lang.Object java.lang.invoke.DirectMethodHandle$Holder.invokeStatic(java.lang.Object, java.lang.Object, int, java.lang.Object)'> (0x00000000d58cf960) 
thrown [s\src\hotspot\share\interpreter\linkResolver.cpp, line 773]
Event: 54.496 Thread 0x00000297c8febd60 Exception <a 'java/lang/ArrayIndexOutOfBoundsException'{0x00000000d564ccd8}> (0x00000000d564ccd8) 
thrown [s\src\hotspot\share\runtime\sharedRuntime.cpp, line 625]
Event: 60.305 Thread 0x00000297c7df6ca0 Exception <a 'java/lang/ArrayIndexOutOfBoundsException'{0x00000000d56347d8}> (0x00000000d56347d8) 
thrown [s\src\hotspot\share\runtime\sharedRuntime.cpp, line 625]
Event: 82.730 Thread 0x00000297c7df8050 Exception <a 'java/lang/IncompatibleClassChangeError'{0x00000000d55d27b0}: Found class java.lang.Object, but interface was expected> (0x00000000d55d27b0) 
thrown [s\src\hotspot\share\interpreter\linkResolver.cpp, line 840]
Event: 82.826 Thread 0x00000297c8feb040 Exception <a 'java/lang/NoSuchMethodError'{0x00000000d55a9ea0}: 'java.lang.Object java.lang.invoke.DirectMethodHandle$Holder.invokeStatic(java.lang.Object, int, java.lang.Object)'> (0x00000000d55a9ea0) 
thrown [s\src\hotspot\share\interpreter\linkResolver.cpp, line 773]

ZGC Phase Switch (0 events):
No events

VM Operations (20 events):
Event: 61.030 Executing safepoint VM operation: ParallelGCFailedAllocation (Allocation Failure)
Event: 61.032 Executing safepoint VM operation: ParallelGCFailedAllocation (Allocation Failure) done
Event: 61.045 Executing safepoint VM operation: ParallelGCFailedAllocation (Allocation Failure)
Event: 61.048 Executing safepoint VM operation: ParallelGCFailedAllocation (Allocation Failure) done
Event: 61.062 Executing safepoint VM operation: ParallelGCFailedAllocation (Allocation Failure)
Event: 61.065 Executing safepoint VM operation: ParallelGCFailedAllocation (Allocation Failure) done
Event: 61.081 Executing safepoint VM operation: ParallelGCFailedAllocation (Allocation Failure)
Event: 61.084 Executing safepoint VM operation: ParallelGCFailedAllocation (Allocation Failure) done
Event: 61.103 Executing safepoint VM operation: ParallelGCFailedAllocation (Allocation Failure)
Event: 61.106 Executing safepoint VM operation: ParallelGCFailedAllocation (Allocation Failure) done
Event: 61.170 Executing safepoint VM operation: ParallelGCFailedAllocation (Allocation Failure)
Event: 61.172 Executing safepoint VM operation: ParallelGCFailedAllocation (Allocation Failure) done
Event: 62.174 Executing safepoint VM operation: Cleanup
Event: 62.174 Executing safepoint VM operation: Cleanup done
Event: 71.258 Executing safepoint VM operation: Cleanup
Event: 71.258 Executing safepoint VM operation: Cleanup done
Event: 82.801 Executing safepoint VM operation: ParallelGCFailedAllocation (Allocation Failure)
Event: 82.804 Executing safepoint VM operation: ParallelGCFailedAllocation (Allocation Failure) done
Event: 83.809 Executing safepoint VM operation: Cleanup
Event: 83.809 Executing safepoint VM operation: Cleanup done

Memory protections (0 events):
No events

Nmethod flushes (20 events):
Event: 27.462 Thread 0x00000297e65c40c0 flushing  nmethod 0x00000297ea0e5890
Event: 27.462 Thread 0x00000297e65c40c0 flushing  nmethod 0x00000297ea0e5c10
Event: 27.462 Thread 0x00000297e65c40c0 flushing  nmethod 0x00000297ea0e6b10
Event: 27.462 Thread 0x00000297e65c40c0 flushing  nmethod 0x00000297ea123b90
Event: 27.462 Thread 0x00000297e65c40c0 flushing  nmethod 0x00000297ea124190
Event: 27.462 Thread 0x00000297e65c40c0 flushing  nmethod 0x00000297ea129410
Event: 27.462 Thread 0x00000297e65c40c0 flushing  nmethod 0x00000297ea133090
Event: 27.462 Thread 0x00000297e65c40c0 flushing  nmethod 0x00000297ea134690
Event: 27.462 Thread 0x00000297e65c40c0 flushing  nmethod 0x00000297ea135b10
Event: 27.462 Thread 0x00000297e65c40c0 flushing  nmethod 0x00000297ea135f90
Event: 27.462 Thread 0x00000297e65c40c0 flushing  nmethod 0x00000297ea13c490
Event: 27.462 Thread 0x00000297e65c40c0 flushing  nmethod 0x00000297ea13e090
Event: 27.462 Thread 0x00000297e65c40c0 flushing  nmethod 0x00000297ea13e690
Event: 27.462 Thread 0x00000297e65c40c0 flushing  nmethod 0x00000297ea13fc10
Event: 27.462 Thread 0x00000297e65c40c0 flushing  nmethod 0x00000297ea140010
Event: 27.462 Thread 0x00000297e65c40c0 flushing  nmethod 0x00000297ea145f10
Event: 27.462 Thread 0x00000297e65c40c0 flushing  nmethod 0x00000297ea157b90
Event: 27.462 Thread 0x00000297e65c40c0 flushing osr nmethod 0x00000297ea16ed90
Event: 27.462 Thread 0x00000297e65c40c0 flushing  nmethod 0x00000297ea192d90
Event: 27.462 Thread 0x00000297e65c40c0 flushing  nmethod 0x00000297ea1a3210

Events (20 events):
Event: 30.769 Thread 0x00000297c8fede30 Thread exited: 0x00000297c8fede30
Event: 30.769 Thread 0x00000297c8fed110 Thread exited: 0x00000297c8fed110
Event: 30.769 Thread 0x00000297c8fe9c90 Thread exited: 0x00000297c8fe9c90
Event: 34.186 Thread 0x00000297c7df6ca0 Thread added: 0x00000297c8fef1e0
Event: 40.573 Thread 0x00000297c7f2bc70 Thread exited: 0x00000297c7f2bc70
Event: 41.310 Thread 0x00000297c8bbd180 Thread exited: 0x00000297c8bbd180
Event: 47.542 Thread 0x00000297fe36fef0 Thread added: 0x00000297c6478630
Event: 47.548 Thread 0x00000297fe36fef0 Thread added: 0x00000297c6476af0
Event: 50.424 Thread 0x00000297c6476af0 Thread exited: 0x00000297c6476af0
Event: 50.424 Thread 0x00000297c6478630 Thread exited: 0x00000297c6478630
Event: 50.452 Thread 0x00000297fe36fef0 Thread added: 0x00000297c6478d00
Event: 50.467 Thread 0x00000297fe36fef0 Thread added: 0x00000297c6476af0
Event: 52.051 Thread 0x00000297c6476af0 Thread exited: 0x00000297c6476af0
Event: 54.088 Thread 0x00000297fe36fef0 Thread added: 0x00000297c72951e0
Event: 55.811 Thread 0x00000297c72951e0 Thread exited: 0x00000297c72951e0
Event: 59.900 Thread 0x00000297c6478d00 Thread exited: 0x00000297c6478d00
Event: 59.994 Thread 0x00000297fe36fef0 Thread added: 0x00000297c7292fd0
Event: 66.504 Thread 0x00000297c7292fd0 Thread exited: 0x00000297c7292fd0
Event: 82.816 Thread 0x00000297fe36fef0 Thread added: 0x00000297c7292fd0
Event: 82.816 Thread 0x00000297fe36fef0 Thread added: 0x00000297c7293d70


Dynamic libraries:
0x00007ff70e3d0000 - 0x00007ff70e3de000 	c:\Users\luisa\.vscode\extensions\redhat.java-1.54.0-win32-x64\jre\21.0.10-win32-x86_64\bin\java.exe
0x00007ff958260000 - 0x00007ff9584c7000 	C:\WINDOWS\SYSTEM32\ntdll.dll
0x00007ff957080000 - 0x00007ff957149000 	C:\WINDOWS\System32\KERNEL32.DLL
0x00007ff954d40000 - 0x00007ff955137000 	C:\WINDOWS\System32\KERNELBASE.dll
0x00007ff9559e0000 - 0x00007ff955b2b000 	C:\WINDOWS\System32\ucrtbase.dll
0x00007ff92c0c0000 - 0x00007ff92c0d8000 	c:\Users\luisa\.vscode\extensions\redhat.java-1.54.0-win32-x64\jre\21.0.10-win32-x86_64\bin\jli.dll
0x00007ff924b60000 - 0x00007ff924b7e000 	c:\Users\luisa\.vscode\extensions\redhat.java-1.54.0-win32-x64\jre\21.0.10-win32-x86_64\bin\VCRUNTIME140.dll
0x00007ff9569a0000 - 0x00007ff956b66000 	C:\WINDOWS\System32\USER32.dll
0x00007ff938a80000 - 0x00007ff938d12000 	C:\WINDOWS\WinSxS\amd64_microsoft.windows.common-controls_6595b64144ccf1df_6.0.26100.8457_none_3e0b2faee331e92d\COMCTL32.dll
0x00007ff9559b0000 - 0x00007ff9559d7000 	C:\WINDOWS\System32\win32u.dll
0x00007ff9568f0000 - 0x00007ff956999000 	C:\WINDOWS\System32\msvcrt.dll
0x00007ff957cd0000 - 0x00007ff957cfb000 	C:\WINDOWS\System32\GDI32.dll
0x00007ff955be0000 - 0x00007ff955d0c000 	C:\WINDOWS\System32\gdi32full.dll
0x00007ff955b30000 - 0x00007ff955bd3000 	C:\WINDOWS\System32\msvcp_win.dll
0x00007ff9568b0000 - 0x00007ff9568e2000 	C:\WINDOWS\System32\IMM32.DLL
0x00007ff93f5f0000 - 0x00007ff93f5fc000 	c:\Users\luisa\.vscode\extensions\redhat.java-1.54.0-win32-x64\jre\21.0.10-win32-x86_64\bin\vcruntime140_1.dll
0x00007ff8fd730000 - 0x00007ff8fd7bd000 	c:\Users\luisa\.vscode\extensions\redhat.java-1.54.0-win32-x64\jre\21.0.10-win32-x86_64\bin\msvcp140.dll
0x00007ff89ad50000 - 0x00007ff89baf1000 	c:\Users\luisa\.vscode\extensions\redhat.java-1.54.0-win32-x64\jre\21.0.10-win32-x86_64\bin\server\jvm.dll
0x00007ff956610000 - 0x00007ff9566c6000 	C:\WINDOWS\System32\ADVAPI32.dll
0x00007ff955fe0000 - 0x00007ff956087000 	C:\WINDOWS\System32\sechost.dll
0x00007ff956b70000 - 0x00007ff956c88000 	C:\WINDOWS\System32\RPCRT4.dll
0x00007ff9573d0000 - 0x00007ff957450000 	C:\WINDOWS\System32\WS2_32.dll
0x00007ff954320000 - 0x00007ff95437e000 	C:\WINDOWS\SYSTEM32\POWRPROF.dll
0x00007ff93ebf0000 - 0x00007ff93ec26000 	C:\WINDOWS\SYSTEM32\WINMM.dll
0x00007ff949010000 - 0x00007ff94901b000 	C:\WINDOWS\SYSTEM32\VERSION.dll
0x00007ff954190000 - 0x00007ff9541a4000 	C:\WINDOWS\SYSTEM32\UMPDC.dll
0x00007ff953a00000 - 0x00007ff953a1b000 	C:\WINDOWS\SYSTEM32\kernel.appcore.dll
0x00007ff93f3d0000 - 0x00007ff93f3da000 	c:\Users\luisa\.vscode\extensions\redhat.java-1.54.0-win32-x64\jre\21.0.10-win32-x86_64\bin\jimage.dll
0x00007ff952bd0000 - 0x00007ff952e12000 	C:\WINDOWS\SYSTEM32\DBGHELP.DLL
0x00007ff956c90000 - 0x00007ff957013000 	C:\WINDOWS\System32\combase.dll
0x00007ff956530000 - 0x00007ff956609000 	C:\WINDOWS\System32\OLEAUT32.dll
0x00007ff934fe0000 - 0x00007ff93501b000 	C:\WINDOWS\SYSTEM32\dbgcore.DLL
0x00007ff954c90000 - 0x00007ff954d38000 	C:\WINDOWS\System32\bcryptPrimitives.dll
0x00007ff93eaf0000 - 0x00007ff93eaff000 	c:\Users\luisa\.vscode\extensions\redhat.java-1.54.0-win32-x64\jre\21.0.10-win32-x86_64\bin\instrument.dll
0x00007ff923070000 - 0x00007ff923090000 	c:\Users\luisa\.vscode\extensions\redhat.java-1.54.0-win32-x64\jre\21.0.10-win32-x86_64\bin\java.dll
0x00007ff9574a0000 - 0x00007ff957c0e000 	C:\WINDOWS\System32\SHELL32.dll
0x00007ff955140000 - 0x00007ff9559ac000 	C:\WINDOWS\System32\windows.storage.dll
0x00007ff956250000 - 0x00007ff956346000 	C:\WINDOWS\System32\SHCORE.dll
0x00007ff9564b0000 - 0x00007ff956516000 	C:\WINDOWS\System32\shlwapi.dll
0x00007ff954bb0000 - 0x00007ff954bd9000 	C:\WINDOWS\SYSTEM32\profapi.dll
0x00007ff923570000 - 0x00007ff923588000 	c:\Users\luisa\.vscode\extensions\redhat.java-1.54.0-win32-x64\jre\21.0.10-win32-x86_64\bin\zip.dll
0x00007ff93ea70000 - 0x00007ff93ea80000 	C:\Users\luisa\.vscode\extensions\redhat.java-1.54.0-win32-x64\jre\21.0.10-win32-x86_64\bin\net.dll
0x00007ff948c50000 - 0x00007ff948d79000 	C:\WINDOWS\SYSTEM32\WINHTTP.dll
0x00007ff954000000 - 0x00007ff95406c000 	C:\WINDOWS\system32\mswsock.dll
0x00007ff922fd0000 - 0x00007ff922fe6000 	C:\Users\luisa\.vscode\extensions\redhat.java-1.54.0-win32-x64\jre\21.0.10-win32-x86_64\bin\nio.dll
0x00007ff93c4f0000 - 0x00007ff93c500000 	c:\Users\luisa\.vscode\extensions\redhat.java-1.54.0-win32-x64\jre\21.0.10-win32-x86_64\bin\verify.dll
0x00007ff91a0b0000 - 0x00007ff91a0f5000 	C:\Users\luisa\AppData\Roaming\Code\User\globalStorage\redhat.java\1.54.0\config_win\org.eclipse.equinox.launcher\org.eclipse.equinox.launcher.win32.win32.x86_64_1.3.0.v20260203-2149\eclipse_11919.dll
0x00007ff957150000 - 0x00007ff9572e7000 	C:\WINDOWS\System32\ole32.dll
0x00007ff954390000 - 0x00007ff9543ab000 	C:\WINDOWS\SYSTEM32\CRYPTSP.dll
0x00007ff953950000 - 0x00007ff953989000 	C:\WINDOWS\system32\rsaenh.dll
0x00007ff9540b0000 - 0x00007ff9540e3000 	C:\WINDOWS\SYSTEM32\USERENV.dll
0x00007ff954b80000 - 0x00007ff954baa000 	C:\WINDOWS\SYSTEM32\bcrypt.dll
0x00007ff9543b0000 - 0x00007ff9543bc000 	C:\WINDOWS\SYSTEM32\CRYPTBASE.dll
0x00007ff9533e0000 - 0x00007ff953412000 	C:\WINDOWS\SYSTEM32\IPHLPAPI.DLL
0x00007ff956520000 - 0x00007ff95652a000 	C:\WINDOWS\System32\NSI.dll
0x00007ff9146e0000 - 0x00007ff914729000 	C:\Users\luisa\AppData\Local\Temp\jna-103330382\jna13404254846673482253.dll
0x00007ff9572f0000 - 0x00007ff9572f8000 	C:\WINDOWS\System32\PSAPI.DLL
0x00007ff949c10000 - 0x00007ff949c2d000 	C:\WINDOWS\SYSTEM32\dhcpcsvc6.DLL
0x00007ff949be0000 - 0x00007ff949c05000 	C:\WINDOWS\SYSTEM32\dhcpcsvc.DLL
0x00007ff93c1d0000 - 0x00007ff93c1de000 	C:\Users\luisa\.vscode\extensions\redhat.java-1.54.0-win32-x64\jre\21.0.10-win32-x86_64\bin\sunmscapi.dll
0x00007ff955e60000 - 0x00007ff955fd8000 	C:\WINDOWS\System32\CRYPT32.dll
0x00007ff9545b0000 - 0x00007ff9545e0000 	C:\WINDOWS\SYSTEM32\ncrypt.dll
0x00007ff954560000 - 0x00007ff95459f000 	C:\WINDOWS\SYSTEM32\NTASN1.dll

JVMTI agents:
c:\Users\luisa\.vscode\extensions\redhat.java-1.54.0-win32-x64\lombok\lombok-1.18.39-4050.jar path:c:\Users\luisa\.vscode\extensions\redhat.java-1.54.0-win32-x64\jre\21.0.10-win32-x86_64\bin\instrument.dll, loaded, initialized, instrumentlib options:none

dbghelp: loaded successfully - version: 4.0.5 - missing functions: none
symbol engine: initialized successfully - sym options: 0x614 - pdb path: .;c:\Users\luisa\.vscode\extensions\redhat.java-1.54.0-win32-x64\jre\21.0.10-win32-x86_64\bin;C:\WINDOWS\SYSTEM32;C:\WINDOWS\WinSxS\amd64_microsoft.windows.common-controls_6595b64144ccf1df_6.0.26100.8457_none_3e0b2faee331e92d;c:\Users\luisa\.vscode\extensions\redhat.java-1.54.0-win32-x64\jre\21.0.10-win32-x86_64\bin\server;C:\Users\luisa\AppData\Roaming\Code\User\globalStorage\redhat.java\1.54.0\config_win\org.eclipse.equinox.launcher\org.eclipse.equinox.launcher.win32.win32.x86_64_1.3.0.v20260203-2149;C:\Users\luisa\AppData\Local\Temp\jna-103330382

VM Arguments:
jvm_args: --add-modules=ALL-SYSTEM --add-opens=java.base/java.util=ALL-UNNAMED --add-opens=java.base/java.lang=ALL-UNNAMED --add-opens=java.base/sun.nio.fs=ALL-UNNAMED -Declipse.application=org.eclipse.jdt.ls.core.id1 -Dosgi.bundles.defaultStartLevel=4 -Declipse.product=org.eclipse.jdt.ls.core.product -Djava.import.generatesMetadataFilesAtProjectRoot=false -DDetectVMInstallationsJob.disabled=true -Dfile.encoding=utf8 -XX:+UseParallelGC -XX:GCTimeRatio=4 -XX:AdaptiveSizePolicyWeight=90 -Dsun.zip.disableMemoryMapping=true -Xmx2G -Xms100m -Xlog:disable -javaagent:c:\Users\luisa\.vscode\extensions\redhat.java-1.54.0-win32-x64\lombok\lombok-1.18.39-4050.jar -XX:+HeapDumpOnOutOfMemoryError -XX:HeapDumpPath=c:\Users\luisa\AppData\Roaming\Code\User\workspaceStorage\c39dd73e852d32c15b1d8e2e38c5d1a0\redhat.java -Daether.dependencyCollector.impl=bf 
java_command: c:\Users\luisa\.vscode\extensions\redhat.java-1.54.0-win32-x64\server\plugins\org.eclipse.equinox.launcher_1.7.100.v20251111-0406.jar -configuration c:\Users\luisa\AppData\Roaming\Code\User\globalStorage\redhat.java\1.54.0\config_win -data c:\Users\luisa\AppData\Roaming\Code\User\workspaceStorage\c39dd73e852d32c15b1d8e2e38c5d1a0\redhat.java\jdt_ws --pipe=\\.\pipe\lsp-3e616013a4c0884532b6a97018280dd0-sock
java_class_path (initial): c:\Users\luisa\.vscode\extensions\redhat.java-1.54.0-win32-x64\server\plugins\org.eclipse.equinox.launcher_1.7.100.v20251111-0406.jar
Launcher Type: SUN_STANDARD

[Global flags]
    uintx AdaptiveSizePolicyWeight                 = 90                                        {product} {command line}
     intx CICompilerCount                          = 4                                         {product} {ergonomic}
    uintx GCTimeRatio                              = 4                                         {product} {command line}
     bool HeapDumpOnOutOfMemoryError               = true                                   {manageable} {command line}
    ccstr HeapDumpPath                             = c:\Users\luisa\AppData\Roaming\Code\User\workspaceStorage\c39dd73e852d32c15b1d8e2e38c5d1a0\redhat.java         {manageable} {command line}
   size_t InitialHeapSize                          = 104857600                                 {product} {command line}
   size_t MaxHeapSize                              = 2147483648                                {product} {command line}
   size_t MaxNewSize                               = 715653120                                 {product} {ergonomic}
   size_t MinHeapDeltaBytes                        = 524288                                    {product} {ergonomic}
   size_t MinHeapSize                              = 104857600                                 {product} {command line}
   size_t NewSize                                  = 34603008                                  {product} {ergonomic}
    uintx NonNMethodCodeHeapSize                   = 5839372                                {pd product} {ergonomic}
    uintx NonProfiledCodeHeapSize                  = 122909434                              {pd product} {ergonomic}
   size_t OldSize                                  = 70254592                                  {product} {ergonomic}
    uintx ProfiledCodeHeapSize                     = 122909434                              {pd product} {ergonomic}
    uintx ReservedCodeCacheSize                    = 251658240                              {pd product} {ergonomic}
     bool SegmentedCodeCache                       = true                                      {product} {ergonomic}
   size_t SoftMaxHeapSize                          = 2147483648                             {manageable} {ergonomic}
     bool UseCompressedOops                        = true                           {product lp64_product} {ergonomic}
     bool UseLargePagesIndividualAllocation        = false                                  {pd product} {ergonomic}
     bool UseParallelGC                            = true                                      {product} {command line}

Logging:
Log output configuration:
 #0: stdout all=off uptime,level,tags foldmultilines=false
 #1: stderr all=off uptime,level,tags foldmultilines=false

Release file:
JAVA_VERSION="21.0.10" 
MODULES="java.base java.compiler java.datatransfer java.xml java.prefs java.desktop java.instrument java.logging java.management java.security.sasl java.naming java.rmi java.management.rmi java.net.http java.scripting java.security.jgss java.transaction.xa java.sql java.sql.rowset java.xml.crypto java.se java.smartcardio jdk.accessibility jdk.internal.jvmstat jdk.attach jdk.charsets jdk.internal.opt jdk.zipfs jdk.compiler jdk.crypto.ec jdk.crypto.cryptoki jdk.crypto.mscapi jdk.dynalink jdk.internal.ed jdk.editpad jdk.hotspot.agent jdk.httpserver jdk.internal.le jdk.internal.vm.ci jdk.internal.vm.compiler jdk.internal.vm.compiler.management jdk.jartool jdk.javadoc jdk.jcmd jdk.management jdk.management.agent jdk.jconsole jdk.jdeps jdk.jdwp.agent jdk.jdi jdk.jfr jdk.jshell jdk.jsobject jdk.jstatd jdk.localedata jdk.management.jfr jdk.naming.dns jdk.naming.rmi jdk.net jdk.nio.mapmode jdk.random jdk.sctp jdk.security.auth jdk.security.jgss jdk.unsupported jdk.unsupported.desktop jdk.xml.dom" 

Environment Variables:
JAVA_HOME=C:\Program Files\Eclipse Adoptium\jdk-17.0.15.6-hotspot
PATH=C:\Users\luisa\AppData\Local\Programs\Microsoft VS Code;C:\Program Files (x86)\Google\Chrome\Application;C:\Program Files\Eclipse Adoptium\jdk-17.0.15.6-hotspot\bin;C:\WINDOWS\system32;C:\WINDOWS;C:\WINDOWS\System32\Wbem;C:\WINDOWS\System32\WindowsPowerShell\v1.0\;C:\WINDOWS\System32\OpenSSH\;C:\Program Files (x86)\Common Files\Propellerhead Software\ReWire\;C:\Program Files\Common Files\Propellerhead Software\ReWire\;C:\Program Files\Git\cmd;C:\Program Files\heroku\bin;C:\Program Files\dotnet\;C:\maven\apache-maven-3.8.6\bin;C:\Program Files (x86)\NVIDIA Corporation\PhysX\Common;C:\Program Files\Csound6_x64\bin;C:\WINDOWS\system32;C:\WINDOWS;C:\WINDOWS\System32\Wbem;C:\WINDOWS\System32\WindowsPowerShell\v1.0\;C:\WINDOWS\System32\OpenSSH\;C:\Program Files\NVIDIA Corporation\NVIDIA app\NvDLISR;C:\Program Files\nodejs\;C:\Program Files\Docker\Docker\resources\bin;C:\Users\luisa\.cargo\bin;C:\Users\luisa\AppData\Local\Programs\Python\Python312\Scripts\;C:\Users\luisa\AppData\Local\Programs\Python\Python312\;C:\Users\luisa\AppData\Local\Programs\Python\Python314\Scripts\;C:\Users\luisa\AppData\Local\Programs\Python\Python314\;C:\Program Files\MySQL\MySQL Shell 8.0\bin\;C:\Users\luisa\AppData\Local\Microsoft\WindowsApps;C:\Users\luisa\AppData\Local\Programs\Microsoft VS Code\bin;C:\Program Files\heroku\bin;C:\Program Files\JetBrains\IntelliJ IDEA Community Edition 2022.1\bin;C:\MinGW\bin.;C:\Program Files (x86)\php8;C:\Program Files\MySQL\MySQL Server 8.0\bin;C:\Users\luisa\AppData\Local\Microsoft\WindowsApps;C:\Users\luisa\AppData\Local\Programs\Antigravity\bin;C:\Users\luisa\AppData\Roaming\npm
USERNAME=luisa
OS=Windows_NT
PROCESSOR_IDENTIFIER=Intel64 Family 6 Model 158 Stepping 10, GenuineIntel
TMP=C:\Users\luisa\AppData\Local\Temp
TEMP=C:\Users\luisa\AppData\Local\Temp




Periodic native trim disabled

---------------  S Y S T E M  ---------------

OS:
 Windows 11 , 64 bit Build 26100 (10.0.26100.8328)
OS uptime: 5 days 9:54 hours
Hyper-V role detected

CPU: total 12 (initial active 12) (6 cores per cpu, 2 threads per core) family 6 model 158 stepping 10 microcode 0xf0, cx8, cmov, fxsr, ht, mmx, 3dnowpref, sse, sse2, sse3, ssse3, sse4.1, sse4.2, popcnt, lzcnt, tsc, tscinvbit, avx, avx2, aes, erms, clmul, bmi1, bmi2, adx, fma, vzeroupper, clflush, clflushopt, hv, rdtscp, f16c
Processor Information for processor 0
  Max Mhz: 2592, Current Mhz: 1495, Mhz Limit: 2592
Processor Information for processor 1
  Max Mhz: 2592, Current Mhz: 1495, Mhz Limit: 2592
Processor Information for processor 2
  Max Mhz: 2592, Current Mhz: 1495, Mhz Limit: 2592
Processor Information for processor 3
  Max Mhz: 2592, Current Mhz: 1495, Mhz Limit: 2592
Processor Information for processor 4
  Max Mhz: 2592, Current Mhz: 2592, Mhz Limit: 2592
Processor Information for processor 5
  Max Mhz: 2592, Current Mhz: 1495, Mhz Limit: 2592
Processor Information for processor 6
  Max Mhz: 2592, Current Mhz: 1495, Mhz Limit: 2592
Processor Information for processor 7
  Max Mhz: 2592, Current Mhz: 1495, Mhz Limit: 2592
Processor Information for processor 8
  Max Mhz: 2592, Current Mhz: 1495, Mhz Limit: 2592
Processor Information for processor 9
  Max Mhz: 2592, Current Mhz: 1495, Mhz Limit: 2592
Processor Information for processor 10
  Max Mhz: 2592, Current Mhz: 2592, Mhz Limit: 2592
Processor Information for processor 11
  Max Mhz: 2592, Current Mhz: 1495, Mhz Limit: 2592

Memory: 4k page, system-wide physical 8002M (767M free)
TotalPageFile size 32578M (AvailPageFile size 107M)
current process WorkingSet (physical memory assigned to process): 197M, peak: 448M
current process commit charge ("private bytes"): 561M, peak: 583M

vm_info: OpenJDK 64-Bit Server VM (21.0.10+7-LTS) for windows-amd64 JRE (21.0.10+7-LTS), built on 2026-01-20T00:00:00Z by "admin" with MS VC++ 17.12 (VS2022)

END.
