#
# There is insufficient memory for the Java Runtime Environment to continue.
# Native memory allocation (malloc) failed to allocate 236736 bytes. Error detail: Chunk::new
# Possible reasons:
#   The system is out of physical RAM or swap space
#   This process is running with CompressedOops enabled, and the Java Heap may be blocking the growth of the native heap
# Possible solutions:
#   Reduce memory load on the system
#   Increase physical memory or swap space
#   Check if swap backing store is full
#   Decrease Java heap size (-Xmx/-Xms)
#   Decrease number of Java threads
#   Decrease Java thread stack sizes (-Xss)
#   Set larger code cache with -XX:ReservedCodeCacheSize=
#   JVM is running with Unscaled Compressed Oops mode in which the Java heap is
#     placed in the first 4GB address space. The Java Heap base address is the
#     maximum limit for the native heap growth. Please use -XX:HeapBaseMinAddress
#     to set the Java Heap base and to place the Java Heap above 4GB virtual address.
# This output file may be truncated or incomplete.
#
#  Out of Memory Error (arena.cpp:168), pid=2132, tid=3648
#
# JRE version: OpenJDK Runtime Environment Temurin-21.0.10+7 (21.0.10+7) (build 21.0.10+7-LTS)
# Java VM: OpenJDK 64-Bit Server VM Temurin-21.0.10+7 (21.0.10+7-LTS, mixed mode, sharing, tiered, compressed oops, compressed class ptrs, parallel gc, windows-amd64)
# No core dump will be written. Minidumps are not enabled by default on client versions of Windows
#

---------------  S U M M A R Y ------------

Command Line: --add-modules=ALL-SYSTEM --add-opens=java.base/java.util=ALL-UNNAMED --add-opens=java.base/java.lang=ALL-UNNAMED --add-opens=java.base/sun.nio.fs=ALL-UNNAMED -Declipse.application=org.eclipse.jdt.ls.core.id1 -Dosgi.bundles.defaultStartLevel=4 -Declipse.product=org.eclipse.jdt.ls.core.product -Djava.import.generatesMetadataFilesAtProjectRoot=false -DDetectVMInstallationsJob.disabled=true -Dfile.encoding=utf8 -XX:+UseParallelGC -XX:GCTimeRatio=4 -XX:AdaptiveSizePolicyWeight=90 -Dsun.zip.disableMemoryMapping=true -Xmx2G -Xms100m -Xlog:disable -javaagent:c:\Users\luisa\.vscode\extensions\redhat.java-1.54.0-win32-x64\lombok\lombok-1.18.39-4050.jar c:\Users\luisa\.vscode\extensions\redhat.java-1.54.0-win32-x64\server\plugins\org.eclipse.equinox.launcher_1.7.100.v20251111-0406.jar -configuration c:\Users\luisa\AppData\Roaming\Code\User\globalStorage\redhat.java\1.54.0\config_ss_win -data c:\Users\luisa\AppData\Roaming\Code\User\workspaceStorage\c39dd73e852d32c15b1d8e2e38c5d1a0\redhat.java\ss_ws --pipe=\\.\pipe\lsp-2fb22ed32965b78bbb19ae8562127b7e-sock

Host: Intel(R) Core(TM) i7-9750H CPU @ 2.60GHz, 12 cores, 7G,  Windows 11 , 64 bit Build 26100 (10.0.26100.8328)
Time: Tue May 19 20:32:09 2026 Hora oficial do Brasil elapsed time: 3.716785 seconds (0d 0h 0m 3s)

---------------  T H R E A D  ---------------

Current thread (0x000001675e57a650):  JavaThread "C2 CompilerThread1" daemon [_thread_in_native, id=3648, stack(0x000000010d500000,0x000000010d600000) (1024K)]


Current CompileTask:
C2:3717 1537   !   4       lombok.patcher.ScriptManager$OurClassFileTransformer::transform (473 bytes)

Stack: [0x000000010d500000,0x000000010d600000]
Native frames: (J=compiled Java code, j=interpreted, Vv=VM code, C=native code)
V  [jvm.dll+0x6d7a39]
V  [jvm.dll+0x8b4b26]
V  [jvm.dll+0x8b70de]
V  [jvm.dll+0x8b77c3]
V  [jvm.dll+0x284346]
V  [jvm.dll+0xc66ed]
V  [jvm.dll+0xc6c31]
V  [jvm.dll+0x3bec3b]
V  [jvm.dll+0x38b162]
V  [jvm.dll+0x38a5aa]
V  [jvm.dll+0x24c560]
V  [jvm.dll+0x24bb40]
V  [jvm.dll+0x1cb34e]
V  [jvm.dll+0x25b85d]
V  [jvm.dll+0x259dea]
V  [jvm.dll+0x3f857e]
V  [jvm.dll+0x85f59d]
V  [jvm.dll+0x6d626d]
C  [ucrtbase.dll+0x37b0]
C  [KERNEL32.DLL+0x2e957]
C  [ntdll.dll+0x427c]


---------------  P R O C E S S  ---------------

Threads class SMR info:
_java_thread_list=0x000001676410e290, length=14, elements={
0x000001670568e2e0, 0x00000167057353c0, 0x000001670563e800, 0x000001670573a050,
0x000001670573ad30, 0x000001670573ce20, 0x0000016705741400, 0x0000016705747190,
0x000001675e485060, 0x000001675e57a650, 0x000001675e685bd0, 0x000001675e7ba830,
0x000001675f584500, 0x000001675fa46f60
}

Java Threads: ( => current thread )
  0x000001670568e2e0 JavaThread "main"                              [_thread_in_vm, id=13336, stack(0x000000010c900000,0x000000010ca00000) (1024K)]
  0x00000167057353c0 JavaThread "Reference Handler"          daemon [_thread_blocked, id=13876, stack(0x000000010cd00000,0x000000010ce00000) (1024K)]
  0x000001670563e800 JavaThread "Finalizer"                  daemon [_thread_blocked, id=10492, stack(0x000000010ce00000,0x000000010cf00000) (1024K)]
  0x000001670573a050 JavaThread "Signal Dispatcher"          daemon [_thread_blocked, id=740, stack(0x000000010cf00000,0x000000010d000000) (1024K)]
  0x000001670573ad30 JavaThread "Attach Listener"            daemon [_thread_blocked, id=14940, stack(0x000000010d000000,0x000000010d100000) (1024K)]
  0x000001670573ce20 JavaThread "Service Thread"             daemon [_thread_blocked, id=12404, stack(0x000000010d100000,0x000000010d200000) (1024K)]
  0x0000016705741400 JavaThread "Monitor Deflation Thread"   daemon [_thread_blocked, id=16908, stack(0x000000010d200000,0x000000010d300000) (1024K)]
  0x0000016705747190 JavaThread "C2 CompilerThread0"         daemon [_thread_blocked, id=13324, stack(0x000000010d300000,0x000000010d400000) (1024K)]
  0x000001675e485060 JavaThread "C1 CompilerThread0"         daemon [_thread_blocked, id=15396, stack(0x000000010d400000,0x000000010d500000) (1024K)]
=>0x000001675e57a650 JavaThread "C2 CompilerThread1"         daemon [_thread_in_native, id=3648, stack(0x000000010d500000,0x000000010d600000) (1024K)]
  0x000001675e685bd0 JavaThread "Common-Cleaner"             daemon [_thread_blocked, id=4480, stack(0x000000010d600000,0x000000010d700000) (1024K)]
  0x000001675e7ba830 JavaThread "Notification Thread"        daemon [_thread_blocked, id=24612, stack(0x000000010d700000,0x000000010d800000) (1024K)]
  0x000001675f584500 JavaThread "C2 CompilerThread2"         daemon [_thread_blocked, id=7544, stack(0x000000010d800000,0x000000010d900000) (1024K)]
  0x000001675fa46f60 JavaThread "Active Thread: Equinox Container: 02a75404-eaba-4ec8-a270-11979b5122dc"        [_thread_blocked, id=15632, stack(0x000000010df00000,0x000000010e000000) (1024K)]
Total: 14

Other Threads:
  0x0000016705622f70 VMThread "VM Thread"                           [id=9364, stack(0x000000010cc00000,0x000000010cd00000) (1024K)]
  0x000001670551ba00 WatcherThread "VM Periodic Task Thread"        [id=18496, stack(0x000000010cb00000,0x000000010cc00000) (1024K)]
  0x00000167056ae240 WorkerThread "GC Thread#0"                     [id=19352, stack(0x000000010ca00000,0x000000010cb00000) (1024K)]
  0x0000016764110af0 WorkerThread "GC Thread#1"                     [id=21224, stack(0x000000010d900000,0x000000010da00000) (1024K)]
  0x000001675f943570 WorkerThread "GC Thread#2"                     [id=19316, stack(0x000000010da00000,0x000000010db00000) (1024K)]
  0x000001675fb517f0 WorkerThread "GC Thread#3"                     [id=21156, stack(0x000000010db00000,0x000000010dc00000) (1024K)]
  0x000001675fb51ba0 WorkerThread "GC Thread#4"                     [id=17644, stack(0x000000010dc00000,0x000000010dd00000) (1024K)]
  0x000001675f821d40 WorkerThread "GC Thread#5"                     [id=7808, stack(0x000000010dd00000,0x000000010de00000) (1024K)]
  0x000001675fafd610 WorkerThread "GC Thread#6"                     [id=16228, stack(0x000000010de00000,0x000000010df00000) (1024K)]
Total: 9

Threads with active compile tasks:
C1 CompilerThread0  3814 1596       3       java.lang.ClassLoader::definePackage (85 bytes)
C2 CompilerThread1  3814 1537   !   4       lombok.patcher.ScriptManager$OurClassFileTransformer::transform (473 bytes)
Total: 2

VM state: not at safepoint (normal execution)

VM Mutex/Monitor currently owned by a thread: None

Heap address: 0x0000000080000000, size: 2048 MB, Compressed Oops mode: 32-bit

CDS archive(s) mapped at: [0x000001671c000000-0x000001671cba0000-0x000001671cba0000), size 12189696, SharedBaseAddress: 0x000001671c000000, ArchiveRelocationMode: 1.
Compressed class space mapped at: 0x000001671d000000-0x000001675d000000, reserved size: 1073741824
Narrow klass base: 0x000001671c000000, Narrow klass shift: 0, Narrow klass range: 0x100000000

GC Precious Log:
 CardTable entry size: 512
 CPUs: 12 total, 12 available
 Memory: 8002M
 Large Page Support: Disabled
 NUMA Support: Disabled
 Compressed Oops: Enabled (32-bit)
 Alignments: Space 512K, Generation 512K, Heap 2M
 Heap Min Capacity: 100M
 Heap Initial Capacity: 100M
 Heap Max Capacity: 2G
 Pre-touch: Disabled
 Parallel Workers: 10

Heap:
 PSYoungGen      total 29696K, used 21815K [0x00000000d5580000, 0x00000000d7680000, 0x0000000100000000)
  eden space 25600K, 72% used [0x00000000d5580000,0x00000000d6793fa0,0x00000000d6e80000)
  from space 4096K, 80% used [0x00000000d6e80000,0x00000000d71b9e98,0x00000000d7280000)
  to   space 4096K, 0% used [0x00000000d7280000,0x00000000d7280000,0x00000000d7680000)
 ParOldGen       total 68608K, used 16K [0x0000000080000000, 0x0000000084300000, 0x00000000d5580000)
  object space 68608K, 0% used [0x0000000080000000,0x0000000080004000,0x0000000084300000)
 Metaspace       used 7202K, committed 7552K, reserved 1114112K
  class space    used 744K, committed 896K, reserved 1048576K

Card table byte_map: [0x0000016705030000,0x0000016705440000] _byte_map_base: 0x0000016704c30000

Marking Bits: (ParMarkBitMap*) 0x00007ff89ada3450
 Begin Bits: [0x0000016717b40000, 0x0000016719b40000)
 End Bits:   [0x0000016719b40000, 0x000001671bb40000)

Polling page: 0x00000167034a0000

Metaspace:

Usage:
  Non-class:      6.31 MB used.
      Class:    744.66 KB used.
       Both:      7.03 MB used.

Virtual space:
  Non-class space:       64.00 MB reserved,       6.50 MB ( 10%) committed,  1 nodes.
      Class space:        1.00 GB reserved,     896.00 KB ( <1%) committed,  1 nodes.
             Both:        1.06 GB reserved,       7.38 MB ( <1%) committed. 

Chunk freelists:
   Non-Class:  9.30 MB
       Class:  14.98 MB
        Both:  24.28 MB

MaxMetaspaceSize: unlimited
CompressedClassSpaceSize: 1.00 GB
Initial GC threshold: 21.00 MB
Current GC threshold: 21.00 MB
CDS: on
 - commit_granule_bytes: 65536.
 - commit_granule_words: 8192.
 - virtual_space_node_default_size: 8388608.
 - enlarge_chunks_in_place: 1.
 - use_allocation_guard: 0.


Internal statistics:

num_allocs_failed_limit: 0.
num_arena_births: 216.
num_arena_deaths: 0.
num_vsnodes_births: 2.
num_vsnodes_deaths: 0.
num_space_committed: 118.
num_space_uncommitted: 0.
num_chunks_returned_to_freelist: 0.
num_chunks_taken_from_freelist: 380.
num_chunk_merges: 0.
num_chunk_splits: 245.
num_chunks_enlarged: 158.
num_inconsistent_stats: 0.

CodeHeap 'non-profiled nmethods': size=120000Kb used=669Kb max_used=669Kb free=119330Kb
 bounds [0x0000016710360000, 0x00000167105d0000, 0x0000016717890000]
CodeHeap 'profiled nmethods': size=120000Kb used=2746Kb max_used=2746Kb free=117254Kb
 bounds [0x0000016708890000, 0x0000016708b40000, 0x000001670fdc0000]
CodeHeap 'non-nmethods': size=5760Kb used=1211Kb max_used=1246Kb free=4548Kb
 bounds [0x000001670fdc0000, 0x0000016710030000, 0x0000016710360000]
CodeCache: size=245760Kb, used=4626Kb, max_used=4661Kb, free=241132Kb
 total_blobs=2071, nmethods=1593, adapters=385, full_count=0
Compilation: enabled, stopped_count=0, restarted_count=0

Compilation events (20 events):
Event: 1.683 Thread 0x000001675e485060 1564       3       java.lang.String::getBytesNoRepl1 (89 bytes)
Event: 1.684 Thread 0x000001675e485060 nmethod 1564 0x0000016708b2a410 code [0x0000016708b2a6a0, 0x0000016708b2afb8]
Event: 1.685 Thread 0x000001675e485060 1565       3       java.lang.String::isASCII (16 bytes)
Event: 1.685 Thread 0x000001675e485060 nmethod 1565 0x0000016708b2b290 code [0x0000016708b2b440, 0x0000016708b2b670]
Event: 1.685 Thread 0x000001675e485060 1566       3       java.util.Arrays::mismatch (69 bytes)
Event: 1.686 Thread 0x000001675e485060 nmethod 1566 0x0000016708b2b790 code [0x0000016708b2b960, 0x0000016708b2bc88]
Event: 1.686 Thread 0x000001675e485060 1567       3       java.util.zip.ZipCoder$UTF8ZipCoder::hasTrailingSlash (20 bytes)
Event: 1.686 Thread 0x000001675e485060 nmethod 1567 0x0000016708b2be10 code [0x0000016708b2bfc0, 0x0000016708b2c180]
Event: 1.686 Thread 0x000001675e485060 1568       3       jdk.internal.ref.CleanerImpl$PhantomCleanableRef::performCleanup (10 bytes)
Event: 1.686 Thread 0x000001675e485060 nmethod 1568 0x0000016708b2c290 code [0x0000016708b2c440, 0x0000016708b2c618]
Event: 1.688 Thread 0x000001675e485060 1569       1       java.util.Collections$EmptyMap::get (2 bytes)
Event: 1.688 Thread 0x000001675e485060 nmethod 1569 0x0000016710402c90 code [0x0000016710402e20, 0x0000016710402ef0]
Event: 1.688 Thread 0x000001675e485060 1570       1       org.eclipse.osgi.container.ModuleCapability::getDirectives (5 bytes)
Event: 1.688 Thread 0x000001675e485060 nmethod 1570 0x0000016710402f90 code [0x0000016710403120, 0x00000167104031e8]
Event: 1.688 Thread 0x000001675f584500 1571       4       java.util.HashSet::add (20 bytes)
Event: 1.688 Thread 0x000001675e485060 1572       3       java.util.ArrayList$SubList$1::hasNext (20 bytes)
Event: 1.688 Thread 0x000001675e485060 nmethod 1572 0x0000016708b2c710 code [0x0000016708b2c8c0, 0x0000016708b2ca30]
Event: 1.689 Thread 0x000001675e485060 1573       3       java.util.ArrayList$SubList$1::next (85 bytes)
Event: 1.689 Thread 0x000001675e485060 nmethod 1573 0x0000016708b2cb10 code [0x0000016708b2cd00, 0x0000016708b2d130]
Event: 1.691 Thread 0x000001675f584500 nmethod 1571 0x0000016710403290 code [0x0000016710403420, 0x00000167104035a8]

GC Heap History (2 events):
Event: 1.114 GC heap before
{Heap before GC invocations=1 (full 0):
 PSYoungGen      total 29696K, used 25600K [0x00000000d5580000, 0x00000000d7680000, 0x0000000100000000)
  eden space 25600K, 100% used [0x00000000d5580000,0x00000000d6e80000,0x00000000d6e80000)
  from space 4096K, 0% used [0x00000000d7280000,0x00000000d7280000,0x00000000d7680000)
  to   space 4096K, 0% used [0x00000000d6e80000,0x00000000d6e80000,0x00000000d7280000)
 ParOldGen       total 68608K, used 0K [0x0000000080000000, 0x0000000084300000, 0x00000000d5580000)
  object space 68608K, 0% used [0x0000000080000000,0x0000000080000000,0x0000000084300000)
 Metaspace       used 4332K, committed 4608K, reserved 1114112K
  class space    used 474K, committed 576K, reserved 1048576K
}
Event: 1.123 GC heap after
{Heap after GC invocations=1 (full 0):
 PSYoungGen      total 29696K, used 3303K [0x00000000d5580000, 0x00000000d7680000, 0x0000000100000000)
  eden space 25600K, 0% used [0x00000000d5580000,0x00000000d5580000,0x00000000d6e80000)
  from space 4096K, 80% used [0x00000000d6e80000,0x00000000d71b9e98,0x00000000d7280000)
  to   space 4096K, 0% used [0x00000000d7280000,0x00000000d7280000,0x00000000d7680000)
 ParOldGen       total 68608K, used 16K [0x0000000080000000, 0x0000000084300000, 0x00000000d5580000)
  object space 68608K, 0% used [0x0000000080000000,0x0000000080004000,0x0000000084300000)
 Metaspace       used 4332K, committed 4608K, reserved 1114112K
  class space    used 474K, committed 576K, reserved 1048576K
}

Dll operation events (8 events):
Event: 0.024 Loaded shared library c:\Users\luisa\.vscode\extensions\redhat.java-1.54.0-win32-x64\jre\21.0.10-win32-x86_64\bin\java.dll
Event: 0.149 Loaded shared library c:\Users\luisa\.vscode\extensions\redhat.java-1.54.0-win32-x64\jre\21.0.10-win32-x86_64\bin\zip.dll
Event: 0.191 Loaded shared library C:\Users\luisa\.vscode\extensions\redhat.java-1.54.0-win32-x64\jre\21.0.10-win32-x86_64\bin\instrument.dll
Event: 0.200 Loaded shared library C:\Users\luisa\.vscode\extensions\redhat.java-1.54.0-win32-x64\jre\21.0.10-win32-x86_64\bin\net.dll
Event: 0.204 Loaded shared library C:\Users\luisa\.vscode\extensions\redhat.java-1.54.0-win32-x64\jre\21.0.10-win32-x86_64\bin\nio.dll
Event: 0.214 Loaded shared library C:\Users\luisa\.vscode\extensions\redhat.java-1.54.0-win32-x64\jre\21.0.10-win32-x86_64\bin\zip.dll
Event: 0.246 Loaded shared library C:\Users\luisa\.vscode\extensions\redhat.java-1.54.0-win32-x64\jre\21.0.10-win32-x86_64\bin\jimage.dll
Event: 0.373 Loaded shared library c:\Users\luisa\.vscode\extensions\redhat.java-1.54.0-win32-x64\jre\21.0.10-win32-x86_64\bin\verify.dll

Deoptimization events (20 events):
Event: 1.438 Thread 0x000001670568e2e0 DEOPT PACKING pc=0x000001670892a30d sp=0x000000010c9f7e90
Event: 1.438 Thread 0x000001670568e2e0 DEOPT UNPACKING pc=0x000001670fe14242 sp=0x000000010c9f7340 mode 0
Event: 1.455 Thread 0x000001670568e2e0 DEOPT PACKING pc=0x000001670892a30d sp=0x000000010c9f7e50
Event: 1.455 Thread 0x000001670568e2e0 DEOPT UNPACKING pc=0x000001670fe14242 sp=0x000000010c9f7300 mode 0
Event: 1.469 Thread 0x000001670568e2e0 DEOPT PACKING pc=0x000001670892a30d sp=0x000000010c9f40c0
Event: 1.469 Thread 0x000001670568e2e0 DEOPT UNPACKING pc=0x000001670fe14242 sp=0x000000010c9f3570 mode 0
Event: 1.476 Thread 0x000001670568e2e0 DEOPT PACKING pc=0x000001670892a30d sp=0x000000010c9f7a20
Event: 1.476 Thread 0x000001670568e2e0 DEOPT UNPACKING pc=0x000001670fe14242 sp=0x000000010c9f6ed0 mode 0
Event: 1.626 Thread 0x000001670568e2e0 Uncommon trap: trap_request=0xffffff45 fr.pc=0x00000167103d8ed0 relative=0x00000000000000b0
Event: 1.626 Thread 0x000001670568e2e0 Uncommon trap: reason=unstable_if action=reinterpret pc=0x00000167103d8ed0 method=java.util.concurrent.locks.ReentrantLock$NonfairSync.initialTryLock()Z @ 10 c2
Event: 1.626 Thread 0x000001670568e2e0 DEOPT PACKING pc=0x00000167103d8ed0 sp=0x000000010c9fe940
Event: 1.626 Thread 0x000001670568e2e0 DEOPT UNPACKING pc=0x000001670fe13aa2 sp=0x000000010c9fe8d0 mode 2
Event: 1.627 Thread 0x000001670568e2e0 Uncommon trap: trap_request=0xffffff45 fr.pc=0x00000167103d91b4 relative=0x0000000000000094
Event: 1.627 Thread 0x000001670568e2e0 Uncommon trap: reason=unstable_if action=reinterpret pc=0x00000167103d91b4 method=java.util.concurrent.locks.ReentrantLock$Sync.tryRelease(I)Z @ 26 c2
Event: 1.627 Thread 0x000001670568e2e0 DEOPT PACKING pc=0x00000167103d91b4 sp=0x000000010c9fea10
Event: 1.627 Thread 0x000001670568e2e0 DEOPT UNPACKING pc=0x000001670fe13aa2 sp=0x000000010c9fe990 mode 2
Event: 1.673 Thread 0x000001670568e2e0 Uncommon trap: trap_request=0xffffff45 fr.pc=0x00000167103d8b60 relative=0x0000000000000040
Event: 1.673 Thread 0x000001670568e2e0 Uncommon trap: reason=unstable_if action=reinterpret pc=0x00000167103d8b60 method=java.util.concurrent.locks.AbstractQueuedSynchronizer.signalNext(Ljava/util/concurrent/locks/AbstractQueuedSynchronizer$Node;)V @ 1 c2
Event: 1.673 Thread 0x000001670568e2e0 DEOPT PACKING pc=0x00000167103d8b60 sp=0x000000010c9fe740
Event: 1.673 Thread 0x000001670568e2e0 DEOPT UNPACKING pc=0x000001670fe13aa2 sp=0x000000010c9fe6d0 mode 2

Classes loaded (20 events):
Event: 1.665 Loading class java/util/concurrent/ScheduledThreadPoolExecutor$DelayedWorkQueue
Event: 1.665 Loading class java/util/concurrent/ScheduledThreadPoolExecutor$DelayedWorkQueue done
Event: 1.665 Loading class java/util/concurrent/RunnableScheduledFuture
Event: 1.666 Loading class java/util/concurrent/RunnableFuture
Event: 1.666 Loading class java/util/concurrent/RunnableFuture done
Event: 1.666 Loading class java/util/concurrent/ScheduledFuture
Event: 1.666 Loading class java/util/concurrent/Delayed
Event: 1.666 Loading class java/util/concurrent/Delayed done
Event: 1.666 Loading class java/util/concurrent/ScheduledFuture done
Event: 1.666 Loading class java/util/concurrent/RunnableScheduledFuture done
Event: 1.668 Loading class java/util/concurrent/ScheduledThreadPoolExecutor$ScheduledFutureTask
Event: 1.668 Loading class java/util/concurrent/FutureTask
Event: 1.668 Loading class java/util/concurrent/FutureTask done
Event: 1.668 Loading class java/util/concurrent/ScheduledThreadPoolExecutor$ScheduledFutureTask done
Event: 1.669 Loading class java/util/concurrent/FutureTask$WaitNode
Event: 1.669 Loading class java/util/concurrent/FutureTask$WaitNode done
Event: 1.669 Loading class java/util/concurrent/Executors$RunnableAdapter
Event: 1.669 Loading class java/util/concurrent/Executors$RunnableAdapter done
Event: 1.670 Loading class java/util/concurrent/ThreadPoolExecutor$Worker
Event: 1.670 Loading class java/util/concurrent/ThreadPoolExecutor$Worker done

Classes unloaded (0 events):
No events

Classes redefined (0 events):
No events

Internal exceptions (20 events):
Event: 0.811 Thread 0x000001670568e2e0 Exception <a 'java/lang/NoSuchMethodError'{0x00000000d6542eb8}: 'java.lang.Object java.lang.invoke.DirectMethodHandle$Holder.invokeInterface(java.lang.Object, java.lang.Object)'> (0x00000000d6542eb8) 
thrown [s\src\hotspot\share\interpreter\linkResolver.cpp, line 773]
Event: 0.817 Thread 0x000001670568e2e0 Exception <a 'java/lang/NoSuchMethodError'{0x00000000d6556448}: 'java.lang.Object java.lang.invoke.Invokers$Holder.invokeExact_MT(java.lang.Object, java.lang.Object, java.lang.Object, java.lang.Object, java.lang.Object, java.lang.Object)'> (0x00000000d6556448) 
thrown [s\src\hotspot\share\interpreter\linkResolver.cpp, line 773]
Event: 0.826 Thread 0x000001670568e2e0 Exception <a 'java/lang/NoSuchMethodError'{0x00000000d656d520}: 'int java.lang.invoke.DirectMethodHandle$Holder.invokeStatic(java.lang.Object, java.lang.Object, java.lang.Object, java.lang.Object, java.lang.Object)'> (0x00000000d656d520) 
thrown [s\src\hotspot\share\interpreter\linkResolver.cpp, line 773]
Event: 0.859 Thread 0x000001670568e2e0 Exception <a 'java/lang/NoSuchMethodError'{0x00000000d6600c70}: 'java.lang.Object java.lang.invoke.DirectMethodHandle$Holder.invokeInterface(java.lang.Object, java.lang.Object, int)'> (0x00000000d6600c70) 
thrown [s\src\hotspot\share\interpreter\linkResolver.cpp, line 773]
Event: 1.022 Thread 0x000001670568e2e0 Exception <a 'java/lang/NoSuchMethodError'{0x00000000d6a69798}: 'java.lang.ClassLoader java.lang.ClassLoader.getPlatformClassLoader(java.lang.Class)'> (0x00000000d6a69798) 
thrown [s\src\hotspot\share\interpreter\linkResolver.cpp, line 773]
Event: 1.127 Thread 0x000001670568e2e0 Exception <a 'java/lang/ClassNotFoundException'{0x00000000d558a138}: sun/net/www/protocol/c/Handler> (0x00000000d558a138) 
thrown [s\src\hotspot\share\classfile\systemDictionary.cpp, line 312]
Event: 1.127 Thread 0x000001670568e2e0 Exception <a 'java/lang/ClassNotFoundException'{0x00000000d558b4b0}: sun/net/www/protocol/c/Handler> (0x00000000d558b4b0) 
thrown [s\src\hotspot\share\classfile\systemDictionary.cpp, line 312]
Event: 1.127 Thread 0x000001670568e2e0 Exception <a 'java/lang/ClassNotFoundException'{0x00000000d558c648}: sun/net/www/protocol/c/Handler> (0x00000000d558c648) 
thrown [s\src\hotspot\share\classfile\systemDictionary.cpp, line 312]
Event: 1.138 Thread 0x000001670568e2e0 Exception <a 'java/io/FileNotFoundException'{0x00000000d55b4b78}> (0x00000000d55b4b78) 
thrown [s\src\hotspot\share\prims\jni.cpp, line 520]
Event: 1.193 Thread 0x000001670568e2e0 Implicit null exception at 0x00000167103c6549 to 0x00000167103c7044
Event: 1.193 Thread 0x000001670568e2e0 Implicit null exception at 0x00000167103c009a to 0x00000167103c02bc
Event: 1.194 Thread 0x000001670568e2e0 Exception <a 'java/lang/NoSuchMethodError'{0x00000000d56e4750}: 'void java.lang.invoke.DirectMethodHandle$Holder.invokeStatic(java.lang.Object, java.lang.Object, java.lang.Object, java.lang.Object)'> (0x00000000d56e4750) 
thrown [s\src\hotspot\share\interpreter\linkResolver.cpp, line 773]
Event: 1.196 Thread 0x000001670568e2e0 Implicit null exception at 0x00000167103c231a to 0x00000167103c253c
Event: 1.196 Thread 0x000001670568e2e0 Implicit null exception at 0x00000167103bd440 to 0x00000167103bd4c5
Event: 1.290 Thread 0x000001670568e2e0 Exception <a 'java/lang/NoSuchMethodError'{0x00000000d59a91c8}: 'void java.lang.invoke.DirectMethodHandle$Holder.invokeSpecial(java.lang.Object, java.lang.Object, java.lang.Object)'> (0x00000000d59a91c8) 
thrown [s\src\hotspot\share\interpreter\linkResolver.cpp, line 773]
Event: 1.591 Thread 0x000001670568e2e0 Exception <a 'java/lang/NoSuchMethodError'{0x00000000d62c54a8}: 'int java.lang.invoke.DirectMethodHandle$Holder.invokeVirtual(java.lang.Object, java.lang.Object)'> (0x00000000d62c54a8) 
thrown [s\src\hotspot\share\interpreter\linkResolver.cpp, line 773]
Event: 1.651 Thread 0x000001670568e2e0 Exception <a 'java/lang/NoSuchMethodError'{0x00000000d6439a90}: 'int java.lang.invoke.DirectMethodHandle$Holder.invokeStaticInit(java.lang.Object, java.lang.Object, java.lang.Object, java.lang.Object)'> (0x00000000d6439a90) 
thrown [s\src\hotspot\share\interpreter\linkResolver.cpp, line 773]
Event: 1.652 Thread 0x000001670568e2e0 Exception <a 'java/lang/IncompatibleClassChangeError'{0x00000000d6441e98}: Found class java.lang.Object, but interface was expected> (0x00000000d6441e98) 
thrown [s\src\hotspot\share\interpreter\linkResolver.cpp, line 840]
Event: 1.653 Thread 0x000001670568e2e0 Exception <a 'java/lang/NoSuchMethodError'{0x00000000d6448468}: 'void java.lang.invoke.DirectMethodHandle$Holder.invokeStaticInit(java.lang.Object, java.lang.Object)'> (0x00000000d6448468) 
thrown [s\src\hotspot\share\interpreter\linkResolver.cpp, line 773]
Event: 1.654 Thread 0x000001670568e2e0 Exception <a 'java/lang/NoSuchMethodError'{0x00000000d6453620}: 'int java.lang.invoke.DirectMethodHandle$Holder.invokeStaticInit(java.lang.Object, java.lang.Object)'> (0x00000000d6453620) 
thrown [s\src\hotspot\share\interpreter\linkResolver.cpp, line 773]

ZGC Phase Switch (0 events):
No events

VM Operations (14 events):
Event: 0.146 Executing non-safepoint VM operation: HandshakeAllThreads (Deoptimize)
Event: 0.146 Executing non-safepoint VM operation: HandshakeAllThreads (Deoptimize) done
Event: 0.265 Executing non-safepoint VM operation: HandshakeAllThreads (Deoptimize)
Event: 0.265 Executing non-safepoint VM operation: HandshakeAllThreads (Deoptimize) done
Event: 0.707 Executing non-safepoint VM operation: HandshakeAllThreads (Deoptimize)
Event: 0.707 Executing non-safepoint VM operation: HandshakeAllThreads (Deoptimize) done
Event: 0.741 Executing non-safepoint VM operation: HandshakeAllThreads (Deoptimize)
Event: 0.741 Executing non-safepoint VM operation: HandshakeAllThreads (Deoptimize) done
Event: 1.054 Executing safepoint VM operation: ICBufferFull
Event: 1.054 Executing safepoint VM operation: ICBufferFull done
Event: 1.114 Executing safepoint VM operation: ParallelGCFailedAllocation (Allocation Failure)
Event: 1.123 Executing safepoint VM operation: ParallelGCFailedAllocation (Allocation Failure) done
Event: 2.135 Executing safepoint VM operation: Cleanup
Event: 2.135 Executing safepoint VM operation: Cleanup done

Memory protections (0 events):
No events

Nmethod flushes (0 events):
No events

Events (14 events):
Event: 0.049 Thread 0x000001670568e2e0 Thread added: 0x000001670568e2e0
Event: 0.080 Thread 0x000001670568e2e0 Thread added: 0x00000167057353c0
Event: 0.080 Thread 0x000001670568e2e0 Thread added: 0x000001670563e800
Event: 0.080 Thread 0x000001670568e2e0 Thread added: 0x000001670573a050
Event: 0.080 Thread 0x000001670568e2e0 Thread added: 0x000001670573ad30
Event: 0.081 Thread 0x000001670568e2e0 Thread added: 0x000001670573ce20
Event: 0.081 Thread 0x000001670568e2e0 Thread added: 0x0000016705741400
Event: 0.081 Thread 0x000001670568e2e0 Thread added: 0x0000016705747190
Event: 0.081 Thread 0x000001670568e2e0 Thread added: 0x000001675e485060
Event: 0.166 Thread 0x0000016705747190 Thread added: 0x000001675e57a650
Event: 0.195 Thread 0x000001670568e2e0 Thread added: 0x000001675e685bd0
Event: 0.500 Thread 0x000001670568e2e0 Thread added: 0x000001675e7ba830
Event: 0.702 Thread 0x000001675e485060 Thread added: 0x000001675f584500
Event: 1.670 Thread 0x000001670568e2e0 Thread added: 0x000001675fa46f60


Dynamic libraries:
0x00007ff621fc0000 - 0x00007ff621fce000 	c:\Users\luisa\.vscode\extensions\redhat.java-1.54.0-win32-x64\jre\21.0.10-win32-x86_64\bin\java.exe
0x00007ff958260000 - 0x00007ff9584c7000 	C:\WINDOWS\SYSTEM32\ntdll.dll
0x00007ff957080000 - 0x00007ff957149000 	C:\WINDOWS\System32\KERNEL32.DLL
0x00007ff954d40000 - 0x00007ff955137000 	C:\WINDOWS\System32\KERNELBASE.dll
0x00007ff9559e0000 - 0x00007ff955b2b000 	C:\WINDOWS\System32\ucrtbase.dll
0x00007ff922e80000 - 0x00007ff922e9e000 	c:\Users\luisa\.vscode\extensions\redhat.java-1.54.0-win32-x64\jre\21.0.10-win32-x86_64\bin\VCRUNTIME140.dll
0x00007ff920c20000 - 0x00007ff920c38000 	c:\Users\luisa\.vscode\extensions\redhat.java-1.54.0-win32-x64\jre\21.0.10-win32-x86_64\bin\jli.dll
0x00007ff9569a0000 - 0x00007ff956b66000 	C:\WINDOWS\System32\USER32.dll
0x00007ff938a80000 - 0x00007ff938d12000 	C:\WINDOWS\WinSxS\amd64_microsoft.windows.common-controls_6595b64144ccf1df_6.0.26100.8457_none_3e0b2faee331e92d\COMCTL32.dll
0x00007ff9559b0000 - 0x00007ff9559d7000 	C:\WINDOWS\System32\win32u.dll
0x00007ff9568f0000 - 0x00007ff956999000 	C:\WINDOWS\System32\msvcrt.dll
0x00007ff957cd0000 - 0x00007ff957cfb000 	C:\WINDOWS\System32\GDI32.dll
0x00007ff955be0000 - 0x00007ff955d0c000 	C:\WINDOWS\System32\gdi32full.dll
0x00007ff955b30000 - 0x00007ff955bd3000 	C:\WINDOWS\System32\msvcp_win.dll
0x00007ff9568b0000 - 0x00007ff9568e2000 	C:\WINDOWS\System32\IMM32.DLL
0x00007ff93ea70000 - 0x00007ff93ea7c000 	c:\Users\luisa\.vscode\extensions\redhat.java-1.54.0-win32-x64\jre\21.0.10-win32-x86_64\bin\vcruntime140_1.dll
0x00007ff8f5210000 - 0x00007ff8f529d000 	c:\Users\luisa\.vscode\extensions\redhat.java-1.54.0-win32-x64\jre\21.0.10-win32-x86_64\bin\msvcp140.dll
0x00007ff89a0e0000 - 0x00007ff89ae81000 	c:\Users\luisa\.vscode\extensions\redhat.java-1.54.0-win32-x64\jre\21.0.10-win32-x86_64\bin\server\jvm.dll
0x00007ff956610000 - 0x00007ff9566c6000 	C:\WINDOWS\System32\ADVAPI32.dll
0x00007ff955fe0000 - 0x00007ff956087000 	C:\WINDOWS\System32\sechost.dll
0x00007ff956b70000 - 0x00007ff956c88000 	C:\WINDOWS\System32\RPCRT4.dll
0x00007ff9573d0000 - 0x00007ff957450000 	C:\WINDOWS\System32\WS2_32.dll
0x00007ff954320000 - 0x00007ff95437e000 	C:\WINDOWS\SYSTEM32\POWRPROF.dll
0x00007ff93ebf0000 - 0x00007ff93ec26000 	C:\WINDOWS\SYSTEM32\WINMM.dll
0x00007ff949010000 - 0x00007ff94901b000 	C:\WINDOWS\SYSTEM32\VERSION.dll
0x00007ff954190000 - 0x00007ff9541a4000 	C:\WINDOWS\SYSTEM32\UMPDC.dll
0x00007ff953a00000 - 0x00007ff953a1b000 	C:\WINDOWS\SYSTEM32\kernel.appcore.dll
0x00007ff93c4f0000 - 0x00007ff93c4fa000 	c:\Users\luisa\.vscode\extensions\redhat.java-1.54.0-win32-x64\jre\21.0.10-win32-x86_64\bin\jimage.dll
0x00007ff952bd0000 - 0x00007ff952e12000 	C:\WINDOWS\SYSTEM32\DBGHELP.DLL
0x00007ff956c90000 - 0x00007ff957013000 	C:\WINDOWS\System32\combase.dll
0x00007ff956530000 - 0x00007ff956609000 	C:\WINDOWS\System32\OLEAUT32.dll
0x00007ff934fe0000 - 0x00007ff93501b000 	C:\WINDOWS\SYSTEM32\dbgcore.DLL
0x00007ff954c90000 - 0x00007ff954d38000 	C:\WINDOWS\System32\bcryptPrimitives.dll
0x00007ff93c1d0000 - 0x00007ff93c1df000 	c:\Users\luisa\.vscode\extensions\redhat.java-1.54.0-win32-x64\jre\21.0.10-win32-x86_64\bin\instrument.dll
0x00007ff9206f0000 - 0x00007ff920710000 	c:\Users\luisa\.vscode\extensions\redhat.java-1.54.0-win32-x64\jre\21.0.10-win32-x86_64\bin\java.dll
0x00007ff9574a0000 - 0x00007ff957c0e000 	C:\WINDOWS\System32\SHELL32.dll
0x00007ff955140000 - 0x00007ff9559ac000 	C:\WINDOWS\System32\windows.storage.dll
0x00007ff956250000 - 0x00007ff956346000 	C:\WINDOWS\System32\SHCORE.dll
0x00007ff9564b0000 - 0x00007ff956516000 	C:\WINDOWS\System32\shlwapi.dll
0x00007ff954bb0000 - 0x00007ff954bd9000 	C:\WINDOWS\SYSTEM32\profapi.dll
0x00007ff91faa0000 - 0x00007ff91fab8000 	c:\Users\luisa\.vscode\extensions\redhat.java-1.54.0-win32-x64\jre\21.0.10-win32-x86_64\bin\zip.dll
0x00007ff93c0c0000 - 0x00007ff93c0d0000 	C:\Users\luisa\.vscode\extensions\redhat.java-1.54.0-win32-x64\jre\21.0.10-win32-x86_64\bin\net.dll
0x00007ff948c50000 - 0x00007ff948d79000 	C:\WINDOWS\SYSTEM32\WINHTTP.dll
0x00007ff954000000 - 0x00007ff95406c000 	C:\WINDOWS\system32\mswsock.dll
0x00007ff91adf0000 - 0x00007ff91ae06000 	C:\Users\luisa\.vscode\extensions\redhat.java-1.54.0-win32-x64\jre\21.0.10-win32-x86_64\bin\nio.dll
0x00007ff93b760000 - 0x00007ff93b770000 	c:\Users\luisa\.vscode\extensions\redhat.java-1.54.0-win32-x64\jre\21.0.10-win32-x86_64\bin\verify.dll

JVMTI agents:
c:\Users\luisa\.vscode\extensions\redhat.java-1.54.0-win32-x64\lombok\lombok-1.18.39-4050.jar path:c:\Users\luisa\.vscode\extensions\redhat.java-1.54.0-win32-x64\jre\21.0.10-win32-x86_64\bin\instrument.dll, loaded, initialized, instrumentlib options:none

dbghelp: loaded successfully - version: 4.0.5 - missing functions: none
symbol engine: initialized successfully - sym options: 0x614 - pdb path: .;c:\Users\luisa\.vscode\extensions\redhat.java-1.54.0-win32-x64\jre\21.0.10-win32-x86_64\bin;C:\WINDOWS\SYSTEM32;C:\WINDOWS\WinSxS\amd64_microsoft.windows.common-controls_6595b64144ccf1df_6.0.26100.8457_none_3e0b2faee331e92d;c:\Users\luisa\.vscode\extensions\redhat.java-1.54.0-win32-x64\jre\21.0.10-win32-x86_64\bin\server

VM Arguments:
jvm_args: --add-modules=ALL-SYSTEM --add-opens=java.base/java.util=ALL-UNNAMED --add-opens=java.base/java.lang=ALL-UNNAMED --add-opens=java.base/sun.nio.fs=ALL-UNNAMED -Declipse.application=org.eclipse.jdt.ls.core.id1 -Dosgi.bundles.defaultStartLevel=4 -Declipse.product=org.eclipse.jdt.ls.core.product -Djava.import.generatesMetadataFilesAtProjectRoot=false -DDetectVMInstallationsJob.disabled=true -Dfile.encoding=utf8 -XX:+UseParallelGC -XX:GCTimeRatio=4 -XX:AdaptiveSizePolicyWeight=90 -Dsun.zip.disableMemoryMapping=true -Xmx2G -Xms100m -Xlog:disable -javaagent:c:\Users\luisa\.vscode\extensions\redhat.java-1.54.0-win32-x64\lombok\lombok-1.18.39-4050.jar 
java_command: c:\Users\luisa\.vscode\extensions\redhat.java-1.54.0-win32-x64\server\plugins\org.eclipse.equinox.launcher_1.7.100.v20251111-0406.jar -configuration c:\Users\luisa\AppData\Roaming\Code\User\globalStorage\redhat.java\1.54.0\config_ss_win -data c:\Users\luisa\AppData\Roaming\Code\User\workspaceStorage\c39dd73e852d32c15b1d8e2e38c5d1a0\redhat.java\ss_ws --pipe=\\.\pipe\lsp-2fb22ed32965b78bbb19ae8562127b7e-sock
java_class_path (initial): c:\Users\luisa\.vscode\extensions\redhat.java-1.54.0-win32-x64\server\plugins\org.eclipse.equinox.launcher_1.7.100.v20251111-0406.jar
Launcher Type: SUN_STANDARD

[Global flags]
    uintx AdaptiveSizePolicyWeight                 = 90                                        {product} {command line}
     intx CICompilerCount                          = 4                                         {product} {ergonomic}
    uintx GCTimeRatio                              = 4                                         {product} {command line}
   size_t InitialHeapSize                          = 104857600                                 {product} {command line}
   size_t MaxHeapSize                              = 2147483648                                {product} {command line}
   size_t MaxNewSize                               = 715653120                                 {product} {ergonomic}
   size_t MinHeapDeltaBytes                        = 524288                                    {product} {ergonomic}
   size_t MinHeapSize                              = 104857600                                 {product} {command line}
   size_t NewSize                                  = 34603008                                  {product} {ergonomic}
    uintx NonNMethodCodeHeapSize                   = 5839372                                {pd product} {ergonomic}
    uintx NonProfiledCodeHeapSize                  = 122909434                              {pd product} {ergonomic}
   size_t OldSize                                  = 70254592                                  {product} {ergonomic}
    uintx ProfiledCodeHeapSize                     = 122909434                              {pd product} {ergonomic}
    uintx ReservedCodeCacheSize                    = 251658240                              {pd product} {ergonomic}
     bool SegmentedCodeCache                       = true                                      {product} {ergonomic}
   size_t SoftMaxHeapSize                          = 2147483648                             {manageable} {ergonomic}
     bool UseCompressedOops                        = true                           {product lp64_product} {ergonomic}
     bool UseLargePagesIndividualAllocation        = false                                  {pd product} {ergonomic}
     bool UseParallelGC                            = true                                      {product} {command line}

Logging:
Log output configuration:
 #0: stdout all=off uptime,level,tags foldmultilines=false
 #1: stderr all=off uptime,level,tags foldmultilines=false

Release file:
JAVA_VERSION="21.0.10" 
MODULES="java.base java.compiler java.datatransfer java.xml java.prefs java.desktop java.instrument java.logging java.management java.security.sasl java.naming java.rmi java.management.rmi java.net.http java.scripting java.security.jgss java.transaction.xa java.sql java.sql.rowset java.xml.crypto java.se java.smartcardio jdk.accessibility jdk.internal.jvmstat jdk.attach jdk.charsets jdk.internal.opt jdk.zipfs jdk.compiler jdk.crypto.ec jdk.crypto.cryptoki jdk.crypto.mscapi jdk.dynalink jdk.internal.ed jdk.editpad jdk.hotspot.agent jdk.httpserver jdk.internal.le jdk.internal.vm.ci jdk.internal.vm.compiler jdk.internal.vm.compiler.management jdk.jartool jdk.javadoc jdk.jcmd jdk.management jdk.management.agent jdk.jconsole jdk.jdeps jdk.jdwp.agent jdk.jdi jdk.jfr jdk.jshell jdk.jsobject jdk.jstatd jdk.localedata jdk.management.jfr jdk.naming.dns jdk.naming.rmi jdk.net jdk.nio.mapmode jdk.random jdk.sctp jdk.security.auth jdk.security.jgss jdk.unsupported jdk.unsupported.desktop jdk.xml.dom" 

Environment Variables:
JAVA_HOME=C:\Program Files\Eclipse Adoptium\jdk-17.0.15.6-hotspot
PATH=C:\Users\luisa\AppData\Local\Programs\Microsoft VS Code;C:\Program Files (x86)\Google\Chrome\Application;C:\Program Files\Eclipse Adoptium\jdk-17.0.15.6-hotspot\bin;C:\WINDOWS\system32;C:\WINDOWS;C:\WINDOWS\System32\Wbem;C:\WINDOWS\System32\WindowsPowerShell\v1.0\;C:\WINDOWS\System32\OpenSSH\;C:\Program Files (x86)\Common Files\Propellerhead Software\ReWire\;C:\Program Files\Common Files\Propellerhead Software\ReWire\;C:\Program Files\Git\cmd;C:\Program Files\heroku\bin;C:\Program Files\dotnet\;C:\maven\apache-maven-3.8.6\bin;C:\Program Files (x86)\NVIDIA Corporation\PhysX\Common;C:\Program Files\Csound6_x64\bin;C:\WINDOWS\system32;C:\WINDOWS;C:\WINDOWS\System32\Wbem;C:\WINDOWS\System32\WindowsPowerShell\v1.0\;C:\WINDOWS\System32\OpenSSH\;C:\Program Files\NVIDIA Corporation\NVIDIA app\NvDLISR;C:\Program Files\nodejs\;C:\Program Files\Docker\Docker\resources\bin;C:\Users\luisa\.cargo\bin;C:\Users\luisa\AppData\Local\Programs\Python\Python312\Scripts\;C:\Users\luisa\AppData\Local\Programs\Python\Python312\;C:\Users\luisa\AppData\Local\Programs\Python\Python314\Scripts\;C:\Users\luisa\AppData\Local\Programs\Python\Python314\;C:\Program Files\MySQL\MySQL Shell 8.0\bin\;C:\Users\luisa\AppData\Local\Microsoft\WindowsApps;C:\Users\luisa\AppData\Local\Programs\Microsoft VS Code\bin;C:\Program Files\heroku\bin;C:\Program Files\JetBrains\IntelliJ IDEA Community Edition 2022.1\bin;C:\MinGW\bin.;C:\Program Files (x86)\php8;C:\Program Files\MySQL\MySQL Server 8.0\bin;C:\Users\luisa\AppData\Local\Microsoft\WindowsApps;C:\Users\luisa\AppData\Local\Programs\Antigravity\bin;C:\Users\luisa\AppData\Roaming\npm
USERNAME=luisa
OS=Windows_NT
PROCESSOR_IDENTIFIER=Intel64 Family 6 Model 158 Stepping 10, GenuineIntel
TMP=C:\Users\luisa\AppData\Local\Temp
TEMP=C:\Users\luisa\AppData\Local\Temp




Periodic native trim disabled

---------------  S Y S T E M  ---------------

OS:
 Windows 11 , 64 bit Build 26100 (10.0.26100.8328)
OS uptime: 5 days 9:59 hours
Hyper-V role detected

CPU: total 12 (initial active 12) (6 cores per cpu, 2 threads per core) family 6 model 158 stepping 10 microcode 0xf0, cx8, cmov, fxsr, ht, mmx, 3dnowpref, sse, sse2, sse3, ssse3, sse4.1, sse4.2, popcnt, lzcnt, tsc, tscinvbit, avx, avx2, aes, erms, clmul, bmi1, bmi2, adx, fma, vzeroupper, clflush, clflushopt, hv, rdtscp, f16c
Processor Information for processor 0
  Max Mhz: 2592, Current Mhz: 1495, Mhz Limit: 2592
Processor Information for processor 1
  Max Mhz: 2592, Current Mhz: 1495, Mhz Limit: 2592
Processor Information for processor 2
  Max Mhz: 2592, Current Mhz: 2592, Mhz Limit: 2592
Processor Information for processor 3
  Max Mhz: 2592, Current Mhz: 1495, Mhz Limit: 2592
Processor Information for processor 4
  Max Mhz: 2592, Current Mhz: 1495, Mhz Limit: 2592
Processor Information for processor 5
  Max Mhz: 2592, Current Mhz: 1495, Mhz Limit: 2592
Processor Information for processor 6
  Max Mhz: 2592, Current Mhz: 1495, Mhz Limit: 2592
Processor Information for processor 7
  Max Mhz: 2592, Current Mhz: 1495, Mhz Limit: 2592
Processor Information for processor 8
  Max Mhz: 2592, Current Mhz: 1495, Mhz Limit: 2592
Processor Information for processor 9
  Max Mhz: 2592, Current Mhz: 2592, Mhz Limit: 2592
Processor Information for processor 10
  Max Mhz: 2592, Current Mhz: 2592, Mhz Limit: 2592
Processor Information for processor 11
  Max Mhz: 2592, Current Mhz: 1495, Mhz Limit: 2592

Memory: 4k page, system-wide physical 8002M (822M free)
TotalPageFile size 32578M (AvailPageFile size 5M)
current process WorkingSet (physical memory assigned to process): 90M, peak: 90M
current process commit charge ("private bytes"): 247M, peak: 247M

vm_info: OpenJDK 64-Bit Server VM (21.0.10+7-LTS) for windows-amd64 JRE (21.0.10+7-LTS), built on 2026-01-20T00:00:00Z by "admin" with MS VC++ 17.12 (VS2022)

END.
