#
# There is insufficient memory for the Java Runtime Environment to continue.
# Native memory allocation (malloc) failed to allocate 1091040 bytes. Error detail: Chunk::new
# Possible reasons:
#   The system is out of physical RAM or swap space
#   This process is running with CompressedOops enabled, and the Java Heap may be blocking the growth of the native heap
# Possible solutions:
#   Reduce memory load on the system
#   Increase physical memory or swap space
#   Check if swap backing store is full
#   Decrease Java heap size (-Xmx/-Xms)
#   Decrease number of Java threads
#   Decrease Java thread stack sizes (-Xss)
#   Set larger code cache with -XX:ReservedCodeCacheSize=
#   JVM is running with Unscaled Compressed Oops mode in which the Java heap is
#     placed in the first 4GB address space. The Java Heap base address is the
#     maximum limit for the native heap growth. Please use -XX:HeapBaseMinAddress
#     to set the Java Heap base and to place the Java Heap above 4GB virtual address.
# This output file may be truncated or incomplete.
#
#  Out of Memory Error (arena.cpp:168), pid=17516, tid=21048
#
# JRE version: OpenJDK Runtime Environment Temurin-21.0.10+7 (21.0.10+7) (build 21.0.10+7-LTS)
# Java VM: OpenJDK 64-Bit Server VM Temurin-21.0.10+7 (21.0.10+7-LTS, mixed mode, sharing, tiered, compressed oops, compressed class ptrs, parallel gc, windows-amd64)
# No core dump will be written. Minidumps are not enabled by default on client versions of Windows
#

---------------  S U M M A R Y ------------

Command Line: --add-modules=ALL-SYSTEM --add-opens=java.base/java.util=ALL-UNNAMED --add-opens=java.base/java.lang=ALL-UNNAMED --add-opens=java.base/sun.nio.fs=ALL-UNNAMED -Declipse.application=org.eclipse.jdt.ls.core.id1 -Dosgi.bundles.defaultStartLevel=4 -Declipse.product=org.eclipse.jdt.ls.core.product -Djava.import.generatesMetadataFilesAtProjectRoot=false -DDetectVMInstallationsJob.disabled=true -Dfile.encoding=utf8 -XX:+UseParallelGC -XX:GCTimeRatio=4 -XX:AdaptiveSizePolicyWeight=90 -Dsun.zip.disableMemoryMapping=true -Xmx2G -Xms100m -Xlog:disable -javaagent:c:\Users\luisa\.vscode\extensions\redhat.java-1.54.0-win32-x64\lombok\lombok-1.18.39-4050.jar c:\Users\luisa\.vscode\extensions\redhat.java-1.54.0-win32-x64\server\plugins\org.eclipse.equinox.launcher_1.7.100.v20251111-0406.jar -configuration c:\Users\luisa\AppData\Roaming\Code\User\globalStorage\redhat.java\1.54.0\config_ss_win -data c:\Users\luisa\AppData\Roaming\Code\User\workspaceStorage\c39dd73e852d32c15b1d8e2e38c5d1a0\redhat.java\ss_ws --pipe=\\.\pipe\lsp-41a060d86ac21c97dd5b116c9e7c3cdb-sock

Host: Intel(R) Core(TM) i7-9750H CPU @ 2.60GHz, 12 cores, 7G,  Windows 11 , 64 bit Build 26100 (10.0.26100.8328)
Time: Tue May 19 20:32:04 2026 Hora oficial do Brasil elapsed time: 6.910693 seconds (0d 0h 0m 6s)

---------------  T H R E A D  ---------------

Current thread (0x0000024c96cc3cb0):  JavaThread "C2 CompilerThread1" daemon [_thread_in_native, id=21048, stack(0x0000007011200000,0x0000007011300000) (1024K)]


Current CompileTask:
C2:6911 3285       4       java.lang.invoke.MethodType::methodType (69 bytes)

Stack: [0x0000007011200000,0x0000007011300000]
Native frames: (J=compiled Java code, j=interpreted, Vv=VM code, C=native code)
V  [jvm.dll+0x6d7a39]
V  [jvm.dll+0x8b4b26]
V  [jvm.dll+0x8b70de]
V  [jvm.dll+0x8b77c3]
V  [jvm.dll+0x284346]
V  [jvm.dll+0xc66ed]
V  [jvm.dll+0xc6c31]
V  [jvm.dll+0x3bec3b]
V  [jvm.dll+0x1e3d62]
V  [jvm.dll+0x24c6b3]
V  [jvm.dll+0x24bb40]
V  [jvm.dll+0x1cb34e]
V  [jvm.dll+0x25b85d]
V  [jvm.dll+0x259dea]
V  [jvm.dll+0x3f857e]
V  [jvm.dll+0x85f59d]
V  [jvm.dll+0x6d626d]
C  [ucrtbase.dll+0x37b0]
C  [KERNEL32.DLL+0x2e957]
C  [ntdll.dll+0x427c]


---------------  P R O C E S S  ---------------

Threads class SMR info:
_java_thread_list=0x0000024c97cefa10, length=38, elements={
0x0000024c37eff240, 0x0000024c37eae7d0, 0x0000024c37fa0a60, 0x0000024c37fa4c90,
0x0000024c37fa63c0, 0x0000024c37fac8d0, 0x0000024c37fb0490, 0x0000024c37fb6390,
0x0000024c90cfb110, 0x0000024c90f06ce0, 0x0000024c90f07370, 0x0000024c90f05fc0,
0x0000024c90f06650, 0x0000024c9682ceb0, 0x0000024c9682bb00, 0x0000024c9682d540,
0x0000024c9682dbd0, 0x0000024c9682e260, 0x0000024c9682c820, 0x0000024c9682ade0,
0x0000024c96cc3cb0, 0x0000024c9682e8f0, 0x0000024c9682b470, 0x0000024c9682ef80,
0x0000024c9682f610, 0x0000024c968316e0, 0x0000024c96831d70, 0x0000024c968309c0,
0x0000024c96831050, 0x0000024c96830330, 0x0000024c96832400, 0x0000024c9682fca0,
0x0000024c97dda2c0, 0x0000024c97dd95a0, 0x0000024c97dd9c30, 0x0000024c97ddafe0,
0x0000024c97ddc390, 0x0000024c97ddd740
}

Java Threads: ( => current thread )
  0x0000024c37eff240 JavaThread "main"                              [_thread_blocked, id=24932, stack(0x000000700f200000,0x000000700f300000) (1024K)]
  0x0000024c37eae7d0 JavaThread "Reference Handler"          daemon [_thread_blocked, id=14848, stack(0x000000700f600000,0x000000700f700000) (1024K)]
  0x0000024c37fa0a60 JavaThread "Finalizer"                  daemon [_thread_blocked, id=18696, stack(0x000000700f700000,0x000000700f800000) (1024K)]
  0x0000024c37fa4c90 JavaThread "Signal Dispatcher"          daemon [_thread_blocked, id=7304, stack(0x000000700f800000,0x000000700f900000) (1024K)]
  0x0000024c37fa63c0 JavaThread "Attach Listener"            daemon [_thread_blocked, id=23464, stack(0x000000700f900000,0x000000700fa00000) (1024K)]
  0x0000024c37fac8d0 JavaThread "Service Thread"             daemon [_thread_blocked, id=16860, stack(0x000000700fa00000,0x000000700fb00000) (1024K)]
  0x0000024c37fb0490 JavaThread "Monitor Deflation Thread"   daemon [_thread_blocked, id=13596, stack(0x000000700fb00000,0x000000700fc00000) (1024K)]
  0x0000024c37fb6390 JavaThread "C2 CompilerThread0"         daemon [_thread_in_native, id=12188, stack(0x000000700fc00000,0x000000700fd00000) (1024K)]
  0x0000024c90cfb110 JavaThread "C1 CompilerThread0"         daemon [_thread_blocked, id=19976, stack(0x000000700fd00000,0x000000700fe00000) (1024K)]
  0x0000024c90f06ce0 JavaThread "Common-Cleaner"             daemon [_thread_blocked, id=15064, stack(0x000000700ff00000,0x0000007010000000) (1024K)]
  0x0000024c90f07370 JavaThread "Notification Thread"        daemon [_thread_blocked, id=452, stack(0x0000007010000000,0x0000007010100000) (1024K)]
  0x0000024c90f05fc0 JavaThread "Active Thread: Equinox Container: 597ba5a2-f624-4404-89a8-70aec8fb7c31"        [_thread_blocked, id=13048, stack(0x0000007010700000,0x0000007010800000) (1024K)]
  0x0000024c90f06650 JavaThread "Framework Event Dispatcher: Equinox Container: 597ba5a2-f624-4404-89a8-70aec8fb7c31" daemon [_thread_blocked, id=20308, stack(0x0000007010800000,0x0000007010900000) (1024K)]
  0x0000024c9682ceb0 JavaThread "Start Level: Equinox Container: 597ba5a2-f624-4404-89a8-70aec8fb7c31" daemon [_thread_blocked, id=19412, stack(0x0000007010900000,0x0000007010a00000) (1024K)]
  0x0000024c9682bb00 JavaThread "SCR Component Actor"        daemon [_thread_blocked, id=11300, stack(0x000000700fe00000,0x000000700ff00000) (1024K)]
  0x0000024c9682d540 JavaThread "Worker-JM"                         [_thread_blocked, id=15656, stack(0x0000007010d00000,0x0000007010e00000) (1024K)]
  0x0000024c9682dbd0 JavaThread "JNA Cleaner"                daemon [_thread_blocked, id=11324, stack(0x0000007010b00000,0x0000007010c00000) (1024K)]
  0x0000024c9682e260 JavaThread "Worker-0"                          [_thread_blocked, id=10716, stack(0x0000007010c00000,0x0000007010d00000) (1024K)]
  0x0000024c9682c820 JavaThread "Worker-1"                          [_thread_blocked, id=19616, stack(0x0000007011000000,0x0000007011100000) (1024K)]
  0x0000024c9682ade0 JavaThread "Worker-2"                          [_thread_blocked, id=10540, stack(0x0000007011100000,0x0000007011200000) (1024K)]
=>0x0000024c96cc3cb0 JavaThread "C2 CompilerThread1"         daemon [_thread_in_native, id=21048, stack(0x0000007011200000,0x0000007011300000) (1024K)]
  0x0000024c9682e8f0 JavaThread "Worker-3"                          [_thread_blocked, id=13364, stack(0x0000007011300000,0x0000007011400000) (1024K)]
  0x0000024c9682b470 JavaThread "Thread-1"                   daemon [_thread_in_native, id=17872, stack(0x0000007011600000,0x0000007011700000) (1024K)]
  0x0000024c9682ef80 JavaThread "Thread-2"                   daemon [_thread_in_native, id=16188, stack(0x0000007011700000,0x0000007011800000) (1024K)]
  0x0000024c9682f610 JavaThread "Thread-3"                   daemon [_thread_in_native, id=19916, stack(0x0000007011800000,0x0000007011900000) (1024K)]
  0x0000024c968316e0 JavaThread "Thread-4"                   daemon [_thread_in_native, id=17220, stack(0x0000007011900000,0x0000007011a00000) (1024K)]
  0x0000024c96831d70 JavaThread "Thread-5"                   daemon [_thread_in_native, id=7356, stack(0x0000007011a00000,0x0000007011b00000) (1024K)]
  0x0000024c968309c0 JavaThread "Thread-6"                   daemon [_thread_in_native, id=17716, stack(0x0000007011b00000,0x0000007011c00000) (1024K)]
  0x0000024c96831050 JavaThread "Thread-7"                   daemon [_thread_in_native, id=1772, stack(0x0000007011c00000,0x0000007011d00000) (1024K)]
  0x0000024c96830330 JavaThread "Thread-8"                   daemon [_thread_in_native, id=7444, stack(0x0000007011d00000,0x0000007011e00000) (1024K)]
  0x0000024c96832400 JavaThread "Thread-9"                   daemon [_thread_in_native, id=16964, stack(0x0000007011e00000,0x0000007011f00000) (1024K)]
  0x0000024c9682fca0 JavaThread "Thread-10"                  daemon [_thread_in_native, id=22436, stack(0x0000007011f00000,0x0000007012000000) (1024K)]
  0x0000024c97dda2c0 JavaThread "Thread-11"                  daemon [_thread_in_native, id=24044, stack(0x0000007012000000,0x0000007012100000) (1024K)]
  0x0000024c97dd95a0 JavaThread "Thread-12"                  daemon [_thread_in_native, id=9732, stack(0x0000007012100000,0x0000007012200000) (1024K)]
  0x0000024c97dd9c30 JavaThread "Thread-13"                  daemon [_thread_in_native, id=9336, stack(0x0000007012200000,0x0000007012300000) (1024K)]
  0x0000024c97ddafe0 JavaThread "pool-2-thread-1"                   [_thread_blocked, id=22188, stack(0x0000007012300000,0x0000007012400000) (1024K)]
  0x0000024c97ddc390 JavaThread "WorkspaceEventsHandler"            [_thread_blocked, id=18164, stack(0x0000007012400000,0x0000007012500000) (1024K)]
  0x0000024c97ddd740 JavaThread "pool-1-thread-1"                   [_thread_in_vm, id=13052, stack(0x0000007012500000,0x0000007012600000) (1024K)]
Total: 38

Other Threads:
  0x0000024c90ce14a0 VMThread "VM Thread"                           [id=22812, stack(0x000000700f500000,0x000000700f600000) (1024K)]
  0x0000024c37d8ba00 WatcherThread "VM Periodic Task Thread"        [id=19668, stack(0x000000700f400000,0x000000700f500000) (1024K)]
  0x0000024c37f1f3d0 WorkerThread "GC Thread#0"                     [id=17636, stack(0x000000700f300000,0x000000700f400000) (1024K)]
  0x0000024c968768e0 WorkerThread "GC Thread#1"                     [id=3932, stack(0x0000007010100000,0x0000007010200000) (1024K)]
  0x0000024c961bff10 WorkerThread "GC Thread#2"                     [id=18752, stack(0x0000007010200000,0x0000007010300000) (1024K)]
  0x0000024c963edf10 WorkerThread "GC Thread#3"                     [id=12124, stack(0x0000007010300000,0x0000007010400000) (1024K)]
  0x0000024c963ee2c0 WorkerThread "GC Thread#4"                     [id=3172, stack(0x0000007010400000,0x0000007010500000) (1024K)]
  0x0000024c963ee670 WorkerThread "GC Thread#5"                     [id=13396, stack(0x0000007010500000,0x0000007010600000) (1024K)]
  0x0000024c96332ee0 WorkerThread "GC Thread#6"                     [id=19080, stack(0x0000007010600000,0x0000007010700000) (1024K)]
  0x0000024c966ef180 WorkerThread "GC Thread#7"                     [id=19868, stack(0x0000007010a00000,0x0000007010b00000) (1024K)]
  0x0000024c967e4660 WorkerThread "GC Thread#8"                     [id=24324, stack(0x0000007010e00000,0x0000007010f00000) (1024K)]
  0x0000024c96895460 WorkerThread "GC Thread#9"                     [id=6404, stack(0x0000007010f00000,0x0000007011000000) (1024K)]
Total: 12

Threads with active compile tasks:
C2 CompilerThread0  6976 3314       4       java.lang.Object::toString (36 bytes)
C2 CompilerThread1  6976 3285       4       java.lang.invoke.MethodType::methodType (69 bytes)
Total: 2

VM state: not at safepoint (normal execution)

VM Mutex/Monitor currently owned by a thread: None

Heap address: 0x0000000080000000, size: 2048 MB, Compressed Oops mode: 32-bit

CDS archive(s) mapped at: [0x0000024c4f000000-0x0000024c4fba0000-0x0000024c4fba0000), size 12189696, SharedBaseAddress: 0x0000024c4f000000, ArchiveRelocationMode: 1.
Compressed class space mapped at: 0x0000024c50000000-0x0000024c90000000, reserved size: 1073741824
Narrow klass base: 0x0000024c4f000000, Narrow klass shift: 0, Narrow klass range: 0x100000000

GC Precious Log:
 CardTable entry size: 512
 CPUs: 12 total, 12 available
 Memory: 8002M
 Large Page Support: Disabled
 NUMA Support: Disabled
 Compressed Oops: Enabled (32-bit)
 Alignments: Space 512K, Generation 512K, Heap 2M
 Heap Min Capacity: 100M
 Heap Initial Capacity: 100M
 Heap Max Capacity: 2G
 Pre-touch: Disabled
 Parallel Workers: 10

Heap:
 PSYoungGen      total 27136K, used 19323K [0x00000000d5580000, 0x00000000d7780000, 0x0000000100000000)
  eden space 23552K, 66% used [0x00000000d5580000,0x00000000d64e04c0,0x00000000d6c80000)
  from space 3584K, 99% used [0x00000000d7180000,0x00000000d74feab0,0x00000000d7500000)
  to   space 5120K, 0% used [0x00000000d6c80000,0x00000000d6c80000,0x00000000d7180000)
 ParOldGen       total 68608K, used 10211K [0x0000000080000000, 0x0000000084300000, 0x00000000d5580000)
  object space 68608K, 14% used [0x0000000080000000,0x00000000809f8eb8,0x0000000084300000)
 Metaspace       used 29269K, committed 30144K, reserved 1114112K
  class space    used 2937K, committed 3328K, reserved 1048576K

Card table byte_map: [0x0000024c378a0000,0x0000024c37cb0000] _byte_map_base: 0x0000024c374a0000

Marking Bits: (ParMarkBitMap*) 0x00007ff89ada3450
 Begin Bits: [0x0000024c4a3b0000, 0x0000024c4c3b0000)
 End Bits:   [0x0000024c4c3b0000, 0x0000024c4e3b0000)

Polling page: 0x0000024c35d20000

Metaspace:

Usage:
  Non-class:     25.71 MB used.
      Class:      2.87 MB used.
       Both:     28.58 MB used.

Virtual space:
  Non-class space:       64.00 MB reserved,      26.19 MB ( 41%) committed,  1 nodes.
      Class space:        1.00 GB reserved,       3.25 MB ( <1%) committed,  1 nodes.
             Both:        1.06 GB reserved,      29.44 MB (  3%) committed. 

Chunk freelists:
   Non-Class:  5.81 MB
       Class:  12.78 MB
        Both:  18.59 MB

MaxMetaspaceSize: unlimited
CompressedClassSpaceSize: 1.00 GB
Initial GC threshold: 21.00 MB
Current GC threshold: 35.00 MB
CDS: on
 - commit_granule_bytes: 65536.
 - commit_granule_words: 8192.
 - virtual_space_node_default_size: 8388608.
 - enlarge_chunks_in_place: 1.
 - use_allocation_guard: 0.


Internal statistics:

num_allocs_failed_limit: 3.
num_arena_births: 558.
num_arena_deaths: 14.
num_vsnodes_births: 2.
num_vsnodes_deaths: 0.
num_space_committed: 471.
num_space_uncommitted: 0.
num_chunks_returned_to_freelist: 17.
num_chunks_taken_from_freelist: 1700.
num_chunk_merges: 6.
num_chunk_splits: 1088.
num_chunks_enlarged: 695.
num_inconsistent_stats: 0.

CodeHeap 'non-profiled nmethods': size=120000Kb used=1590Kb max_used=1590Kb free=118410Kb
 bounds [0x0000024c42bd0000, 0x0000024c42e40000, 0x0000024c4a100000]
CodeHeap 'profiled nmethods': size=120000Kb used=6722Kb max_used=6722Kb free=113277Kb
 bounds [0x0000024c3b100000, 0x0000024c3b7a0000, 0x0000024c42630000]
CodeHeap 'non-nmethods': size=5760Kb used=1342Kb max_used=1413Kb free=4417Kb
 bounds [0x0000024c42630000, 0x0000024c428a0000, 0x0000024c42bd0000]
CodeCache: size=245760Kb, used=9654Kb, max_used=9725Kb, free=236104Kb
 total_blobs=4110, nmethods=3477, adapters=539, full_count=0
Compilation: enabled, stopped_count=0, restarted_count=0

Compilation events (20 events):
Event: 6.694 Thread 0x0000024c90cfb110 3413       3       java.util.Spliterators$ArraySpliterator::<init> (40 bytes)
Event: 6.694 Thread 0x0000024c90cfb110 nmethod 3413 0x0000024c3b77d210 code [0x0000024c3b77d3c0, 0x0000024c3b77d560]
Event: 6.695 Thread 0x0000024c90cfb110 3415       3       java.lang.reflect.Executable::isVarArgs (17 bytes)
Event: 6.695 Thread 0x0000024c90cfb110 nmethod 3415 0x0000024c3b77d610 code [0x0000024c3b77d7c0, 0x0000024c3b77d9e0]
Event: 6.695 Thread 0x0000024c90cfb110 3416       3       jdk.internal.org.objectweb.asm.MethodWriter::visitTryCatchBlock (67 bytes)
Event: 6.696 Thread 0x0000024c90cfb110 nmethod 3416 0x0000024c3b77da90 code [0x0000024c3b77dc60, 0x0000024c3b77e100]
Event: 6.696 Thread 0x0000024c90cfb110 3417       3       jdk.internal.org.objectweb.asm.Handler::<init> (32 bytes)
Event: 6.696 Thread 0x0000024c90cfb110 nmethod 3417 0x0000024c3b77e310 code [0x0000024c3b77e4c0, 0x0000024c3b77e680]
Event: 6.696 Thread 0x0000024c90cfb110 3418       3       jdk.internal.org.objectweb.asm.Frame::getConcreteOutputType (111 bytes)
Event: 6.696 Thread 0x0000024c90cfb110 nmethod 3418 0x0000024c3b77e710 code [0x0000024c3b77e8e0, 0x0000024c3b77ec70]
Event: 6.699 Thread 0x0000024c90cfb110 3419       3       java.lang.PublicMethods$MethodList::<init> (10 bytes)
Event: 6.700 Thread 0x0000024c90cfb110 nmethod 3419 0x0000024c3b77ed90 code [0x0000024c3b77ef40, 0x0000024c3b77f0c8]
Event: 6.708 Thread 0x0000024c90cfb110 3420       3       java.util.Calendar::internalSet (8 bytes)
Event: 6.708 Thread 0x0000024c90cfb110 nmethod 3420 0x0000024c3b77f190 code [0x0000024c3b77f340, 0x0000024c3b77f478]
Event: 6.727 Thread 0x0000024c90cfb110 3421       3       java.nio.HeapByteBuffer::get (14 bytes)
Event: 6.728 Thread 0x0000024c90cfb110 nmethod 3421 0x0000024c3b77f590 code [0x0000024c3b77f760, 0x0000024c3b77fa28]
Event: 6.728 Thread 0x0000024c90cfb110 3422       3       java.nio.Buffer::nextGetIndex (30 bytes)
Event: 6.728 Thread 0x0000024c90cfb110 nmethod 3422 0x0000024c3b77fc10 code [0x0000024c3b77fdc0, 0x0000024c3b77ff90]
Event: 6.728 Thread 0x0000024c90cfb110 3423   !   3       org.eclipse.jdt.ls.core.internal.ConnectionStreamFactory$NamedPipeInputStream::read (128 bytes)
Event: 6.729 Thread 0x0000024c90cfb110 nmethod 3423 0x0000024c3b780090 code [0x0000024c3b780300, 0x0000024c3b780cd0]

GC Heap History (18 events):
Event: 1.294 GC heap before
{Heap before GC invocations=1 (full 0):
 PSYoungGen      total 29696K, used 25600K [0x00000000d5580000, 0x00000000d7680000, 0x0000000100000000)
  eden space 25600K, 100% used [0x00000000d5580000,0x00000000d6e80000,0x00000000d6e80000)
  from space 4096K, 0% used [0x00000000d7280000,0x00000000d7280000,0x00000000d7680000)
  to   space 4096K, 0% used [0x00000000d6e80000,0x00000000d6e80000,0x00000000d7280000)
 ParOldGen       total 68608K, used 0K [0x0000000080000000, 0x0000000084300000, 0x00000000d5580000)
  object space 68608K, 0% used [0x0000000080000000,0x0000000080000000,0x0000000084300000)
 Metaspace       used 4349K, committed 4608K, reserved 1114112K
  class space    used 475K, committed 576K, reserved 1048576K
}
Event: 1.309 GC heap after
{Heap after GC invocations=1 (full 0):
 PSYoungGen      total 29696K, used 3287K [0x00000000d5580000, 0x00000000d7680000, 0x0000000100000000)
  eden space 25600K, 0% used [0x00000000d5580000,0x00000000d5580000,0x00000000d6e80000)
  from space 4096K, 80% used [0x00000000d6e80000,0x00000000d71b5ea8,0x00000000d7280000)
  to   space 4096K, 0% used [0x00000000d7280000,0x00000000d7280000,0x00000000d7680000)
 ParOldGen       total 68608K, used 16K [0x0000000080000000, 0x0000000084300000, 0x00000000d5580000)
  object space 68608K, 0% used [0x0000000080000000,0x0000000080004000,0x0000000084300000)
 Metaspace       used 4349K, committed 4608K, reserved 1114112K
  class space    used 475K, committed 576K, reserved 1048576K
}
Event: 2.475 GC heap before
{Heap before GC invocations=2 (full 0):
 PSYoungGen      total 29696K, used 28887K [0x00000000d5580000, 0x00000000d7680000, 0x0000000100000000)
  eden space 25600K, 100% used [0x00000000d5580000,0x00000000d6e80000,0x00000000d6e80000)
  from space 4096K, 80% used [0x00000000d6e80000,0x00000000d71b5ea8,0x00000000d7280000)
  to   space 4096K, 0% used [0x00000000d7280000,0x00000000d7280000,0x00000000d7680000)
 ParOldGen       total 68608K, used 16K [0x0000000080000000, 0x0000000084300000, 0x00000000d5580000)
  object space 68608K, 0% used [0x0000000080000000,0x0000000080004000,0x0000000084300000)
 Metaspace       used 8188K, committed 8512K, reserved 1114112K
  class space    used 869K, committed 1024K, reserved 1048576K
}
Event: 2.484 GC heap after
{Heap after GC invocations=2 (full 0):
 PSYoungGen      total 29696K, used 4075K [0x00000000d5580000, 0x00000000d7680000, 0x0000000100000000)
  eden space 25600K, 0% used [0x00000000d5580000,0x00000000d5580000,0x00000000d6e80000)
  from space 4096K, 99% used [0x00000000d7280000,0x00000000d767aff8,0x00000000d7680000)
  to   space 4096K, 0% used [0x00000000d6e80000,0x00000000d6e80000,0x00000000d7280000)
 ParOldGen       total 68608K, used 1170K [0x0000000080000000, 0x0000000084300000, 0x00000000d5580000)
  object space 68608K, 1% used [0x0000000080000000,0x0000000080124810,0x0000000084300000)
 Metaspace       used 8188K, committed 8512K, reserved 1114112K
  class space    used 869K, committed 1024K, reserved 1048576K
}
Event: 3.359 GC heap before
{Heap before GC invocations=3 (full 0):
 PSYoungGen      total 29696K, used 29675K [0x00000000d5580000, 0x00000000d7680000, 0x0000000100000000)
  eden space 25600K, 100% used [0x00000000d5580000,0x00000000d6e80000,0x00000000d6e80000)
  from space 4096K, 99% used [0x00000000d7280000,0x00000000d767aff8,0x00000000d7680000)
  to   space 4096K, 0% used [0x00000000d6e80000,0x00000000d6e80000,0x00000000d7280000)
 ParOldGen       total 68608K, used 1170K [0x0000000080000000, 0x0000000084300000, 0x00000000d5580000)
  object space 68608K, 1% used [0x0000000080000000,0x0000000080124810,0x0000000084300000)
 Metaspace       used 13043K, committed 13568K, reserved 1114112K
  class space    used 1380K, committed 1600K, reserved 1048576K
}
Event: 3.365 GC heap after
{Heap after GC invocations=3 (full 0):
 PSYoungGen      total 29696K, used 4092K [0x00000000d5580000, 0x00000000d7680000, 0x0000000100000000)
  eden space 25600K, 0% used [0x00000000d5580000,0x00000000d5580000,0x00000000d6e80000)
  from space 4096K, 99% used [0x00000000d6e80000,0x00000000d727f078,0x00000000d7280000)
  to   space 4096K, 0% used [0x00000000d7280000,0x00000000d7280000,0x00000000d7680000)
 ParOldGen       total 68608K, used 2848K [0x0000000080000000, 0x0000000084300000, 0x00000000d5580000)
  object space 68608K, 4% used [0x0000000080000000,0x00000000802c8240,0x0000000084300000)
 Metaspace       used 13043K, committed 13568K, reserved 1114112K
  class space    used 1380K, committed 1600K, reserved 1048576K
}
Event: 4.775 GC heap before
{Heap before GC invocations=4 (full 0):
 PSYoungGen      total 29696K, used 29692K [0x00000000d5580000, 0x00000000d7680000, 0x0000000100000000)
  eden space 25600K, 100% used [0x00000000d5580000,0x00000000d6e80000,0x00000000d6e80000)
  from space 4096K, 99% used [0x00000000d6e80000,0x00000000d727f078,0x00000000d7280000)
  to   space 4096K, 0% used [0x00000000d7280000,0x00000000d7280000,0x00000000d7680000)
 ParOldGen       total 68608K, used 2848K [0x0000000080000000, 0x0000000084300000, 0x00000000d5580000)
  object space 68608K, 4% used [0x0000000080000000,0x00000000802c8240,0x0000000084300000)
 Metaspace       used 17032K, committed 17728K, reserved 1114112K
  class space    used 1791K, committed 2112K, reserved 1048576K
}
Event: 4.779 GC heap after
{Heap after GC invocations=4 (full 0):
 PSYoungGen      total 29696K, used 4069K [0x00000000d5580000, 0x00000000d7680000, 0x0000000100000000)
  eden space 25600K, 0% used [0x00000000d5580000,0x00000000d5580000,0x00000000d6e80000)
  from space 4096K, 99% used [0x00000000d7280000,0x00000000d7679508,0x00000000d7680000)
  to   space 4096K, 0% used [0x00000000d6e80000,0x00000000d6e80000,0x00000000d7280000)
 ParOldGen       total 68608K, used 4934K [0x0000000080000000, 0x0000000084300000, 0x00000000d5580000)
  object space 68608K, 7% used [0x0000000080000000,0x00000000804d1b10,0x0000000084300000)
 Metaspace       used 17032K, committed 17728K, reserved 1114112K
  class space    used 1791K, committed 2112K, reserved 1048576K
}
Event: 5.075 GC heap before
{Heap before GC invocations=5 (full 0):
 PSYoungGen      total 29696K, used 29669K [0x00000000d5580000, 0x00000000d7680000, 0x0000000100000000)
  eden space 25600K, 100% used [0x00000000d5580000,0x00000000d6e80000,0x00000000d6e80000)
  from space 4096K, 99% used [0x00000000d7280000,0x00000000d7679508,0x00000000d7680000)
  to   space 4096K, 0% used [0x00000000d6e80000,0x00000000d6e80000,0x00000000d7280000)
 ParOldGen       total 68608K, used 4934K [0x0000000080000000, 0x0000000084300000, 0x00000000d5580000)
  object space 68608K, 7% used [0x0000000080000000,0x00000000804d1b10,0x0000000084300000)
 Metaspace       used 20357K, committed 21056K, reserved 1114112K
  class space    used 2020K, committed 2304K, reserved 1048576K
}
Event: 5.078 GC heap after
{Heap after GC invocations=5 (full 0):
 PSYoungGen      total 29184K, used 4071K [0x00000000d5580000, 0x00000000d7800000, 0x0000000100000000)
  eden space 25088K, 0% used [0x00000000d5580000,0x00000000d5580000,0x00000000d6e00000)
  from space 4096K, 99% used [0x00000000d6e80000,0x00000000d7279db0,0x00000000d7280000)
  to   space 5120K, 0% used [0x00000000d7300000,0x00000000d7300000,0x00000000d7800000)
 ParOldGen       total 68608K, used 5150K [0x0000000080000000, 0x0000000084300000, 0x00000000d5580000)
  object space 68608K, 7% used [0x0000000080000000,0x0000000080507b20,0x0000000084300000)
 Metaspace       used 20357K, committed 21056K, reserved 1114112K
  class space    used 2020K, committed 2304K, reserved 1048576K
}
Event: 5.148 GC heap before
{Heap before GC invocations=6 (full 0):
 PSYoungGen      total 29184K, used 10846K [0x00000000d5580000, 0x00000000d7800000, 0x0000000100000000)
  eden space 25088K, 27% used [0x00000000d5580000,0x00000000d5c1dd40,0x00000000d6e00000)
  from space 4096K, 99% used [0x00000000d6e80000,0x00000000d7279db0,0x00000000d7280000)
  to   space 5120K, 0% used [0x00000000d7300000,0x00000000d7300000,0x00000000d7800000)
 ParOldGen       total 68608K, used 5150K [0x0000000080000000, 0x0000000084300000, 0x00000000d5580000)
  object space 68608K, 7% used [0x0000000080000000,0x0000000080507b20,0x0000000084300000)
 Metaspace       used 20804K, committed 21504K, reserved 1114112K
  class space    used 2067K, committed 2368K, reserved 1048576K
}
Event: 5.152 GC heap after
{Heap after GC invocations=6 (full 0):
 PSYoungGen      total 29696K, used 4492K [0x00000000d5580000, 0x00000000d7780000, 0x0000000100000000)
  eden space 25088K, 0% used [0x00000000d5580000,0x00000000d5580000,0x00000000d6e00000)
  from space 4608K, 97% used [0x00000000d7300000,0x00000000d77630b8,0x00000000d7780000)
  to   space 4608K, 0% used [0x00000000d6e80000,0x00000000d6e80000,0x00000000d7300000)
 ParOldGen       total 68608K, used 5150K [0x0000000080000000, 0x0000000084300000, 0x00000000d5580000)
  object space 68608K, 7% used [0x0000000080000000,0x0000000080507b20,0x0000000084300000)
 Metaspace       used 20804K, committed 21504K, reserved 1114112K
  class space    used 2067K, committed 2368K, reserved 1048576K
}
Event: 5.152 GC heap before
{Heap before GC invocations=7 (full 1):
 PSYoungGen      total 29696K, used 4492K [0x00000000d5580000, 0x00000000d7780000, 0x0000000100000000)
  eden space 25088K, 0% used [0x00000000d5580000,0x00000000d5580000,0x00000000d6e00000)
  from space 4608K, 97% used [0x00000000d7300000,0x00000000d77630b8,0x00000000d7780000)
  to   space 4608K, 0% used [0x00000000d6e80000,0x00000000d6e80000,0x00000000d7300000)
 ParOldGen       total 68608K, used 5150K [0x0000000080000000, 0x0000000084300000, 0x00000000d5580000)
  object space 68608K, 7% used [0x0000000080000000,0x0000000080507b20,0x0000000084300000)
 Metaspace       used 20804K, committed 21504K, reserved 1114112K
  class space    used 2067K, committed 2368K, reserved 1048576K
}
Event: 5.191 GC heap after
{Heap after GC invocations=7 (full 1):
 PSYoungGen      total 29696K, used 0K [0x00000000d5580000, 0x00000000d7780000, 0x0000000100000000)
  eden space 25088K, 0% used [0x00000000d5580000,0x00000000d5580000,0x00000000d6e00000)
  from space 4608K, 0% used [0x00000000d7300000,0x00000000d7300000,0x00000000d7780000)
  to   space 4608K, 0% used [0x00000000d6e80000,0x00000000d6e80000,0x00000000d7300000)
 ParOldGen       total 68608K, used 9219K [0x0000000080000000, 0x0000000084300000, 0x00000000d5580000)
  object space 68608K, 13% used [0x0000000080000000,0x0000000080900e58,0x0000000084300000)
 Metaspace       used 20791K, committed 21504K, reserved 1114112K
  class space    used 2064K, committed 2368K, reserved 1048576K
}
Event: 5.640 GC heap before
{Heap before GC invocations=8 (full 1):
 PSYoungGen      total 29696K, used 25088K [0x00000000d5580000, 0x00000000d7780000, 0x0000000100000000)
  eden space 25088K, 100% used [0x00000000d5580000,0x00000000d6e00000,0x00000000d6e00000)
  from space 4608K, 0% used [0x00000000d7300000,0x00000000d7300000,0x00000000d7780000)
  to   space 4608K, 0% used [0x00000000d6e80000,0x00000000d6e80000,0x00000000d7300000)
 ParOldGen       total 68608K, used 9222K [0x0000000080000000, 0x0000000084300000, 0x00000000d5580000)
  object space 68608K, 13% used [0x0000000080000000,0x00000000809018e8,0x0000000084300000)
 Metaspace       used 23105K, committed 23808K, reserved 1114112K
  class space    used 2237K, committed 2560K, reserved 1048576K
}
Event: 5.642 GC heap after
{Heap after GC invocations=8 (full 1):
 PSYoungGen      total 28160K, used 2688K [0x00000000d5580000, 0x00000000d7500000, 0x0000000100000000)
  eden space 25088K, 0% used [0x00000000d5580000,0x00000000d5580000,0x00000000d6e00000)
  from space 3072K, 87% used [0x00000000d6e80000,0x00000000d7120008,0x00000000d7180000)
  to   space 3584K, 0% used [0x00000000d7180000,0x00000000d7180000,0x00000000d7500000)
 ParOldGen       total 68608K, used 9230K [0x0000000080000000, 0x0000000084300000, 0x00000000d5580000)
  object space 68608K, 13% used [0x0000000080000000,0x00000000809038e8,0x0000000084300000)
 Metaspace       used 23105K, committed 23808K, reserved 1114112K
  class space    used 2237K, committed 2560K, reserved 1048576K
}
Event: 6.373 GC heap before
{Heap before GC invocations=9 (full 1):
 PSYoungGen      total 28160K, used 27776K [0x00000000d5580000, 0x00000000d7500000, 0x0000000100000000)
  eden space 25088K, 100% used [0x00000000d5580000,0x00000000d6e00000,0x00000000d6e00000)
  from space 3072K, 87% used [0x00000000d6e80000,0x00000000d7120008,0x00000000d7180000)
  to   space 3584K, 0% used [0x00000000d7180000,0x00000000d7180000,0x00000000d7500000)
 ParOldGen       total 68608K, used 9242K [0x0000000080000000, 0x0000000084300000, 0x00000000d5580000)
  object space 68608K, 13% used [0x0000000080000000,0x0000000080906988,0x0000000084300000)
 Metaspace       used 26746K, committed 27584K, reserved 1114112K
  class space    used 2641K, committed 3008K, reserved 1048576K
}
Event: 6.377 GC heap after
{Heap after GC invocations=9 (full 1):
 PSYoungGen      total 27136K, used 3578K [0x00000000d5580000, 0x00000000d7780000, 0x0000000100000000)
  eden space 23552K, 0% used [0x00000000d5580000,0x00000000d5580000,0x00000000d6c80000)
  from space 3584K, 99% used [0x00000000d7180000,0x00000000d74feab0,0x00000000d7500000)
  to   space 5120K, 0% used [0x00000000d6c80000,0x00000000d6c80000,0x00000000d7180000)
 ParOldGen       total 68608K, used 10211K [0x0000000080000000, 0x0000000084300000, 0x00000000d5580000)
  object space 68608K, 14% used [0x0000000080000000,0x00000000809f8eb8,0x0000000084300000)
 Metaspace       used 26746K, committed 27584K, reserved 1114112K
  class space    used 2641K, committed 3008K, reserved 1048576K
}

Dll operation events (10 events):
Event: 0.018 Loaded shared library c:\Users\luisa\.vscode\extensions\redhat.java-1.54.0-win32-x64\jre\21.0.10-win32-x86_64\bin\java.dll
Event: 0.128 Loaded shared library c:\Users\luisa\.vscode\extensions\redhat.java-1.54.0-win32-x64\jre\21.0.10-win32-x86_64\bin\zip.dll
Event: 0.160 Loaded shared library C:\Users\luisa\.vscode\extensions\redhat.java-1.54.0-win32-x64\jre\21.0.10-win32-x86_64\bin\instrument.dll
Event: 0.170 Loaded shared library C:\Users\luisa\.vscode\extensions\redhat.java-1.54.0-win32-x64\jre\21.0.10-win32-x86_64\bin\net.dll
Event: 0.173 Loaded shared library C:\Users\luisa\.vscode\extensions\redhat.java-1.54.0-win32-x64\jre\21.0.10-win32-x86_64\bin\nio.dll
Event: 0.177 Loaded shared library C:\Users\luisa\.vscode\extensions\redhat.java-1.54.0-win32-x64\jre\21.0.10-win32-x86_64\bin\zip.dll
Event: 0.206 Loaded shared library C:\Users\luisa\.vscode\extensions\redhat.java-1.54.0-win32-x64\jre\21.0.10-win32-x86_64\bin\jimage.dll
Event: 0.313 Loaded shared library c:\Users\luisa\.vscode\extensions\redhat.java-1.54.0-win32-x64\jre\21.0.10-win32-x86_64\bin\verify.dll
Event: 2.445 Loaded shared library C:\Users\luisa\AppData\Roaming\Code\User\globalStorage\redhat.java\1.54.0\config_ss_win\org.eclipse.equinox.launcher\org.eclipse.equinox.launcher.win32.win32.x86_64_1.3.0.v20260203-2149\eclipse_11919.dll
Event: 4.432 Loaded shared library C:\Users\luisa\AppData\Local\Temp\jna-103330382\jna2737330848768068591.dll

Deoptimization events (20 events):
Event: 6.671 Thread 0x0000024c37eff240 Uncommon trap: trap_request=0xffffffde fr.pc=0x0000024c42cd02f0 relative=0x0000000000000050
Event: 6.671 Thread 0x0000024c37eff240 Uncommon trap: reason=class_check action=maybe_recompile pc=0x0000024c42cd02f0 method=java.lang.invoke.DirectMethodHandle.internalMemberName(Ljava/lang/Object;)Ljava/lang/Object; @ 1 c2
Event: 6.671 Thread 0x0000024c37eff240 DEOPT PACKING pc=0x0000024c42cd02f0 sp=0x000000700f2fe630
Event: 6.671 Thread 0x0000024c37eff240 DEOPT UNPACKING pc=0x0000024c42683aa2 sp=0x000000700f2fe5c0 mode 2
Event: 6.671 Thread 0x0000024c37eff240 Uncommon trap: trap_request=0xffffffde fr.pc=0x0000024c42cd02f0 relative=0x0000000000000050
Event: 6.671 Thread 0x0000024c37eff240 Uncommon trap: reason=class_check action=maybe_recompile pc=0x0000024c42cd02f0 method=java.lang.invoke.DirectMethodHandle.internalMemberName(Ljava/lang/Object;)Ljava/lang/Object; @ 1 c2
Event: 6.671 Thread 0x0000024c37eff240 DEOPT PACKING pc=0x0000024c42cd02f0 sp=0x000000700f2fe630
Event: 6.671 Thread 0x0000024c37eff240 DEOPT UNPACKING pc=0x0000024c42683aa2 sp=0x000000700f2fe5c0 mode 2
Event: 6.710 Thread 0x0000024c37eff240 Uncommon trap: trap_request=0xffffff45 fr.pc=0x0000024c42d136c4 relative=0x0000000000000104
Event: 6.710 Thread 0x0000024c37eff240 Uncommon trap: reason=unstable_if action=reinterpret pc=0x0000024c42d136c4 method=java.lang.CharacterDataLatin1.digit(II)I @ 7 c2
Event: 6.710 Thread 0x0000024c37eff240 DEOPT PACKING pc=0x0000024c42d136c4 sp=0x000000700f2fe7e0
Event: 6.710 Thread 0x0000024c37eff240 DEOPT UNPACKING pc=0x0000024c42683aa2 sp=0x000000700f2fe6a0 mode 2
Event: 6.710 Thread 0x0000024c37eff240 Uncommon trap: trap_request=0xffffff3d fr.pc=0x0000024c42c92c24 relative=0x0000000000000204
Event: 6.710 Thread 0x0000024c37eff240 Uncommon trap: reason=unstable_fused_if action=reinterpret pc=0x0000024c42c92c24 method=java.lang.CharacterDataLatin1.equalsIgnoreCase(BB)Z @ 16 c2
Event: 6.710 Thread 0x0000024c37eff240 DEOPT PACKING pc=0x0000024c42c92c24 sp=0x000000700f2fe8d0
Event: 6.710 Thread 0x0000024c37eff240 DEOPT UNPACKING pc=0x0000024c42683aa2 sp=0x000000700f2fe7d8 mode 2
Event: 6.710 Thread 0x0000024c37eff240 Uncommon trap: trap_request=0xffffff45 fr.pc=0x0000024c42c0f1d0 relative=0x00000000000000b0
Event: 6.710 Thread 0x0000024c37eff240 Uncommon trap: reason=unstable_if action=reinterpret pc=0x0000024c42c0f1d0 method=java.lang.CharacterDataLatin1.digit(II)I @ 7 c2
Event: 6.710 Thread 0x0000024c37eff240 DEOPT PACKING pc=0x0000024c42c0f1d0 sp=0x000000700f2fe740
Event: 6.710 Thread 0x0000024c37eff240 DEOPT UNPACKING pc=0x0000024c42683aa2 sp=0x000000700f2fe6c0 mode 2

Classes loaded (20 events):
Event: 6.578 Loading class java/text/ParseException
Event: 6.578 Loading class java/text/ParseException done
Event: 6.611 Loading class java/util/BitSet
Event: 6.612 Loading class java/util/BitSet done
Event: 6.616 Loading class java/util/concurrent/atomic/AtomicIntegerArray
Event: 6.616 Loading class java/util/concurrent/atomic/AtomicIntegerArray done
Event: 6.621 Loading class java/util/Currency
Event: 6.623 Loading class java/util/Currency done
Event: 6.634 Loading class java/util/concurrent/atomic/AtomicLongArray
Event: 6.634 Loading class java/util/concurrent/atomic/AtomicLongArray done
Event: 6.708 Loading class java/text/ParsePosition
Event: 6.709 Loading class java/text/ParsePosition done
Event: 6.709 Loading class java/text/CalendarBuilder
Event: 6.710 Loading class java/text/CalendarBuilder done
Event: 6.717 Loading class sun/nio/ch/PendingFuture
Event: 6.718 Loading class sun/nio/ch/PendingFuture done
Event: 6.718 Loading class sun/nio/ch/WindowsAsynchronousFileChannelImpl$ReadTask
Event: 6.720 Loading class sun/nio/ch/Iocp$ResultHandler
Event: 6.721 Loading class sun/nio/ch/Iocp$ResultHandler done
Event: 6.721 Loading class sun/nio/ch/WindowsAsynchronousFileChannelImpl$ReadTask done

Classes unloaded (7 events):
Event: 5.158 Thread 0x0000024c90ce14a0 Unloading class 0x0000024c5018cc00 'java/lang/invoke/LambdaForm$MH+0x0000024c5018cc00'
Event: 5.158 Thread 0x0000024c90ce14a0 Unloading class 0x0000024c5018c800 'java/lang/invoke/LambdaForm$MH+0x0000024c5018c800'
Event: 5.158 Thread 0x0000024c90ce14a0 Unloading class 0x0000024c5018c400 'java/lang/invoke/LambdaForm$MH+0x0000024c5018c400'
Event: 5.158 Thread 0x0000024c90ce14a0 Unloading class 0x0000024c5018c000 'java/lang/invoke/LambdaForm$MH+0x0000024c5018c000'
Event: 5.158 Thread 0x0000024c90ce14a0 Unloading class 0x0000024c5018bc00 'java/lang/invoke/LambdaForm$BMH+0x0000024c5018bc00'
Event: 5.158 Thread 0x0000024c90ce14a0 Unloading class 0x0000024c5018b800 'java/lang/invoke/LambdaForm$DMH+0x0000024c5018b800'
Event: 5.158 Thread 0x0000024c90ce14a0 Unloading class 0x0000024c5018a400 'java/lang/invoke/LambdaForm$DMH+0x0000024c5018a400'

Classes redefined (0 events):
No events

Internal exceptions (20 events):
Event: 6.411 Thread 0x0000024c9682c820 Exception <a 'sun/nio/fs/WindowsException'{0x00000000d567c3d8}> (0x00000000d567c3d8) 
thrown [s\src\hotspot\share\prims\jni.cpp, line 520]
Event: 6.411 Thread 0x0000024c9682c820 Exception <a 'sun/nio/fs/WindowsException'{0x00000000d56a68f0}> (0x00000000d56a68f0) 
thrown [s\src\hotspot\share\prims\jni.cpp, line 520]
Event: 6.412 Thread 0x0000024c9682c820 Exception <a 'sun/nio/fs/WindowsException'{0x00000000d56a7bb8}> (0x00000000d56a7bb8) 
thrown [s\src\hotspot\share\prims\jni.cpp, line 520]
Event: 6.412 Thread 0x0000024c9682c820 Exception <a 'sun/nio/fs/WindowsException'{0x00000000d56a82d0}> (0x00000000d56a82d0) 
thrown [s\src\hotspot\share\prims\jni.cpp, line 520]
Event: 6.412 Thread 0x0000024c9682c820 Exception <a 'sun/nio/fs/WindowsException'{0x00000000d56a8e98}> (0x00000000d56a8e98) 
thrown [s\src\hotspot\share\prims\jni.cpp, line 520]
Event: 6.413 Thread 0x0000024c9682c820 Exception <a 'sun/nio/fs/WindowsException'{0x00000000d56a95b0}> (0x00000000d56a95b0) 
thrown [s\src\hotspot\share\prims\jni.cpp, line 520]
Event: 6.413 Thread 0x0000024c9682c820 Exception <a 'sun/nio/fs/WindowsException'{0x00000000d56aa1d8}> (0x00000000d56aa1d8) 
thrown [s\src\hotspot\share\prims\jni.cpp, line 520]
Event: 6.413 Thread 0x0000024c9682c820 Exception <a 'sun/nio/fs/WindowsException'{0x00000000d56aa8f0}> (0x00000000d56aa8f0) 
thrown [s\src\hotspot\share\prims\jni.cpp, line 520]
Event: 6.414 Thread 0x0000024c9682c820 Exception <a 'sun/nio/fs/WindowsException'{0x00000000d56ac470}> (0x00000000d56ac470) 
thrown [s\src\hotspot\share\prims\jni.cpp, line 520]
Event: 6.415 Thread 0x0000024c9682c820 Exception <a 'sun/nio/fs/WindowsException'{0x00000000d56acb88}> (0x00000000d56acb88) 
thrown [s\src\hotspot\share\prims\jni.cpp, line 520]
Event: 6.421 Thread 0x0000024c9682c820 Exception <a 'java/lang/NoSuchMethodError'{0x00000000d56ff8f0}: 'void java.lang.invoke.DirectMethodHandle$Holder.invokeVirtual(java.lang.Object, java.lang.Object, java.lang.Object, java.lang.Object)'> (0x00000000d56ff8f0) 
thrown [s\src\hotspot\share\interpreter\linkResolver.cpp, line 773]
Event: 6.620 Thread 0x0000024c9682c820 Exception <a 'java/io/FileNotFoundException'{0x00000000d5f42818}> (0x00000000d5f42818) 
thrown [s\src\hotspot\share\prims\jni.cpp, line 520]
Event: 6.621 Thread 0x0000024c9682c820 Exception <a 'java/io/FileNotFoundException'{0x00000000d5f43e00}> (0x00000000d5f43e00) 
thrown [s\src\hotspot\share\prims\jni.cpp, line 520]
Event: 6.624 Thread 0x0000024c9682c820 Exception <a 'java/lang/NoSuchMethodError'{0x00000000d5f66c08}: 'java.lang.Object java.lang.invoke.DirectMethodHandle$Holder.newInvokeSpecial(java.lang.Object, java.lang.Object, java.lang.Object, int)'> (0x00000000d5f66c08) 
thrown [s\src\hotspot\share\interpreter\linkResolver.cpp, line 773]
Event: 6.625 Thread 0x0000024c9682c820 Exception <a 'java/lang/NoSuchMethodError'{0x00000000d5f6a880}: 'java.lang.Object java.lang.invoke.DirectMethodHandle$Holder.invokeSpecial(java.lang.Object, java.lang.Object, java.lang.Object, java.lang.Object, int)'> (0x00000000d5f6a880) 
thrown [s\src\hotspot\share\interpreter\linkResolver.cpp, line 773]
Event: 6.625 Thread 0x0000024c9682c820 Exception <a 'java/lang/NoSuchMethodError'{0x00000000d5f6dd28}: 'java.lang.Object java.lang.invoke.Invokers$Holder.linkToTargetMethod(java.lang.Object, java.lang.Object, int, java.lang.Object)'> (0x00000000d5f6dd28) 
thrown [s\src\hotspot\share\interpreter\linkResolver.cpp, line 773]
Event: 6.629 Thread 0x0000024c9682c820 Exception <a 'java/lang/NoSuchMethodError'{0x00000000d5f90b00}: 'void java.lang.invoke.DirectMethodHandle$Holder.invokeStaticInit(java.lang.Object, java.lang.Object, java.lang.Object)'> (0x00000000d5f90b00) 
thrown [s\src\hotspot\share\interpreter\linkResolver.cpp, line 773]
Event: 6.670 Thread 0x0000024c37eff240 Exception <a 'java/lang/NoSuchMethodError'{0x00000000d60de9d8}: 'void java.lang.invoke.DirectMethodHandle$Holder.invokeSpecial(java.lang.Object, java.lang.Object, java.lang.Object, java.lang.Object, java.lang.Object, java.lang.Object)'> (0x00000000d60de9d8) 
thrown [s\src\hotspot\share\interpreter\linkResolver.cpp, line 773]
Event: 6.671 Thread 0x0000024c37eff240 Exception <a 'java/lang/IncompatibleClassChangeError'{0x00000000d60e6ec0}: Found class java.lang.Object, but interface was expected> (0x00000000d60e6ec0) 
thrown [s\src\hotspot\share\interpreter\linkResolver.cpp, line 840]
Event: 6.675 Thread 0x0000024c37eff240 Exception <a 'java/lang/IncompatibleClassChangeError'{0x00000000d60e8d80}: Found class java.lang.Object, but interface was expected> (0x00000000d60e8d80) 
thrown [s\src\hotspot\share\interpreter\linkResolver.cpp, line 840]

ZGC Phase Switch (0 events):
No events

VM Operations (20 events):
Event: 4.443 Executing safepoint VM operation: Cleanup
Event: 4.443 Executing safepoint VM operation: Cleanup done
Event: 4.774 Executing safepoint VM operation: ParallelGCFailedAllocation (Allocation Failure)
Event: 4.779 Executing safepoint VM operation: ParallelGCFailedAllocation (Allocation Failure) done
Event: 5.075 Executing safepoint VM operation: ParallelGCFailedAllocation (Allocation Failure)
Event: 5.078 Executing safepoint VM operation: ParallelGCFailedAllocation (Allocation Failure) done
Event: 5.148 Executing safepoint VM operation: CollectForMetadataAllocation (Metadata GC Threshold)
Event: 5.192 Executing safepoint VM operation: CollectForMetadataAllocation (Metadata GC Threshold) done
Event: 5.639 Executing safepoint VM operation: ParallelGCFailedAllocation (Allocation Failure)
Event: 5.639 Executing safepoint VM operation: ParallelGCFailedAllocation (Allocation Failure) done
Event: 5.640 Executing safepoint VM operation: ParallelGCSystemGC (GCLocker Initiated GC)
Event: 5.642 Executing safepoint VM operation: ParallelGCSystemGC (GCLocker Initiated GC) done
Event: 5.721 Executing non-safepoint VM operation: HandshakeAllThreads (Deoptimize)
Event: 5.721 Executing non-safepoint VM operation: HandshakeAllThreads (Deoptimize) done
Event: 5.807 Executing non-safepoint VM operation: HandshakeAllThreads (Deoptimize)
Event: 5.807 Executing non-safepoint VM operation: HandshakeAllThreads (Deoptimize) done
Event: 5.971 Executing non-safepoint VM operation: HandshakeAllThreads (Deoptimize)
Event: 5.971 Executing non-safepoint VM operation: HandshakeAllThreads (Deoptimize) done
Event: 6.372 Executing safepoint VM operation: ParallelGCFailedAllocation (Allocation Failure)
Event: 6.377 Executing safepoint VM operation: ParallelGCFailedAllocation (Allocation Failure) done

Memory protections (0 events):
No events

Nmethod flushes (0 events):
No events

Events (20 events):
Event: 4.839 Thread 0x0000024c90cfb110 Thread added: 0x0000024c96cc3cb0
Event: 5.635 Thread 0x0000024c9682ceb0 Thread added: 0x0000024c9682e8f0
Event: 5.772 Thread 0x0000024c9682e8f0 Thread exited: 0x0000024c9682e8f0
Event: 5.812 Thread 0x0000024c9682ade0 Thread added: 0x0000024c9682e8f0
Event: 6.213 Thread 0x0000024c37eff240 Thread added: 0x0000024c9682b470
Event: 6.214 Thread 0x0000024c37eff240 Thread added: 0x0000024c9682ef80
Event: 6.214 Thread 0x0000024c37eff240 Thread added: 0x0000024c9682f610
Event: 6.214 Thread 0x0000024c37eff240 Thread added: 0x0000024c968316e0
Event: 6.215 Thread 0x0000024c37eff240 Thread added: 0x0000024c96831d70
Event: 6.215 Thread 0x0000024c37eff240 Thread added: 0x0000024c968309c0
Event: 6.216 Thread 0x0000024c37eff240 Thread added: 0x0000024c96831050
Event: 6.216 Thread 0x0000024c37eff240 Thread added: 0x0000024c96830330
Event: 6.216 Thread 0x0000024c37eff240 Thread added: 0x0000024c96832400
Event: 6.216 Thread 0x0000024c37eff240 Thread added: 0x0000024c9682fca0
Event: 6.216 Thread 0x0000024c37eff240 Thread added: 0x0000024c97dda2c0
Event: 6.217 Thread 0x0000024c37eff240 Thread added: 0x0000024c97dd95a0
Event: 6.217 Thread 0x0000024c37eff240 Thread added: 0x0000024c97dd9c30
Event: 6.257 Thread 0x0000024c37eff240 Thread added: 0x0000024c97ddafe0
Event: 6.705 Thread 0x0000024c37eff240 Thread added: 0x0000024c97ddc390
Event: 6.705 Thread 0x0000024c37eff240 Thread added: 0x0000024c97ddd740


Dynamic libraries:
0x00007ff621fc0000 - 0x00007ff621fce000 	c:\Users\luisa\.vscode\extensions\redhat.java-1.54.0-win32-x64\jre\21.0.10-win32-x86_64\bin\java.exe
0x00007ff958260000 - 0x00007ff9584c7000 	C:\WINDOWS\SYSTEM32\ntdll.dll
0x00007ff957080000 - 0x00007ff957149000 	C:\WINDOWS\System32\KERNEL32.DLL
0x00007ff954d40000 - 0x00007ff955137000 	C:\WINDOWS\System32\KERNELBASE.dll
0x00007ff9559e0000 - 0x00007ff955b2b000 	C:\WINDOWS\System32\ucrtbase.dll
0x00007ff922e80000 - 0x00007ff922e9e000 	c:\Users\luisa\.vscode\extensions\redhat.java-1.54.0-win32-x64\jre\21.0.10-win32-x86_64\bin\VCRUNTIME140.dll
0x00007ff920c20000 - 0x00007ff920c38000 	c:\Users\luisa\.vscode\extensions\redhat.java-1.54.0-win32-x64\jre\21.0.10-win32-x86_64\bin\jli.dll
0x00007ff9569a0000 - 0x00007ff956b66000 	C:\WINDOWS\System32\USER32.dll
0x00007ff938a80000 - 0x00007ff938d12000 	C:\WINDOWS\WinSxS\amd64_microsoft.windows.common-controls_6595b64144ccf1df_6.0.26100.8457_none_3e0b2faee331e92d\COMCTL32.dll
0x00007ff9559b0000 - 0x00007ff9559d7000 	C:\WINDOWS\System32\win32u.dll
0x00007ff9568f0000 - 0x00007ff956999000 	C:\WINDOWS\System32\msvcrt.dll
0x00007ff957cd0000 - 0x00007ff957cfb000 	C:\WINDOWS\System32\GDI32.dll
0x00007ff955be0000 - 0x00007ff955d0c000 	C:\WINDOWS\System32\gdi32full.dll
0x00007ff955b30000 - 0x00007ff955bd3000 	C:\WINDOWS\System32\msvcp_win.dll
0x00007ff9568b0000 - 0x00007ff9568e2000 	C:\WINDOWS\System32\IMM32.DLL
0x00007ff93ea70000 - 0x00007ff93ea7c000 	c:\Users\luisa\.vscode\extensions\redhat.java-1.54.0-win32-x64\jre\21.0.10-win32-x86_64\bin\vcruntime140_1.dll
0x00007ff8f5210000 - 0x00007ff8f529d000 	c:\Users\luisa\.vscode\extensions\redhat.java-1.54.0-win32-x64\jre\21.0.10-win32-x86_64\bin\msvcp140.dll
0x00007ff89a0e0000 - 0x00007ff89ae81000 	c:\Users\luisa\.vscode\extensions\redhat.java-1.54.0-win32-x64\jre\21.0.10-win32-x86_64\bin\server\jvm.dll
0x00007ff956610000 - 0x00007ff9566c6000 	C:\WINDOWS\System32\ADVAPI32.dll
0x00007ff955fe0000 - 0x00007ff956087000 	C:\WINDOWS\System32\sechost.dll
0x00007ff956b70000 - 0x00007ff956c88000 	C:\WINDOWS\System32\RPCRT4.dll
0x00007ff9573d0000 - 0x00007ff957450000 	C:\WINDOWS\System32\WS2_32.dll
0x00007ff93ebf0000 - 0x00007ff93ec26000 	C:\WINDOWS\SYSTEM32\WINMM.dll
0x00007ff949010000 - 0x00007ff94901b000 	C:\WINDOWS\SYSTEM32\VERSION.dll
0x00007ff954320000 - 0x00007ff95437e000 	C:\WINDOWS\SYSTEM32\POWRPROF.dll
0x00007ff954190000 - 0x00007ff9541a4000 	C:\WINDOWS\SYSTEM32\UMPDC.dll
0x00007ff953a00000 - 0x00007ff953a1b000 	C:\WINDOWS\SYSTEM32\kernel.appcore.dll
0x00007ff93c4f0000 - 0x00007ff93c4fa000 	c:\Users\luisa\.vscode\extensions\redhat.java-1.54.0-win32-x64\jre\21.0.10-win32-x86_64\bin\jimage.dll
0x00007ff952bd0000 - 0x00007ff952e12000 	C:\WINDOWS\SYSTEM32\DBGHELP.DLL
0x00007ff956c90000 - 0x00007ff957013000 	C:\WINDOWS\System32\combase.dll
0x00007ff956530000 - 0x00007ff956609000 	C:\WINDOWS\System32\OLEAUT32.dll
0x00007ff934fe0000 - 0x00007ff93501b000 	C:\WINDOWS\SYSTEM32\dbgcore.DLL
0x00007ff954c90000 - 0x00007ff954d38000 	C:\WINDOWS\System32\bcryptPrimitives.dll
0x00007ff93c1d0000 - 0x00007ff93c1df000 	c:\Users\luisa\.vscode\extensions\redhat.java-1.54.0-win32-x64\jre\21.0.10-win32-x86_64\bin\instrument.dll
0x00007ff9206f0000 - 0x00007ff920710000 	c:\Users\luisa\.vscode\extensions\redhat.java-1.54.0-win32-x64\jre\21.0.10-win32-x86_64\bin\java.dll
0x00007ff9574a0000 - 0x00007ff957c0e000 	C:\WINDOWS\System32\SHELL32.dll
0x00007ff955140000 - 0x00007ff9559ac000 	C:\WINDOWS\System32\windows.storage.dll
0x00007ff956250000 - 0x00007ff956346000 	C:\WINDOWS\System32\SHCORE.dll
0x00007ff9564b0000 - 0x00007ff956516000 	C:\WINDOWS\System32\shlwapi.dll
0x00007ff954bb0000 - 0x00007ff954bd9000 	C:\WINDOWS\SYSTEM32\profapi.dll
0x00007ff91faa0000 - 0x00007ff91fab8000 	c:\Users\luisa\.vscode\extensions\redhat.java-1.54.0-win32-x64\jre\21.0.10-win32-x86_64\bin\zip.dll
0x00007ff93c0c0000 - 0x00007ff93c0d0000 	C:\Users\luisa\.vscode\extensions\redhat.java-1.54.0-win32-x64\jre\21.0.10-win32-x86_64\bin\net.dll
0x00007ff948c50000 - 0x00007ff948d79000 	C:\WINDOWS\SYSTEM32\WINHTTP.dll
0x00007ff954000000 - 0x00007ff95406c000 	C:\WINDOWS\system32\mswsock.dll
0x00007ff91adf0000 - 0x00007ff91ae06000 	C:\Users\luisa\.vscode\extensions\redhat.java-1.54.0-win32-x64\jre\21.0.10-win32-x86_64\bin\nio.dll
0x00007ff93b760000 - 0x00007ff93b770000 	c:\Users\luisa\.vscode\extensions\redhat.java-1.54.0-win32-x64\jre\21.0.10-win32-x86_64\bin\verify.dll
0x00007ff916bc0000 - 0x00007ff916c05000 	C:\Users\luisa\AppData\Roaming\Code\User\globalStorage\redhat.java\1.54.0\config_ss_win\org.eclipse.equinox.launcher\org.eclipse.equinox.launcher.win32.win32.x86_64_1.3.0.v20260203-2149\eclipse_11919.dll
0x00007ff957150000 - 0x00007ff9572e7000 	C:\WINDOWS\System32\ole32.dll
0x00007ff954390000 - 0x00007ff9543ab000 	C:\WINDOWS\SYSTEM32\CRYPTSP.dll
0x00007ff953950000 - 0x00007ff953989000 	C:\WINDOWS\system32\rsaenh.dll
0x00007ff9540b0000 - 0x00007ff9540e3000 	C:\WINDOWS\SYSTEM32\USERENV.dll
0x00007ff954b80000 - 0x00007ff954baa000 	C:\WINDOWS\SYSTEM32\bcrypt.dll
0x00007ff9543b0000 - 0x00007ff9543bc000 	C:\WINDOWS\SYSTEM32\CRYPTBASE.dll
0x00007ff9533e0000 - 0x00007ff953412000 	C:\WINDOWS\SYSTEM32\IPHLPAPI.DLL
0x00007ff956520000 - 0x00007ff95652a000 	C:\WINDOWS\System32\NSI.dll
0x00007ff9145d0000 - 0x00007ff914619000 	C:\Users\luisa\AppData\Local\Temp\jna-103330382\jna2737330848768068591.dll
0x00007ff9572f0000 - 0x00007ff9572f8000 	C:\WINDOWS\System32\PSAPI.DLL
0x00007ff949c10000 - 0x00007ff949c2d000 	C:\WINDOWS\SYSTEM32\dhcpcsvc6.DLL
0x00007ff949be0000 - 0x00007ff949c05000 	C:\WINDOWS\SYSTEM32\dhcpcsvc.DLL

JVMTI agents:
c:\Users\luisa\.vscode\extensions\redhat.java-1.54.0-win32-x64\lombok\lombok-1.18.39-4050.jar path:c:\Users\luisa\.vscode\extensions\redhat.java-1.54.0-win32-x64\jre\21.0.10-win32-x86_64\bin\instrument.dll, loaded, initialized, instrumentlib options:none

dbghelp: loaded successfully - version: 4.0.5 - missing functions: none
symbol engine: initialized successfully - sym options: 0x614 - pdb path: .;c:\Users\luisa\.vscode\extensions\redhat.java-1.54.0-win32-x64\jre\21.0.10-win32-x86_64\bin;C:\WINDOWS\SYSTEM32;C:\WINDOWS\WinSxS\amd64_microsoft.windows.common-controls_6595b64144ccf1df_6.0.26100.8457_none_3e0b2faee331e92d;c:\Users\luisa\.vscode\extensions\redhat.java-1.54.0-win32-x64\jre\21.0.10-win32-x86_64\bin\server;C:\Users\luisa\AppData\Roaming\Code\User\globalStorage\redhat.java\1.54.0\config_ss_win\org.eclipse.equinox.launcher\org.eclipse.equinox.launcher.win32.win32.x86_64_1.3.0.v20260203-2149;C:\Users\luisa\AppData\Local\Temp\jna-103330382

VM Arguments:
jvm_args: --add-modules=ALL-SYSTEM --add-opens=java.base/java.util=ALL-UNNAMED --add-opens=java.base/java.lang=ALL-UNNAMED --add-opens=java.base/sun.nio.fs=ALL-UNNAMED -Declipse.application=org.eclipse.jdt.ls.core.id1 -Dosgi.bundles.defaultStartLevel=4 -Declipse.product=org.eclipse.jdt.ls.core.product -Djava.import.generatesMetadataFilesAtProjectRoot=false -DDetectVMInstallationsJob.disabled=true -Dfile.encoding=utf8 -XX:+UseParallelGC -XX:GCTimeRatio=4 -XX:AdaptiveSizePolicyWeight=90 -Dsun.zip.disableMemoryMapping=true -Xmx2G -Xms100m -Xlog:disable -javaagent:c:\Users\luisa\.vscode\extensions\redhat.java-1.54.0-win32-x64\lombok\lombok-1.18.39-4050.jar 
java_command: c:\Users\luisa\.vscode\extensions\redhat.java-1.54.0-win32-x64\server\plugins\org.eclipse.equinox.launcher_1.7.100.v20251111-0406.jar -configuration c:\Users\luisa\AppData\Roaming\Code\User\globalStorage\redhat.java\1.54.0\config_ss_win -data c:\Users\luisa\AppData\Roaming\Code\User\workspaceStorage\c39dd73e852d32c15b1d8e2e38c5d1a0\redhat.java\ss_ws --pipe=\\.\pipe\lsp-41a060d86ac21c97dd5b116c9e7c3cdb-sock
java_class_path (initial): c:\Users\luisa\.vscode\extensions\redhat.java-1.54.0-win32-x64\server\plugins\org.eclipse.equinox.launcher_1.7.100.v20251111-0406.jar
Launcher Type: SUN_STANDARD

[Global flags]
    uintx AdaptiveSizePolicyWeight                 = 90                                        {product} {command line}
     intx CICompilerCount                          = 4                                         {product} {ergonomic}
    uintx GCTimeRatio                              = 4                                         {product} {command line}
   size_t InitialHeapSize                          = 104857600                                 {product} {command line}
   size_t MaxHeapSize                              = 2147483648                                {product} {command line}
   size_t MaxNewSize                               = 715653120                                 {product} {ergonomic}
   size_t MinHeapDeltaBytes                        = 524288                                    {product} {ergonomic}
   size_t MinHeapSize                              = 104857600                                 {product} {command line}
   size_t NewSize                                  = 34603008                                  {product} {ergonomic}
    uintx NonNMethodCodeHeapSize                   = 5839372                                {pd product} {ergonomic}
    uintx NonProfiledCodeHeapSize                  = 122909434                              {pd product} {ergonomic}
   size_t OldSize                                  = 70254592                                  {product} {ergonomic}
    uintx ProfiledCodeHeapSize                     = 122909434                              {pd product} {ergonomic}
    uintx ReservedCodeCacheSize                    = 251658240                              {pd product} {ergonomic}
     bool SegmentedCodeCache                       = true                                      {product} {ergonomic}
   size_t SoftMaxHeapSize                          = 2147483648                             {manageable} {ergonomic}
     bool UseCompressedOops                        = true                           {product lp64_product} {ergonomic}
     bool UseLargePagesIndividualAllocation        = false                                  {pd product} {ergonomic}
     bool UseParallelGC                            = true                                      {product} {command line}

Logging:
Log output configuration:
 #0: stdout all=off uptime,level,tags foldmultilines=false
 #1: stderr all=off uptime,level,tags foldmultilines=false

Release file:
JAVA_VERSION="21.0.10" 
MODULES="java.base java.compiler java.datatransfer java.xml java.prefs java.desktop java.instrument java.logging java.management java.security.sasl java.naming java.rmi java.management.rmi java.net.http java.scripting java.security.jgss java.transaction.xa java.sql java.sql.rowset java.xml.crypto java.se java.smartcardio jdk.accessibility jdk.internal.jvmstat jdk.attach jdk.charsets jdk.internal.opt jdk.zipfs jdk.compiler jdk.crypto.ec jdk.crypto.cryptoki jdk.crypto.mscapi jdk.dynalink jdk.internal.ed jdk.editpad jdk.hotspot.agent jdk.httpserver jdk.internal.le jdk.internal.vm.ci jdk.internal.vm.compiler jdk.internal.vm.compiler.management jdk.jartool jdk.javadoc jdk.jcmd jdk.management jdk.management.agent jdk.jconsole jdk.jdeps jdk.jdwp.agent jdk.jdi jdk.jfr jdk.jshell jdk.jsobject jdk.jstatd jdk.localedata jdk.management.jfr jdk.naming.dns jdk.naming.rmi jdk.net jdk.nio.mapmode jdk.random jdk.sctp jdk.security.auth jdk.security.jgss jdk.unsupported jdk.unsupported.desktop jdk.xml.dom" 

Environment Variables:
JAVA_HOME=C:\Program Files\Eclipse Adoptium\jdk-17.0.15.6-hotspot
PATH=C:\Users\luisa\AppData\Local\Programs\Microsoft VS Code;C:\Program Files (x86)\Google\Chrome\Application;C:\Program Files\Eclipse Adoptium\jdk-17.0.15.6-hotspot\bin;C:\WINDOWS\system32;C:\WINDOWS;C:\WINDOWS\System32\Wbem;C:\WINDOWS\System32\WindowsPowerShell\v1.0\;C:\WINDOWS\System32\OpenSSH\;C:\Program Files (x86)\Common Files\Propellerhead Software\ReWire\;C:\Program Files\Common Files\Propellerhead Software\ReWire\;C:\Program Files\Git\cmd;C:\Program Files\heroku\bin;C:\Program Files\dotnet\;C:\maven\apache-maven-3.8.6\bin;C:\Program Files (x86)\NVIDIA Corporation\PhysX\Common;C:\Program Files\Csound6_x64\bin;C:\WINDOWS\system32;C:\WINDOWS;C:\WINDOWS\System32\Wbem;C:\WINDOWS\System32\WindowsPowerShell\v1.0\;C:\WINDOWS\System32\OpenSSH\;C:\Program Files\NVIDIA Corporation\NVIDIA app\NvDLISR;C:\Program Files\nodejs\;C:\Program Files\Docker\Docker\resources\bin;C:\Users\luisa\.cargo\bin;C:\Users\luisa\AppData\Local\Programs\Python\Python312\Scripts\;C:\Users\luisa\AppData\Local\Programs\Python\Python312\;C:\Users\luisa\AppData\Local\Programs\Python\Python314\Scripts\;C:\Users\luisa\AppData\Local\Programs\Python\Python314\;C:\Program Files\MySQL\MySQL Shell 8.0\bin\;C:\Users\luisa\AppData\Local\Microsoft\WindowsApps;C:\Users\luisa\AppData\Local\Programs\Microsoft VS Code\bin;C:\Program Files\heroku\bin;C:\Program Files\JetBrains\IntelliJ IDEA Community Edition 2022.1\bin;C:\MinGW\bin.;C:\Program Files (x86)\php8;C:\Program Files\MySQL\MySQL Server 8.0\bin;C:\Users\luisa\AppData\Local\Microsoft\WindowsApps;C:\Users\luisa\AppData\Local\Programs\Antigravity\bin;C:\Users\luisa\AppData\Roaming\npm
USERNAME=luisa
OS=Windows_NT
PROCESSOR_IDENTIFIER=Intel64 Family 6 Model 158 Stepping 10, GenuineIntel
TMP=C:\Users\luisa\AppData\Local\Temp
TEMP=C:\Users\luisa\AppData\Local\Temp




Periodic native trim disabled

---------------  S Y S T E M  ---------------

OS:
 Windows 11 , 64 bit Build 26100 (10.0.26100.8328)
OS uptime: 5 days 9:59 hours
Hyper-V role detected

CPU: total 12 (initial active 12) (6 cores per cpu, 2 threads per core) family 6 model 158 stepping 10 microcode 0xf0, cx8, cmov, fxsr, ht, mmx, 3dnowpref, sse, sse2, sse3, ssse3, sse4.1, sse4.2, popcnt, lzcnt, tsc, tscinvbit, avx, avx2, aes, erms, clmul, bmi1, bmi2, adx, fma, vzeroupper, clflush, clflushopt, hv, rdtscp, f16c
Processor Information for processor 0
  Max Mhz: 2592, Current Mhz: 2592, Mhz Limit: 2592
Processor Information for processor 1
  Max Mhz: 2592, Current Mhz: 1495, Mhz Limit: 2592
Processor Information for processor 2
  Max Mhz: 2592, Current Mhz: 2592, Mhz Limit: 2592
Processor Information for processor 3
  Max Mhz: 2592, Current Mhz: 1495, Mhz Limit: 2592
Processor Information for processor 4
  Max Mhz: 2592, Current Mhz: 2592, Mhz Limit: 2592
Processor Information for processor 5
  Max Mhz: 2592, Current Mhz: 2592, Mhz Limit: 2592
Processor Information for processor 6
  Max Mhz: 2592, Current Mhz: 2592, Mhz Limit: 2592
Processor Information for processor 7
  Max Mhz: 2592, Current Mhz: 2592, Mhz Limit: 2592
Processor Information for processor 8
  Max Mhz: 2592, Current Mhz: 2592, Mhz Limit: 2592
Processor Information for processor 9
  Max Mhz: 2592, Current Mhz: 2592, Mhz Limit: 2592
Processor Information for processor 10
  Max Mhz: 2592, Current Mhz: 1495, Mhz Limit: 2592
Processor Information for processor 11
  Max Mhz: 2592, Current Mhz: 2592, Mhz Limit: 2592

Memory: 4k page, system-wide physical 8002M (677M free)
TotalPageFile size 32578M (AvailPageFile size 49M)
current process WorkingSet (physical memory assigned to process): 171M, peak: 174M
current process commit charge ("private bytes"): 311M, peak: 315M

vm_info: OpenJDK 64-Bit Server VM (21.0.10+7-LTS) for windows-amd64 JRE (21.0.10+7-LTS), built on 2026-01-20T00:00:00Z by "admin" with MS VC++ 17.12 (VS2022)

END.
