#
# There is insufficient memory for the Java Runtime Environment to continue.
# Native memory allocation (malloc) failed to allocate 1340256 bytes. Error detail: Chunk::new
# Possible reasons:
#   The system is out of physical RAM or swap space
#   This process is running with CompressedOops enabled, and the Java Heap may be blocking the growth of the native heap
# Possible solutions:
#   Reduce memory load on the system
#   Increase physical memory or swap space
#   Check if swap backing store is full
#   Decrease Java heap size (-Xmx/-Xms)
#   Decrease number of Java threads
#   Decrease Java thread stack sizes (-Xss)
#   Set larger code cache with -XX:ReservedCodeCacheSize=
#   JVM is running with Unscaled Compressed Oops mode in which the Java heap is
#     placed in the first 4GB address space. The Java Heap base address is the
#     maximum limit for the native heap growth. Please use -XX:HeapBaseMinAddress
#     to set the Java Heap base and to place the Java Heap above 4GB virtual address.
# This output file may be truncated or incomplete.
#
#  Out of Memory Error (arena.cpp:191), pid=15544, tid=18492
#
# JRE version: OpenJDK Runtime Environment Temurin-17.0.15+6 (17.0.15+6) (build 17.0.15+6)
# Java VM: OpenJDK 64-Bit Server VM Temurin-17.0.15+6 (17.0.15+6, mixed mode, sharing, tiered, compressed oops, compressed class ptrs, g1 gc, windows-amd64)
# No core dump will be written. Minidumps are not enabled by default on client versions of Windows
#

---------------  S U M M A R Y ------------

Command Line: --enable-native-access=ALL-UNNAMED -Dclassworlds.conf=C:\Users\luisa\.m2\wrapper\dists\apache-maven-3.9.14\ed7edd442f634ac1c1ef5ba2b61b6d690b5221091f1a8e1123f5fadcc967520d\bin\m2.conf -Dmaven.home=C:\Users\luisa\.m2\wrapper\dists\apache-maven-3.9.14\ed7edd442f634ac1c1ef5ba2b61b6d690b5221091f1a8e1123f5fadcc967520d -Dlibrary.jansi.path=C:\Users\luisa\.m2\wrapper\dists\apache-maven-3.9.14\ed7edd442f634ac1c1ef5ba2b61b6d690b5221091f1a8e1123f5fadcc967520d\lib\jansi-native -Dmaven.multiModuleProjectDirectory=c:\api-orcamento-manipulado org.codehaus.plexus.classworlds.launcher.Launcher help:effective-pom -Doutput=effective-pom-6a1c3666-022e-49b5-a094-5a18113e729b.log

Host: Intel(R) Core(TM) i7-9750H CPU @ 2.60GHz, 12 cores, 7G,  Windows 11 , 64 bit Build 26100 (10.0.26100.8328)
Time: Tue May 19 20:26:44 2026 Hora oficial do Brasil elapsed time: 15.523040 seconds (0d 0h 0m 15s)

---------------  T H R E A D  ---------------

Current thread (0x0000024c229951c0):  JavaThread "C2 CompilerThread1" daemon [_thread_in_native, id=18492, stack(0x000000b719300000,0x000000b719400000)]


Current CompileTask:
C2:  15523 5221       4       jdk.internal.org.objectweb.asm.Frame::execute (2305 bytes)

Stack: [0x000000b719300000,0x000000b719400000]
Native frames: (J=compiled Java code, j=interpreted, Vv=VM code, C=native code)
V  [jvm.dll+0x682fc9]
V  [jvm.dll+0x839878]
V  [jvm.dll+0x83b323]
V  [jvm.dll+0x83b993]
V  [jvm.dll+0x24725f]
V  [jvm.dll+0xacea4]
V  [jvm.dll+0xad53c]
V  [jvm.dll+0x2aca8f]
V  [jvm.dll+0x589079]
V  [jvm.dll+0x2210b2]
V  [jvm.dll+0x2214af]
V  [jvm.dll+0x21a4b0]
V  [jvm.dll+0x21758b]
V  [jvm.dll+0x1a31b0]
V  [jvm.dll+0x227a9c]
V  [jvm.dll+0x225bfb]
V  [jvm.dll+0x7ef018]
V  [jvm.dll+0x7e94dc]
V  [jvm.dll+0x681ea7]
C  [ucrtbase.dll+0x37b0]
C  [KERNEL32.DLL+0x2e957]
C  [ntdll.dll+0x427c]


---------------  P R O C E S S  ---------------

Threads class SMR info:
_java_thread_list=0x0000024c2175af20, length=14, elements={
0x0000024bbb511630, 0x0000024bdbc59650, 0x0000024bdbc5c030, 0x0000024bdbc77450,
0x0000024bdbc79d30, 0x0000024bdbc7a600, 0x0000024bdbc7aed0, 0x0000024bdbc7bad0,
0x0000024bdbc85dd0, 0x0000024bdbc90700, 0x0000024c2110e5b0, 0x0000024c2111f700,
0x0000024c221b6df0, 0x0000024c229951c0
}

Java Threads: ( => current thread )
  0x0000024bbb511630 JavaThread "main" [_thread_in_Java, id=24824, stack(0x000000b718000000,0x000000b718100000)]
  0x0000024bdbc59650 JavaThread "Reference Handler" daemon [_thread_blocked, id=15040, stack(0x000000b718700000,0x000000b718800000)]
  0x0000024bdbc5c030 JavaThread "Finalizer" daemon [_thread_blocked, id=24016, stack(0x000000b718800000,0x000000b718900000)]
  0x0000024bdbc77450 JavaThread "Signal Dispatcher" daemon [_thread_blocked, id=13556, stack(0x000000b718900000,0x000000b718a00000)]
  0x0000024bdbc79d30 JavaThread "Attach Listener" daemon [_thread_blocked, id=23404, stack(0x000000b718a00000,0x000000b718b00000)]
  0x0000024bdbc7a600 JavaThread "Service Thread" daemon [_thread_blocked, id=18996, stack(0x000000b718b00000,0x000000b718c00000)]
  0x0000024bdbc7aed0 JavaThread "Monitor Deflation Thread" daemon [_thread_blocked, id=19832, stack(0x000000b718c00000,0x000000b718d00000)]
  0x0000024bdbc7bad0 JavaThread "C2 CompilerThread0" daemon [_thread_blocked, id=13656, stack(0x000000b718d00000,0x000000b718e00000)]
  0x0000024bdbc85dd0 JavaThread "C1 CompilerThread0" daemon [_thread_in_native, id=18080, stack(0x000000b718e00000,0x000000b718f00000)]
  0x0000024bdbc90700 JavaThread "Sweeper thread" daemon [_thread_blocked, id=7816, stack(0x000000b718f00000,0x000000b719000000)]
  0x0000024c2110e5b0 JavaThread "Notification Thread" daemon [_thread_blocked, id=10992, stack(0x000000b719000000,0x000000b719100000)]
  0x0000024c2111f700 JavaThread "Common-Cleaner" daemon [_thread_blocked, id=20384, stack(0x000000b719200000,0x000000b719300000)]
  0x0000024c221b6df0 JavaThread "Thread-1" daemon [_thread_blocked, id=19032, stack(0x000000b719c00000,0x000000b719d00000)]
=>0x0000024c229951c0 JavaThread "C2 CompilerThread1" daemon [_thread_in_native, id=18492, stack(0x000000b719300000,0x000000b719400000)]

Other Threads:
  0x0000024bdbc4c1f0 VMThread "VM Thread" [stack: 0x000000b718600000,0x000000b718700000] [id=16592]
  0x0000024c2110f2a0 WatcherThread [stack: 0x000000b719100000,0x000000b719200000] [id=25096]
  0x0000024bbb56cf00 GCTaskThread "GC Thread#0" [stack: 0x000000b718100000,0x000000b718200000] [id=9712]
  0x0000024c21a2f640 GCTaskThread "GC Thread#1" [stack: 0x000000b719500000,0x000000b719600000] [id=19560]
  0x0000024c21adc0b0 GCTaskThread "GC Thread#2" [stack: 0x000000b719600000,0x000000b719700000] [id=10596]
  0x0000024c21adcbb0 GCTaskThread "GC Thread#3" [stack: 0x000000b719700000,0x000000b719800000] [id=13076]
  0x0000024c21adc370 GCTaskThread "GC Thread#4" [stack: 0x000000b719800000,0x000000b719900000] [id=7416]
  0x0000024c21adc630 GCTaskThread "GC Thread#5" [stack: 0x000000b719900000,0x000000b719a00000] [id=24512]
  0x0000024c21adbdf0 GCTaskThread "GC Thread#6" [stack: 0x000000b719a00000,0x000000b719b00000] [id=1452]
  0x0000024c21adc8f0 GCTaskThread "GC Thread#7" [stack: 0x000000b719400000,0x000000b719500000] [id=24996]
  0x0000024c21adb030 GCTaskThread "GC Thread#8" [stack: 0x000000b719b00000,0x000000b719c00000] [id=11988]
  0x0000024c22b1f1e0 GCTaskThread "GC Thread#9" [stack: 0x000000b71a300000,0x000000b71a400000] [id=20508]
  0x0000024bbb57e470 ConcurrentGCThread "G1 Main Marker" [stack: 0x000000b718200000,0x000000b718300000] [id=20524]
  0x0000024bbb57f540 ConcurrentGCThread "G1 Conc#0" [stack: 0x000000b718300000,0x000000b718400000] [id=15088]
  0x0000024c22b1e6e0 ConcurrentGCThread "G1 Conc#1" [stack: 0x000000b71a400000,0x000000b71a500000] [id=10776]
  0x0000024c22b1e160 ConcurrentGCThread "G1 Conc#2" [stack: 0x000000b71a500000,0x000000b71a600000] [id=6316]
  0x0000024bbb5be4a0 ConcurrentGCThread "G1 Refine#0" [stack: 0x000000b718400000,0x000000b718500000] [id=17720]
  0x0000024bdbb02120 ConcurrentGCThread "G1 Service" [stack: 0x000000b718500000,0x000000b718600000] [id=23376]

Threads with active compile tasks:
C1 CompilerThread0    15663 5274   !   3       com.sun.org.apache.xerces.internal.impl.XMLDocumentFragmentScannerImpl$FragmentContentDriver::next (2331 bytes)
C2 CompilerThread1    15663 5221       4       jdk.internal.org.objectweb.asm.Frame::execute (2305 bytes)

VM state: not at safepoint (normal execution)

VM Mutex/Monitor currently owned by a thread: None

Heap address: 0x0000000082e00000, size: 2002 MB, Compressed Oops mode: 32-bit

CDS archive(s) mapped at: [0x0000024bdc000000-0x0000024bdcbb0000-0x0000024bdcbb0000), size 12255232, SharedBaseAddress: 0x0000024bdc000000, ArchiveRelocationMode: 1.
Compressed class space mapped at: 0x0000024bdd000000-0x0000024c1d000000, reserved size: 1073741824
Narrow klass base: 0x0000024bdc000000, Narrow klass shift: 0, Narrow klass range: 0x100000000

GC Precious Log:
 CPUs: 12 total, 12 available
 Memory: 8002M
 Large Page Support: Disabled
 NUMA Support: Disabled
 Compressed Oops: Enabled (32-bit)
 Heap Region Size: 1M
 Heap Min Capacity: 8M
 Heap Initial Capacity: 126M
 Heap Max Capacity: 2002M
 Pre-touch: Disabled
 Parallel Workers: 10
 Concurrent Workers: 3
 Concurrent Refinement Workers: 10
 Periodic GC: Disabled

Heap:
 garbage-first heap   total 51200K, used 22333K [0x0000000082e00000, 0x0000000100000000)
  region size 1024K, 7 young (7168K), 1 survivors (1024K)
 Metaspace       used 26431K, committed 26752K, reserved 1114112K
  class space    used 3101K, committed 3264K, reserved 1048576K

Heap Regions: E=young(eden), S=young(survivor), O=old, HS=humongous(starts), HC=humongous(continues), CS=collection set, F=free, OA=open archive, CA=closed archive, TAMS=top-at-mark-start (previous, next)
|   0|0x0000000082e00000, 0x0000000082f00000, 0x0000000082f00000|100%| O|  |TAMS 0x0000000082f00000, 0x0000000082e00000| Untracked 
|   1|0x0000000082f00000, 0x0000000083000000, 0x0000000083000000|100%| O|  |TAMS 0x0000000083000000, 0x0000000082f00000| Untracked 
|   2|0x0000000083000000, 0x0000000083100000, 0x0000000083100000|100%| O|  |TAMS 0x0000000083100000, 0x0000000083000000| Untracked 
|   3|0x0000000083100000, 0x0000000083200000, 0x0000000083200000|100%|HS|  |TAMS 0x0000000083100000, 0x0000000083100000| Complete 
|   4|0x0000000083200000, 0x0000000083300000, 0x0000000083300000|100%| O|  |TAMS 0x0000000083200000, 0x0000000083200000| Untracked 
|   5|0x0000000083300000, 0x0000000083400000, 0x0000000083400000|100%| O|  |TAMS 0x0000000083300000, 0x0000000083300000| Untracked 
|   6|0x0000000083400000, 0x0000000083500000, 0x0000000083500000|100%| O|  |TAMS 0x0000000083400000, 0x0000000083400000| Untracked 
|   7|0x0000000083500000, 0x0000000083600000, 0x0000000083600000|100%| O|  |TAMS 0x0000000083500000, 0x0000000083500000| Untracked 
|   8|0x0000000083600000, 0x0000000083700000, 0x0000000083700000|100%| O|  |TAMS 0x0000000083600000, 0x0000000083600000| Untracked 
|   9|0x0000000083700000, 0x0000000083800000, 0x0000000083800000|100%| O|  |TAMS 0x0000000083700000, 0x0000000083700000| Untracked 
|  10|0x0000000083800000, 0x0000000083900000, 0x0000000083900000|100%| O|  |TAMS 0x0000000083800000, 0x0000000083800000| Untracked 
|  11|0x0000000083900000, 0x0000000083a00000, 0x0000000083a00000|100%| O|  |TAMS 0x0000000083900000, 0x0000000083900000| Untracked 
|  12|0x0000000083a00000, 0x0000000083b00000, 0x0000000083b00000|100%| O|  |TAMS 0x0000000083a00000, 0x0000000083a00000| Untracked 
|  13|0x0000000083b00000, 0x0000000083c00000, 0x0000000083c00000|100%| O|  |TAMS 0x0000000083b00000, 0x0000000083b00000| Untracked 
|  14|0x0000000083c00000, 0x0000000083d00000, 0x0000000083d00000|100%| O|  |TAMS 0x0000000083c00000, 0x0000000083c00000| Untracked 
|  15|0x0000000083d00000, 0x0000000083e00000, 0x0000000083e00000|100%| O|  |TAMS 0x0000000083d00000, 0x0000000083d00000| Untracked 
|  16|0x0000000083e00000, 0x0000000083e00000, 0x0000000083f00000|  0%| F|  |TAMS 0x0000000083e00000, 0x0000000083e00000| Untracked 
|  17|0x0000000083f00000, 0x0000000083f00000, 0x0000000084000000|  0%| F|  |TAMS 0x0000000083f00000, 0x0000000083f00000| Untracked 
|  18|0x0000000084000000, 0x0000000084000000, 0x0000000084100000|  0%| F|  |TAMS 0x0000000084000000, 0x0000000084000000| Untracked 
|  19|0x0000000084100000, 0x0000000084100000, 0x0000000084200000|  0%| F|  |TAMS 0x0000000084100000, 0x0000000084100000| Untracked 
|  20|0x0000000084200000, 0x0000000084200000, 0x0000000084300000|  0%| F|  |TAMS 0x0000000084200000, 0x0000000084200000| Untracked 
|  21|0x0000000084300000, 0x0000000084300000, 0x0000000084400000|  0%| F|  |TAMS 0x0000000084300000, 0x0000000084300000| Untracked 
|  22|0x0000000084400000, 0x0000000084400000, 0x0000000084500000|  0%| F|  |TAMS 0x0000000084400000, 0x0000000084400000| Untracked 
|  23|0x0000000084500000, 0x0000000084500000, 0x0000000084600000|  0%| F|  |TAMS 0x0000000084500000, 0x0000000084500000| Untracked 
|  24|0x0000000084600000, 0x0000000084600000, 0x0000000084700000|  0%| F|  |TAMS 0x0000000084600000, 0x0000000084600000| Untracked 
|  25|0x0000000084700000, 0x0000000084700000, 0x0000000084800000|  0%| F|  |TAMS 0x0000000084700000, 0x0000000084700000| Untracked 
|  26|0x0000000084800000, 0x0000000084800000, 0x0000000084900000|  0%| F|  |TAMS 0x0000000084800000, 0x0000000084800000| Untracked 
|  27|0x0000000084900000, 0x0000000084900000, 0x0000000084a00000|  0%| F|  |TAMS 0x0000000084900000, 0x0000000084900000| Untracked 
|  28|0x0000000084a00000, 0x0000000084acf730, 0x0000000084b00000| 81%| S|CS|TAMS 0x0000000084a00000, 0x0000000084a00000| Complete 
|  29|0x0000000084b00000, 0x0000000084b00000, 0x0000000084c00000|  0%| F|  |TAMS 0x0000000084b00000, 0x0000000084b00000| Untracked 
|  30|0x0000000084c00000, 0x0000000084c00000, 0x0000000084d00000|  0%| F|  |TAMS 0x0000000084c00000, 0x0000000084c00000| Untracked 
|  31|0x0000000084d00000, 0x0000000084d00000, 0x0000000084e00000|  0%| F|  |TAMS 0x0000000084d00000, 0x0000000084d00000| Untracked 
|  32|0x0000000084e00000, 0x0000000084e00000, 0x0000000084f00000|  0%| F|  |TAMS 0x0000000084e00000, 0x0000000084e00000| Untracked 
|  33|0x0000000084f00000, 0x0000000084f00000, 0x0000000085000000|  0%| F|  |TAMS 0x0000000084f00000, 0x0000000084f00000| Untracked 
|  34|0x0000000085000000, 0x0000000085000000, 0x0000000085100000|  0%| F|  |TAMS 0x0000000085000000, 0x0000000085000000| Untracked 
|  35|0x0000000085100000, 0x0000000085100000, 0x0000000085200000|  0%| F|  |TAMS 0x0000000085100000, 0x0000000085100000| Untracked 
|  36|0x0000000085200000, 0x0000000085200000, 0x0000000085300000|  0%| F|  |TAMS 0x0000000085200000, 0x0000000085200000| Untracked 
|  37|0x0000000085300000, 0x0000000085300000, 0x0000000085400000|  0%| F|  |TAMS 0x0000000085300000, 0x0000000085300000| Untracked 
|  38|0x0000000085400000, 0x0000000085400000, 0x0000000085500000|  0%| F|  |TAMS 0x0000000085400000, 0x0000000085400000| Untracked 
|  49|0x0000000085f00000, 0x0000000085f00000, 0x0000000086000000|  0%| F|  |TAMS 0x0000000085f00000, 0x0000000085f00000| Untracked 
|  50|0x0000000086000000, 0x0000000086000000, 0x0000000086100000|  0%| F|  |TAMS 0x0000000086000000, 0x0000000086000000| Untracked 
|  51|0x0000000086100000, 0x0000000086100000, 0x0000000086200000|  0%| F|  |TAMS 0x0000000086100000, 0x0000000086100000| Untracked 
|  52|0x0000000086200000, 0x0000000086200000, 0x0000000086300000|  0%| F|  |TAMS 0x0000000086200000, 0x0000000086200000| Untracked 
|  53|0x0000000086300000, 0x0000000086300000, 0x0000000086400000|  0%| F|  |TAMS 0x0000000086300000, 0x0000000086300000| Untracked 
|  54|0x0000000086400000, 0x00000000864c19f0, 0x0000000086500000| 75%| E|  |TAMS 0x0000000086400000, 0x0000000086400000| Complete 
|  55|0x0000000086500000, 0x0000000086600000, 0x0000000086600000|100%| E|CS|TAMS 0x0000000086500000, 0x0000000086500000| Complete 
|  56|0x0000000086600000, 0x0000000086700000, 0x0000000086700000|100%| E|CS|TAMS 0x0000000086600000, 0x0000000086600000| Complete 
|  57|0x0000000086700000, 0x0000000086800000, 0x0000000086800000|100%| E|CS|TAMS 0x0000000086700000, 0x0000000086700000| Complete 
|  58|0x0000000086800000, 0x0000000086900000, 0x0000000086900000|100%| E|CS|TAMS 0x0000000086800000, 0x0000000086800000| Complete 
| 125|0x000000008ab00000, 0x000000008ac00000, 0x000000008ac00000|100%| E|CS|TAMS 0x000000008ab00000, 0x000000008ab00000| Complete 

Card table byte_map: [0x0000024bd4900000,0x0000024bd4cf0000] _byte_map_base: 0x0000024bd44e9000

Marking Bits (Prev, Next): (CMBitMap*) 0x0000024bbb56d470, (CMBitMap*) 0x0000024bbb56d430
 Prev Bits: [0x0000024bd7030000, 0x0000024bd8f78000)
 Next Bits: [0x0000024bd50e0000, 0x0000024bd7028000)

Polling page: 0x0000024bbb5c0000

Metaspace:

Usage:
  Non-class:     22.79 MB used.
      Class:      3.03 MB used.
       Both:     25.82 MB used.

Virtual space:
  Non-class space:       64.00 MB reserved,      22.94 MB ( 36%) committed,  1 nodes.
      Class space:        1.00 GB reserved,       3.19 MB ( <1%) committed,  1 nodes.
             Both:        1.06 GB reserved,      26.12 MB (  2%) committed. 

Chunk freelists:
   Non-Class:  8.52 MB
       Class:  12.72 MB
        Both:  21.23 MB

MaxMetaspaceSize: unlimited
CompressedClassSpaceSize: 1.00 GB
Initial GC threshold: 21.00 MB
Current GC threshold: 35.25 MB
CDS: on
MetaspaceReclaimPolicy: balanced
 - commit_granule_bytes: 65536.
 - commit_granule_words: 8192.
 - virtual_space_node_default_size: 8388608.
 - enlarge_chunks_in_place: 1.
 - new_chunks_are_fully_committed: 0.
 - uncommit_free_chunks: 1.
 - use_allocation_guard: 0.
 - handle_deallocations: 1.


Internal statistics:

num_allocs_failed_limit: 3.
num_arena_births: 168.
num_arena_deaths: 0.
num_vsnodes_births: 2.
num_vsnodes_deaths: 0.
num_space_committed: 418.
num_space_uncommitted: 0.
num_chunks_returned_to_freelist: 3.
num_chunks_taken_from_freelist: 911.
num_chunk_merges: 0.
num_chunk_splits: 594.
num_chunks_enlarged: 458.
num_inconsistent_stats: 0.

CodeHeap 'non-profiled nmethods': size=120000Kb used=2669Kb max_used=2669Kb free=117330Kb
 bounds [0x0000024bcc340000, 0x0000024bcc5e0000, 0x0000024bd3870000]
CodeHeap 'profiled nmethods': size=120000Kb used=10846Kb max_used=10846Kb free=109153Kb
 bounds [0x0000024bc4870000, 0x0000024bc5310000, 0x0000024bcbda0000]
CodeHeap 'non-nmethods': size=5760Kb used=1236Kb max_used=1302Kb free=4523Kb
 bounds [0x0000024bcbda0000, 0x0000024bcc010000, 0x0000024bcc340000]
 total_blobs=5817 nmethods=5277 adapters=452
 compilation: enabled
              stopped_count=0, restarted_count=0
 full_count=0

Compilation events (20 events):
Event: 14.082 Thread 0x0000024bdbc85dd0 5239       3       jdk.internal.org.objectweb.asm.SymbolTable::<init> (41 bytes)
Event: 14.083 Thread 0x0000024bdbc85dd0 nmethod 5239 0x0000024bc52ed010 code [0x0000024bc52ed1e0, 0x0000024bc52ed758]
Event: 14.088 Thread 0x0000024bdbc85dd0 5241       3       java.lang.reflect.Modifier::isVolatile (13 bytes)
Event: 14.089 Thread 0x0000024bdbc85dd0 nmethod 5241 0x0000024bc52ed890 code [0x0000024bc52eda20, 0x0000024bc52edb58]
Event: 14.094 Thread 0x0000024bdbc85dd0 5249       3       java.lang.invoke.InvokerBytecodeGenerator::getInternalName (103 bytes)
Event: 14.095 Thread 0x0000024bdbc85dd0 nmethod 5249 0x0000024bc52edc10 code [0x0000024bc52ede20, 0x0000024bc52ee358]
Event: 14.095 Thread 0x0000024bdbc85dd0 5250       3       java.lang.invoke.InvokerBytecodeGenerator::emitPushArgument (150 bytes)
Event: 14.097 Thread 0x0000024bdbc85dd0 nmethod 5250 0x0000024bc52ee490 code [0x0000024bc52ee760, 0x0000024bc52ef608]
Event: 14.097 Thread 0x0000024bdbc85dd0 5252       3       sun.invoke.util.VerifyType::isNullType (18 bytes)
Event: 14.097 Thread 0x0000024bdbc85dd0 nmethod 5252 0x0000024bc52efa10 code [0x0000024bc52efbc0, 0x0000024bc52efd98]
Event: 14.097 Thread 0x0000024bdbc85dd0 5253       3       java.lang.invoke.LambdaForm$Name::isParam (13 bytes)
Event: 14.100 Thread 0x0000024bdbc85dd0 nmethod 5253 0x0000024bc52efe10 code [0x0000024bc52effa0, 0x0000024bc52f00f8]
Event: 14.100 Thread 0x0000024bdbc85dd0 5255   !   3       java.lang.invoke.MemberName::getFieldType (176 bytes)
Event: 14.103 Thread 0x0000024bdbc85dd0 nmethod 5255 0x0000024bc52f0190 code [0x0000024bc52f04c0, 0x0000024bc52f19d8]
Event: 14.103 Thread 0x0000024bdbc85dd0 5257       3       org.codehaus.plexus.classworlds.realm.Entry::matches (282 bytes)
Event: 14.114 Thread 0x0000024bdbc85dd0 nmethod 5257 0x0000024bc52f2090 code [0x0000024bc52f27a0, 0x0000024bc52f62b8]
Event: 14.115 Thread 0x0000024bdbc85dd0 5256       3       jdk.internal.misc.Unsafe::ensureClassInitialized (18 bytes)
Event: 14.115 Thread 0x0000024bdbc85dd0 nmethod 5256 0x0000024bc52f7690 code [0x0000024bc52f7840, 0x0000024bc52f7a78]
Event: 14.143 Thread 0x0000024bdbc85dd0 5258       3       jdk.internal.org.objectweb.asm.SymbolTable::putBootstrapMethods (56 bytes)
Event: 14.143 Thread 0x0000024bdbc85dd0 nmethod 5258 0x0000024bc52f7b90 code [0x0000024bc52f7d80, 0x0000024bc52f8088]

GC Heap History (12 events):
Event: 1.383 GC heap before
{Heap before GC invocations=0 (full 0):
 garbage-first heap   total 129024K, used 22528K [0x0000000082e00000, 0x0000000100000000)
  region size 1024K, 23 young (23552K), 0 survivors (0K)
 Metaspace       used 5391K, committed 5568K, reserved 1114112K
  class space    used 646K, committed 768K, reserved 1048576K
}
Event: 1.391 GC heap after
{Heap after GC invocations=1 (full 0):
 garbage-first heap   total 129024K, used 3667K [0x0000000082e00000, 0x0000000100000000)
  region size 1024K, 3 young (3072K), 3 survivors (3072K)
 Metaspace       used 5391K, committed 5568K, reserved 1114112K
  class space    used 646K, committed 768K, reserved 1048576K
}
Event: 2.638 GC heap before
{Heap before GC invocations=1 (full 0):
 garbage-first heap   total 129024K, used 35411K [0x0000000082e00000, 0x0000000100000000)
  region size 1024K, 34 young (34816K), 3 survivors (3072K)
 Metaspace       used 9157K, committed 9344K, reserved 1114112K
  class space    used 1106K, committed 1216K, reserved 1048576K
}
Event: 2.649 GC heap after
{Heap after GC invocations=2 (full 0):
 garbage-first heap   total 129024K, used 5136K [0x0000000082e00000, 0x0000000100000000)
  region size 1024K, 2 young (2048K), 2 survivors (2048K)
 Metaspace       used 9157K, committed 9344K, reserved 1114112K
  class space    used 1106K, committed 1216K, reserved 1048576K
}
Event: 6.346 GC heap before
{Heap before GC invocations=2 (full 0):
 garbage-first heap   total 129024K, used 70672K [0x0000000082e00000, 0x0000000100000000)
  region size 1024K, 67 young (68608K), 2 survivors (2048K)
 Metaspace       used 21277K, committed 21504K, reserved 1114112K
  class space    used 2592K, committed 2688K, reserved 1048576K
}
Event: 6.372 GC heap after
{Heap after GC invocations=3 (full 0):
 garbage-first heap   total 129024K, used 13810K [0x0000000082e00000, 0x0000000100000000)
  region size 1024K, 10 young (10240K), 10 survivors (10240K)
 Metaspace       used 21277K, committed 21504K, reserved 1114112K
  class space    used 2592K, committed 2688K, reserved 1048576K
}
Event: 9.495 GC heap before
{Heap before GC invocations=4 (full 0):
 garbage-first heap   total 51200K, used 33266K [0x0000000082e00000, 0x0000000100000000)
  region size 1024K, 30 young (30720K), 10 survivors (10240K)
 Metaspace       used 23770K, committed 24064K, reserved 1114112K
  class space    used 2855K, committed 3008K, reserved 1048576K
}
Event: 9.550 GC heap after
{Heap after GC invocations=5 (full 0):
 garbage-first heap   total 51200K, used 15454K [0x0000000082e00000, 0x0000000100000000)
  region size 1024K, 2 young (2048K), 2 survivors (2048K)
 Metaspace       used 23770K, committed 24064K, reserved 1114112K
  class space    used 2855K, committed 3008K, reserved 1048576K
}
Event: 9.641 GC heap before
{Heap before GC invocations=5 (full 0):
 garbage-first heap   total 51200K, used 16478K [0x0000000082e00000, 0x0000000100000000)
  region size 1024K, 3 young (3072K), 2 survivors (2048K)
 Metaspace       used 23785K, committed 24064K, reserved 1114112K
  class space    used 2855K, committed 3008K, reserved 1048576K
}
Event: 9.659 GC heap after
{Heap after GC invocations=6 (full 0):
 garbage-first heap   total 51200K, used 15980K [0x0000000082e00000, 0x0000000100000000)
  region size 1024K, 1 young (1024K), 1 survivors (1024K)
 Metaspace       used 23785K, committed 24064K, reserved 1114112K
  class space    used 2855K, committed 3008K, reserved 1048576K
}
Event: 13.221 GC heap before
{Heap before GC invocations=6 (full 0):
 garbage-first heap   total 51200K, used 36460K [0x0000000082e00000, 0x0000000100000000)
  region size 1024K, 21 young (21504K), 1 survivors (1024K)
 Metaspace       used 24478K, committed 24704K, reserved 1114112K
  class space    used 2894K, committed 3008K, reserved 1048576K
}
Event: 13.230 GC heap after
{Heap after GC invocations=7 (full 0):
 garbage-first heap   total 51200K, used 16189K [0x0000000082e00000, 0x0000000100000000)
  region size 1024K, 1 young (1024K), 1 survivors (1024K)
 Metaspace       used 24478K, committed 24704K, reserved 1114112K
  class space    used 2894K, committed 3008K, reserved 1048576K
}

Dll operation events (10 events):
Event: 0.016 Loaded shared library C:\Program Files\Eclipse Adoptium\jdk-17.0.15.6-hotspot\bin\java.dll
Event: 0.043 Loaded shared library C:\Program Files\Eclipse Adoptium\jdk-17.0.15.6-hotspot\bin\jsvml.dll
Event: 0.106 Loaded shared library C:\Program Files\Eclipse Adoptium\jdk-17.0.15.6-hotspot\bin\net.dll
Event: 0.109 Loaded shared library C:\Program Files\Eclipse Adoptium\jdk-17.0.15.6-hotspot\bin\nio.dll
Event: 0.117 Loaded shared library C:\Program Files\Eclipse Adoptium\jdk-17.0.15.6-hotspot\bin\zip.dll
Event: 0.548 Loaded shared library C:\Program Files\Eclipse Adoptium\jdk-17.0.15.6-hotspot\bin\jimage.dll
Event: 0.551 Loaded shared library C:\Users\luisa\.m2\wrapper\dists\apache-maven-3.9.14\ed7edd442f634ac1c1ef5ba2b61b6d690b5221091f1a8e1123f5fadcc967520d\lib\jansi-native\Windows\x86_64\jansi.dll
Event: 0.572 Loaded shared library C:\Program Files\Eclipse Adoptium\jdk-17.0.15.6-hotspot\bin\verify.dll
Event: 6.086 Loaded shared library C:\Program Files\Eclipse Adoptium\jdk-17.0.15.6-hotspot\bin\extnet.dll
Event: 6.178 Loaded shared library C:\Program Files\Eclipse Adoptium\jdk-17.0.15.6-hotspot\bin\sunmscapi.dll

Deoptimization events (20 events):
Event: 13.237 Thread 0x0000024bbb511630 DEOPT PACKING pc=0x0000024bcc434dac sp=0x000000b7180fd4c0
Event: 13.237 Thread 0x0000024bbb511630 DEOPT UNPACKING pc=0x0000024bcbdf69a3 sp=0x000000b7180fd448 mode 2
Event: 13.360 Thread 0x0000024bbb511630 DEOPT PACKING pc=0x0000024bc529be86 sp=0x000000b7180f86a0
Event: 13.360 Thread 0x0000024bbb511630 DEOPT UNPACKING pc=0x0000024bcbdf7143 sp=0x000000b7180f7b30 mode 0
Event: 13.375 Thread 0x0000024bbb511630 Uncommon trap: trap_request=0xffffffc6 fr.pc=0x0000024bcc434dac relative=0x000000000000008c
Event: 13.398 Thread 0x0000024bbb511630 Uncommon trap: reason=bimorphic_or_optimized_type_check action=maybe_recompile pc=0x0000024bcc434dac method=com.google.inject.internal.LinkedBindingImpl.acceptTargetVisitor(Lcom/google/inject/spi/BindingTargetVisitor;)Ljava/lang/Object; @ 2 c2
Event: 13.398 Thread 0x0000024bbb511630 DEOPT PACKING pc=0x0000024bcc434dac sp=0x000000b7180fd4c0
Event: 13.398 Thread 0x0000024bbb511630 DEOPT UNPACKING pc=0x0000024bcbdf69a3 sp=0x000000b7180fd448 mode 2
Event: 13.411 Thread 0x0000024bbb511630 Uncommon trap: trap_request=0xffffffc6 fr.pc=0x0000024bcc434dac relative=0x000000000000008c
Event: 13.411 Thread 0x0000024bbb511630 Uncommon trap: reason=bimorphic_or_optimized_type_check action=maybe_recompile pc=0x0000024bcc434dac method=com.google.inject.internal.LinkedBindingImpl.acceptTargetVisitor(Lcom/google/inject/spi/BindingTargetVisitor;)Ljava/lang/Object; @ 2 c2
Event: 13.411 Thread 0x0000024bbb511630 DEOPT PACKING pc=0x0000024bcc434dac sp=0x000000b7180fd4c0
Event: 13.411 Thread 0x0000024bbb511630 DEOPT UNPACKING pc=0x0000024bcbdf69a3 sp=0x000000b7180fd448 mode 2
Event: 13.509 Thread 0x0000024bbb511630 Uncommon trap: trap_request=0xffffff45 fr.pc=0x0000024bcc59792c relative=0x0000000000002f4c
Event: 13.509 Thread 0x0000024bbb511630 Uncommon trap: reason=unstable_if action=reinterpret pc=0x0000024bcc59792c method=org.eclipse.sisu.inject.LocatedBeans$Itr.hasNext()Z @ 81 c2
Event: 13.509 Thread 0x0000024bbb511630 DEOPT PACKING pc=0x0000024bcc59792c sp=0x000000b7180fdcd0
Event: 13.509 Thread 0x0000024bbb511630 DEOPT UNPACKING pc=0x0000024bcbdf69a3 sp=0x000000b7180fdd00 mode 2
Event: 14.102 Thread 0x0000024bbb511630 Uncommon trap: trap_request=0xffffff45 fr.pc=0x0000024bcc5d545c relative=0x0000000000000cdc
Event: 14.102 Thread 0x0000024bbb511630 Uncommon trap: reason=unstable_if action=reinterpret pc=0x0000024bcc5d545c method=org.codehaus.plexus.classworlds.realm.Entry.matches(Ljava/lang/String;)Z @ 20 c2
Event: 14.102 Thread 0x0000024bbb511630 DEOPT PACKING pc=0x0000024bcc5d545c sp=0x000000b7180fc880
Event: 14.102 Thread 0x0000024bbb511630 DEOPT UNPACKING pc=0x0000024bcbdf69a3 sp=0x000000b7180fc858 mode 2

Classes loaded (20 events):
Event: 14.480 Loading class com/sun/org/apache/xerces/internal/xni/parser/XMLErrorHandler done
Event: 14.480 Loading class com/sun/org/apache/xerces/internal/util/ErrorHandlerWrapper done
Event: 14.481 Loading class jdk/xml/internal/JdkProperty$ImplPropMap
Event: 14.484 Loading class jdk/xml/internal/JdkProperty$ImplPropMap done
Event: 14.487 Loading class org/xml/sax/InputSource
Event: 14.488 Loading class org/xml/sax/InputSource done
Event: 14.488 Loading class com/sun/org/apache/xerces/internal/xni/parser/XMLInputSource
Event: 14.488 Loading class com/sun/org/apache/xerces/internal/xni/parser/XMLInputSource done
Event: 14.488 Loading class com/sun/org/apache/xerces/internal/utils/XMLLimitAnalyzer
Event: 14.491 Loading class com/sun/org/apache/xerces/internal/utils/XMLLimitAnalyzer done
Event: 14.492 Loading class com/sun/xml/internal/stream/Entity$ScannedEntity
Event: 14.494 Loading class com/sun/xml/internal/stream/Entity
Event: 14.496 Loading class com/sun/xml/internal/stream/Entity done
Event: 14.496 Loading class com/sun/xml/internal/stream/Entity$ScannedEntity done
Event: 14.497 Loading class com/sun/xml/internal/stream/util/ThreadLocalBufferAllocator
Event: 14.498 Loading class com/sun/xml/internal/stream/util/ThreadLocalBufferAllocator done
Event: 14.498 Loading class com/sun/xml/internal/stream/util/BufferAllocator
Event: 14.499 Loading class com/sun/xml/internal/stream/util/BufferAllocator done
Event: 14.499 Loading class com/sun/org/apache/xerces/internal/util/XMLChar
Event: 15.508 Loading class com/sun/org/apache/xerces/internal/util/XMLChar done

Classes unloaded (0 events):
No events

Classes redefined (0 events):
No events

Internal exceptions (20 events):
Event: 12.451 Thread 0x0000024bbb511630 Exception <a 'sun/nio/fs/WindowsException'{0x0000000084ee8550}> (0x0000000084ee8550) 
thrown [s\src\hotspot\share\prims\jni.cpp, line 516]
Event: 12.454 Thread 0x0000024bbb511630 Exception <a 'sun/nio/fs/WindowsException'{0x0000000084ee9ff0}> (0x0000000084ee9ff0) 
thrown [s\src\hotspot\share\prims\jni.cpp, line 516]
Event: 12.472 Thread 0x0000024bbb511630 Exception <a 'sun/nio/fs/WindowsException'{0x0000000084ef5cd8}> (0x0000000084ef5cd8) 
thrown [s\src\hotspot\share\prims\jni.cpp, line 516]
Event: 12.477 Thread 0x0000024bbb511630 Exception <a 'sun/nio/fs/WindowsException'{0x0000000084eff9e0}> (0x0000000084eff9e0) 
thrown [s\src\hotspot\share\prims\jni.cpp, line 516]
Event: 12.480 Thread 0x0000024bbb511630 Exception <a 'sun/nio/fs/WindowsException'{0x0000000084d05fe8}> (0x0000000084d05fe8) 
thrown [s\src\hotspot\share\prims\jni.cpp, line 516]
Event: 12.491 Thread 0x0000024bbb511630 Exception <a 'sun/nio/fs/WindowsException'{0x0000000084d12e20}> (0x0000000084d12e20) 
thrown [s\src\hotspot\share\prims\jni.cpp, line 516]
Event: 12.497 Thread 0x0000024bbb511630 Exception <a 'sun/nio/fs/WindowsException'{0x0000000084d20840}> (0x0000000084d20840) 
thrown [s\src\hotspot\share\prims\jni.cpp, line 516]
Event: 12.500 Thread 0x0000024bbb511630 Exception <a 'sun/nio/fs/WindowsException'{0x0000000084d228b0}> (0x0000000084d228b0) 
thrown [s\src\hotspot\share\prims\jni.cpp, line 516]
Event: 12.524 Thread 0x0000024bbb511630 Exception <a 'sun/nio/fs/WindowsException'{0x0000000084d2efc8}> (0x0000000084d2efc8) 
thrown [s\src\hotspot\share\prims\jni.cpp, line 516]
Event: 12.529 Thread 0x0000024bbb511630 Exception <a 'sun/nio/fs/WindowsException'{0x0000000084d3c6b0}> (0x0000000084d3c6b0) 
thrown [s\src\hotspot\share\prims\jni.cpp, line 516]
Event: 12.532 Thread 0x0000024bbb511630 Exception <a 'sun/nio/fs/WindowsException'{0x0000000084d3e5d0}> (0x0000000084d3e5d0) 
thrown [s\src\hotspot\share\prims\jni.cpp, line 516]
Event: 12.551 Thread 0x0000024bbb511630 Exception <a 'sun/nio/fs/WindowsException'{0x0000000084d4a9e0}> (0x0000000084d4a9e0) 
thrown [s\src\hotspot\share\prims\jni.cpp, line 516]
Event: 12.566 Thread 0x0000024bbb511630 Exception <a 'sun/nio/fs/WindowsException'{0x0000000084d57f68}> (0x0000000084d57f68) 
thrown [s\src\hotspot\share\prims\jni.cpp, line 516]
Event: 12.568 Thread 0x0000024bbb511630 Exception <a 'sun/nio/fs/WindowsException'{0x0000000084d59da0}> (0x0000000084d59da0) 
thrown [s\src\hotspot\share\prims\jni.cpp, line 516]
Event: 12.578 Thread 0x0000024bbb511630 Exception <a 'sun/nio/fs/WindowsException'{0x0000000084d66168}> (0x0000000084d66168) 
thrown [s\src\hotspot\share\prims\jni.cpp, line 516]
Event: 12.594 Thread 0x0000024bbb511630 Exception <a 'sun/nio/fs/WindowsException'{0x0000000084d73108}> (0x0000000084d73108) 
thrown [s\src\hotspot\share\prims\jni.cpp, line 516]
Event: 12.596 Thread 0x0000024bbb511630 Exception <a 'sun/nio/fs/WindowsException'{0x0000000084d749d8}> (0x0000000084d749d8) 
thrown [s\src\hotspot\share\prims\jni.cpp, line 516]
Event: 13.427 Thread 0x0000024bbb511630 Exception <a 'java/lang/NoClassDefFoundError'{0x000000008abf1b60}: org/jline/reader/LineReader> (0x000000008abf1b60) 
thrown [s\src\hotspot\share\classfile\systemDictionary.cpp, line 245]
Event: 13.509 Thread 0x0000024bbb511630 Implicit null exception at 0x0000024bcc595113 to 0x0000024bcc59791c
Event: 13.534 Thread 0x0000024bbb511630 Exception <a 'java/lang/NoSuchMethodError'{0x000000008688e7a8}: 'int java.lang.invoke.DirectMethodHandle$Holder.invokeVirtual(java.lang.Object, java.lang.Object)'> (0x000000008688e7a8) 
thrown [s\src\hotspot\share\interpreter\linkResolver.cpp, line 759]

VM Operations (20 events):
Event: 8.441 Executing VM operation: Cleanup done
Event: 9.448 Executing VM operation: Cleanup
Event: 9.478 Executing VM operation: Cleanup done
Event: 9.495 Executing VM operation: G1CollectForAllocation
Event: 9.550 Executing VM operation: G1CollectForAllocation done
Event: 9.641 Executing VM operation: G1CollectForAllocation
Event: 9.659 Executing VM operation: G1CollectForAllocation done
Event: 10.669 Executing VM operation: Cleanup
Event: 10.669 Executing VM operation: Cleanup done
Event: 11.679 Executing VM operation: Cleanup
Event: 11.695 Executing VM operation: Cleanup done
Event: 12.704 Executing VM operation: Cleanup
Event: 12.704 Executing VM operation: Cleanup done
Event: 13.220 Executing VM operation: G1CollectForAllocation
Event: 13.230 Executing VM operation: G1CollectForAllocation done
Event: 14.239 Executing VM operation: Cleanup
Event: 14.239 Executing VM operation: Cleanup done
Event: 14.275 Executing VM operation: HandshakeAllThreads
Event: 14.275 Executing VM operation: HandshakeAllThreads done
Event: 15.277 Executing VM operation: Cleanup

Memory protections (0 events):
No events

Nmethod flushes (0 events):
No events

Events (20 events):
Event: 7.376 Thread 0x0000024c2287d490 Thread exited: 0x0000024c2287d490
Event: 7.561 Thread 0x0000024bdbc85dd0 Thread added: 0x0000024c21dc5df0
Event: 8.329 Thread 0x0000024c21dc5df0 Thread exited: 0x0000024c21dc5df0
Event: 9.443 Thread 0x0000024bdbc85dd0 Thread added: 0x0000024c22649510
Event: 10.007 Thread 0x0000024c22649510 Thread exited: 0x0000024c22649510
Event: 10.134 Thread 0x0000024bdbc85dd0 Thread added: 0x0000024c22649510
Event: 10.416 Thread 0x0000024c22649510 Thread exited: 0x0000024c22649510
Event: 11.767 Thread 0x0000024bbb511630 Thread added: 0x0000024c22160ec0
Event: 11.767 Thread 0x0000024bbb511630 Thread added: 0x0000024c221604a0
Event: 11.768 Thread 0x0000024bbb511630 Thread added: 0x0000024c2215f060
Event: 11.768 Thread 0x0000024bbb511630 Thread added: 0x0000024c2215ff90
Event: 11.769 Thread 0x0000024bbb511630 Thread added: 0x0000024c2215f570
Event: 11.958 Thread 0x0000024bdbc85dd0 Thread added: 0x0000024c22da1b10
Event: 12.178 Thread 0x0000024c22160ec0 Thread exited: 0x0000024c22160ec0
Event: 12.178 Thread 0x0000024c2215f570 Thread exited: 0x0000024c2215f570
Event: 12.178 Thread 0x0000024c2215ff90 Thread exited: 0x0000024c2215ff90
Event: 12.181 Thread 0x0000024c221604a0 Thread exited: 0x0000024c221604a0
Event: 12.182 Thread 0x0000024c2215f060 Thread exited: 0x0000024c2215f060
Event: 12.402 Thread 0x0000024c22da1b10 Thread exited: 0x0000024c22da1b10
Event: 13.810 Thread 0x0000024bdbc7bad0 Thread added: 0x0000024c229951c0


Dynamic libraries:
0x00007ff6d32b0000 - 0x00007ff6d32be000 	C:\Program Files\Eclipse Adoptium\jdk-17.0.15.6-hotspot\bin\java.exe
0x00007ff958260000 - 0x00007ff9584c7000 	C:\WINDOWS\SYSTEM32\ntdll.dll
0x00007ff957080000 - 0x00007ff957149000 	C:\WINDOWS\System32\KERNEL32.DLL
0x00007ff954d40000 - 0x00007ff955137000 	C:\WINDOWS\System32\KERNELBASE.dll
0x00007ff9559e0000 - 0x00007ff955b2b000 	C:\WINDOWS\System32\ucrtbase.dll
0x00007ff922da0000 - 0x00007ff922dbe000 	C:\Program Files\Eclipse Adoptium\jdk-17.0.15.6-hotspot\bin\VCRUNTIME140.dll
0x00007ff922e80000 - 0x00007ff922e97000 	C:\Program Files\Eclipse Adoptium\jdk-17.0.15.6-hotspot\bin\jli.dll
0x00007ff9569a0000 - 0x00007ff956b66000 	C:\WINDOWS\System32\USER32.dll
0x00007ff938a80000 - 0x00007ff938d12000 	C:\WINDOWS\WinSxS\amd64_microsoft.windows.common-controls_6595b64144ccf1df_6.0.26100.8457_none_3e0b2faee331e92d\COMCTL32.dll
0x00007ff9559b0000 - 0x00007ff9559d7000 	C:\WINDOWS\System32\win32u.dll
0x00007ff9568f0000 - 0x00007ff956999000 	C:\WINDOWS\System32\msvcrt.dll
0x00007ff957cd0000 - 0x00007ff957cfb000 	C:\WINDOWS\System32\GDI32.dll
0x00007ff955be0000 - 0x00007ff955d0c000 	C:\WINDOWS\System32\gdi32full.dll
0x00007ff955b30000 - 0x00007ff955bd3000 	C:\WINDOWS\System32\msvcp_win.dll
0x00007ff9568b0000 - 0x00007ff9568e2000 	C:\WINDOWS\System32\IMM32.DLL
0x00007ff93b760000 - 0x00007ff93b76c000 	C:\Program Files\Eclipse Adoptium\jdk-17.0.15.6-hotspot\bin\vcruntime140_1.dll
0x00007ff8f5210000 - 0x00007ff8f529d000 	C:\Program Files\Eclipse Adoptium\jdk-17.0.15.6-hotspot\bin\msvcp140.dll
0x00007ff89a0e0000 - 0x00007ff89ad4b000 	C:\Program Files\Eclipse Adoptium\jdk-17.0.15.6-hotspot\bin\server\jvm.dll
0x00007ff956610000 - 0x00007ff9566c6000 	C:\WINDOWS\System32\ADVAPI32.dll
0x00007ff955fe0000 - 0x00007ff956087000 	C:\WINDOWS\System32\sechost.dll
0x00007ff956b70000 - 0x00007ff956c88000 	C:\WINDOWS\System32\RPCRT4.dll
0x00007ff9573d0000 - 0x00007ff957450000 	C:\WINDOWS\System32\WS2_32.dll
0x00007ff954320000 - 0x00007ff95437e000 	C:\WINDOWS\SYSTEM32\POWRPROF.dll
0x00007ff949010000 - 0x00007ff94901b000 	C:\WINDOWS\SYSTEM32\VERSION.dll
0x00007ff93ebf0000 - 0x00007ff93ec26000 	C:\WINDOWS\SYSTEM32\WINMM.dll
0x00007ff954190000 - 0x00007ff9541a4000 	C:\WINDOWS\SYSTEM32\UMPDC.dll
0x00007ff953a00000 - 0x00007ff953a1b000 	C:\WINDOWS\SYSTEM32\kernel.appcore.dll
0x00007ff939d30000 - 0x00007ff939d3a000 	C:\Program Files\Eclipse Adoptium\jdk-17.0.15.6-hotspot\bin\jimage.dll
0x00007ff952bd0000 - 0x00007ff952e12000 	C:\WINDOWS\SYSTEM32\DBGHELP.DLL
0x00007ff956c90000 - 0x00007ff957013000 	C:\WINDOWS\System32\combase.dll
0x00007ff956530000 - 0x00007ff956609000 	C:\WINDOWS\System32\OLEAUT32.dll
0x00007ff934fe0000 - 0x00007ff93501b000 	C:\WINDOWS\SYSTEM32\dbgcore.DLL
0x00007ff954c90000 - 0x00007ff954d38000 	C:\WINDOWS\System32\bcryptPrimitives.dll
0x00007ff922d70000 - 0x00007ff922d95000 	C:\Program Files\Eclipse Adoptium\jdk-17.0.15.6-hotspot\bin\java.dll
0x00007ff8f5130000 - 0x00007ff8f5207000 	C:\Program Files\Eclipse Adoptium\jdk-17.0.15.6-hotspot\bin\jsvml.dll
0x00007ff9574a0000 - 0x00007ff957c0e000 	C:\WINDOWS\System32\SHELL32.dll
0x00007ff955140000 - 0x00007ff9559ac000 	C:\WINDOWS\System32\windows.storage.dll
0x00007ff956250000 - 0x00007ff956346000 	C:\WINDOWS\System32\SHCORE.dll
0x00007ff9564b0000 - 0x00007ff956516000 	C:\WINDOWS\System32\shlwapi.dll
0x00007ff954bb0000 - 0x00007ff954bd9000 	C:\WINDOWS\SYSTEM32\profapi.dll
0x00007ff921150000 - 0x00007ff921169000 	C:\Program Files\Eclipse Adoptium\jdk-17.0.15.6-hotspot\bin\net.dll
0x00007ff948c50000 - 0x00007ff948d79000 	C:\WINDOWS\SYSTEM32\WINHTTP.dll
0x00007ff954000000 - 0x00007ff95406c000 	C:\WINDOWS\system32\mswsock.dll
0x00007ff920c20000 - 0x00007ff920c36000 	C:\Program Files\Eclipse Adoptium\jdk-17.0.15.6-hotspot\bin\nio.dll
0x00007ff91fcd0000 - 0x00007ff91fce8000 	C:\Program Files\Eclipse Adoptium\jdk-17.0.15.6-hotspot\bin\zip.dll
0x00007ff91a3f0000 - 0x00007ff91a414000 	C:\Users\luisa\.m2\wrapper\dists\apache-maven-3.9.14\ed7edd442f634ac1c1ef5ba2b61b6d690b5221091f1a8e1123f5fadcc967520d\lib\jansi-native\Windows\x86_64\jansi.dll
0x00007ff93c1d0000 - 0x00007ff93c1e0000 	C:\Program Files\Eclipse Adoptium\jdk-17.0.15.6-hotspot\bin\verify.dll
0x00007ff954390000 - 0x00007ff9543ab000 	C:\WINDOWS\SYSTEM32\CRYPTSP.dll
0x00007ff953950000 - 0x00007ff953989000 	C:\WINDOWS\system32\rsaenh.dll
0x00007ff9540b0000 - 0x00007ff9540e3000 	C:\WINDOWS\SYSTEM32\USERENV.dll
0x00007ff954b80000 - 0x00007ff954baa000 	C:\WINDOWS\SYSTEM32\bcrypt.dll
0x00007ff9543b0000 - 0x00007ff9543bc000 	C:\WINDOWS\SYSTEM32\CRYPTBASE.dll
0x00007ff9533e0000 - 0x00007ff953412000 	C:\WINDOWS\SYSTEM32\IPHLPAPI.DLL
0x00007ff956520000 - 0x00007ff95652a000 	C:\WINDOWS\System32\NSI.dll
0x00007ff949c10000 - 0x00007ff949c2d000 	C:\WINDOWS\SYSTEM32\dhcpcsvc6.DLL
0x00007ff949be0000 - 0x00007ff949c05000 	C:\WINDOWS\SYSTEM32\dhcpcsvc.DLL
0x00007ff9534d0000 - 0x00007ff953602000 	C:\WINDOWS\SYSTEM32\DNSAPI.dll
0x00007ff948190000 - 0x00007ff94819b000 	C:\Windows\System32\rasadhlp.dll
0x00007ff94a120000 - 0x00007ff94a1a6000 	C:\WINDOWS\System32\fwpuclnt.dll
0x00007ff93c0c0000 - 0x00007ff93c0c9000 	C:\Program Files\Eclipse Adoptium\jdk-17.0.15.6-hotspot\bin\extnet.dll
0x00007ff935150000 - 0x00007ff93515e000 	C:\Program Files\Eclipse Adoptium\jdk-17.0.15.6-hotspot\bin\sunmscapi.dll
0x00007ff955e60000 - 0x00007ff955fd8000 	C:\WINDOWS\System32\CRYPT32.dll
0x00007ff9545b0000 - 0x00007ff9545e0000 	C:\WINDOWS\SYSTEM32\ncrypt.dll
0x00007ff954560000 - 0x00007ff95459f000 	C:\WINDOWS\SYSTEM32\NTASN1.dll

dbghelp: loaded successfully - version: 4.0.5 - missing functions: none
symbol engine: initialized successfully - sym options: 0x614 - pdb path: .;C:\Program Files\Eclipse Adoptium\jdk-17.0.15.6-hotspot\bin;C:\WINDOWS\SYSTEM32;C:\WINDOWS\WinSxS\amd64_microsoft.windows.common-controls_6595b64144ccf1df_6.0.26100.8457_none_3e0b2faee331e92d;C:\Program Files\Eclipse Adoptium\jdk-17.0.15.6-hotspot\bin\server;C:\Users\luisa\.m2\wrapper\dists\apache-maven-3.9.14\ed7edd442f634ac1c1ef5ba2b61b6d690b5221091f1a8e1123f5fadcc967520d\lib\jansi-native\Windows\x86_64

VM Arguments:
jvm_args: --enable-native-access=ALL-UNNAMED -Dclassworlds.conf=C:\Users\luisa\.m2\wrapper\dists\apache-maven-3.9.14\ed7edd442f634ac1c1ef5ba2b61b6d690b5221091f1a8e1123f5fadcc967520d\bin\m2.conf -Dmaven.home=C:\Users\luisa\.m2\wrapper\dists\apache-maven-3.9.14\ed7edd442f634ac1c1ef5ba2b61b6d690b5221091f1a8e1123f5fadcc967520d -Dlibrary.jansi.path=C:\Users\luisa\.m2\wrapper\dists\apache-maven-3.9.14\ed7edd442f634ac1c1ef5ba2b61b6d690b5221091f1a8e1123f5fadcc967520d\lib\jansi-native -Dmaven.multiModuleProjectDirectory=c:\api-orcamento-manipulado 
java_command: org.codehaus.plexus.classworlds.launcher.Launcher help:effective-pom -Doutput=effective-pom-6a1c3666-022e-49b5-a094-5a18113e729b.log
java_class_path (initial): C:\Users\luisa\.m2\wrapper\dists\apache-maven-3.9.14\ed7edd442f634ac1c1ef5ba2b61b6d690b5221091f1a8e1123f5fadcc967520d\boot\plexus-classworlds-2.9.0.jar
Launcher Type: SUN_STANDARD

[Global flags]
     intx CICompilerCount                          = 4                                         {product} {ergonomic}
     uint ConcGCThreads                            = 3                                         {product} {ergonomic}
     uint G1ConcRefinementThreads                  = 10                                        {product} {ergonomic}
   size_t G1HeapRegionSize                         = 1048576                                   {product} {ergonomic}
    uintx GCDrainStackTargetSize                   = 64                                        {product} {ergonomic}
   size_t InitialHeapSize                          = 132120576                                 {product} {ergonomic}
   size_t MarkStackSize                            = 4194304                                   {product} {ergonomic}
   size_t MaxHeapSize                              = 2099249152                                {product} {ergonomic}
   size_t MaxNewSize                               = 1259339776                                {product} {ergonomic}
   size_t MinHeapDeltaBytes                        = 1048576                                   {product} {ergonomic}
   size_t MinHeapSize                              = 8388608                                   {product} {ergonomic}
    uintx NonNMethodCodeHeapSize                   = 5839372                                {pd product} {ergonomic}
    uintx NonProfiledCodeHeapSize                  = 122909434                              {pd product} {ergonomic}
    uintx ProfiledCodeHeapSize                     = 122909434                              {pd product} {ergonomic}
    uintx ReservedCodeCacheSize                    = 251658240                              {pd product} {ergonomic}
     bool SegmentedCodeCache                       = true                                      {product} {ergonomic}
   size_t SoftMaxHeapSize                          = 2099249152                             {manageable} {ergonomic}
     bool UseCompressedClassPointers               = true                           {product lp64_product} {ergonomic}
     bool UseCompressedOops                        = true                           {product lp64_product} {ergonomic}
     bool UseG1GC                                  = true                                      {product} {ergonomic}
     bool UseLargePagesIndividualAllocation        = false                                  {pd product} {ergonomic}

Logging:
Log output configuration:
 #0: stdout all=warning uptime,level,tags
 #1: stderr all=off uptime,level,tags

Environment Variables:
JAVA_HOME=C:\Program Files\Eclipse Adoptium\jdk-17.0.15.6-hotspot
PATH=C:\Program Files\Eclipse Adoptium\jdk-17.0.15.6-hotspot\bin;C:\Program Files\Eclipse Adoptium\jdk-17.0.15.6-hotspot\bin;C:\Users\luisa\AppData\Local\Programs\Microsoft VS Code;C:\Program Files (x86)\Google\Chrome\Application;C:\Program Files\Eclipse Adoptium\jdk-17.0.15.6-hotspot\bin;C:\WINDOWS\system32;C:\WINDOWS;C:\WINDOWS\System32\Wbem;C:\WINDOWS\System32\WindowsPowerShell\v1.0\;C:\WINDOWS\System32\OpenSSH\;C:\Program Files (x86)\Common Files\Propellerhead Software\ReWire\;C:\Program Files\Common Files\Propellerhead Software\ReWire\;C:\Program Files\Git\cmd;C:\Program Files\heroku\bin;C:\Program Files\dotnet\;C:\maven\apache-maven-3.8.6\bin;C:\Program Files (x86)\NVIDIA Corporation\PhysX\Common;C:\Program Files\Csound6_x64\bin;C:\WINDOWS\system32;C:\WINDOWS;C:\WINDOWS\System32\Wbem;C:\WINDOWS\System32\WindowsPowerShell\v1.0\;C:\WINDOWS\System32\OpenSSH\;C:\Program Files\NVIDIA Corporation\NVIDIA app\NvDLISR;C:\Program Files\nodejs\;C:\Program Files\Docker\Docker\resources\bin;C:\Users\luisa\.cargo\bin;C:\Users\luisa\AppData\Local\Programs\Python\Python312\Scripts\;C:\Users\luisa\AppData\Local\Programs\Python\Python312\;C:\Users\luisa\AppData\Local\Programs\Python\Python314\Scripts\;C:\Users\luisa\AppData\Local\Programs\Python\Python314\;C:\Program Files\MySQL\MySQL Shell 8.0\bin\;C:\Users\luisa\AppData\Local\Microsoft\WindowsApps;C:\Users\luisa\AppData\Local\Programs\Microsoft VS Code\bin;C:\Program Files\heroku\bin;C:\Program Files\JetBrains\IntelliJ IDEA Community Edition 2022.1\bin;C:\MinGW\bin.;C:\Program Files (x86)\php8;C:\Program Files\MySQL\MySQL Server 8.0\bin;C:\Users\luisa\AppData\Local\Microsoft\WindowsApps;C:\Users\luisa\AppData\Local\Programs\Antigravity\bin;C:\Users\luisa\AppData\Roaming\npm
USERNAME=luisa
OS=Windows_NT
PROCESSOR_IDENTIFIER=Intel64 Family 6 Model 158 Stepping 10, GenuineIntel
TMP=C:\Users\luisa\AppData\Local\Temp
TEMP=C:\Users\luisa\AppData\Local\Temp



Periodic native trim disabled


---------------  S Y S T E M  ---------------

OS:
 Windows 11 , 64 bit Build 26100 (10.0.26100.8328)
OS uptime: 5 days 9:54 hours
Hyper-V role detected

CPU: total 12 (initial active 12) (6 cores per cpu, 2 threads per core) family 6 model 158 stepping 10 microcode 0xf0, cx8, cmov, fxsr, ht, mmx, 3dnowpref, sse, sse2, sse3, ssse3, sse4.1, sse4.2, popcnt, lzcnt, tsc, tscinvbit, avx, avx2, aes, erms, clmul, bmi1, bmi2, adx, fma, vzeroupper, clflush, clflushopt, hv
Processor Information for processor 0
  Max Mhz: 2592, Current Mhz: 2592, Mhz Limit: 2592
Processor Information for processor 1
  Max Mhz: 2592, Current Mhz: 2592, Mhz Limit: 2592
Processor Information for processor 2
  Max Mhz: 2592, Current Mhz: 2592, Mhz Limit: 2592
Processor Information for processor 3
  Max Mhz: 2592, Current Mhz: 2592, Mhz Limit: 2592
Processor Information for processor 4
  Max Mhz: 2592, Current Mhz: 2592, Mhz Limit: 2592
Processor Information for processor 5
  Max Mhz: 2592, Current Mhz: 2592, Mhz Limit: 2592
Processor Information for processor 6
  Max Mhz: 2592, Current Mhz: 2592, Mhz Limit: 2592
Processor Information for processor 7
  Max Mhz: 2592, Current Mhz: 1495, Mhz Limit: 2592
Processor Information for processor 8
  Max Mhz: 2592, Current Mhz: 2592, Mhz Limit: 2592
Processor Information for processor 9
  Max Mhz: 2592, Current Mhz: 2592, Mhz Limit: 2592
Processor Information for processor 10
  Max Mhz: 2592, Current Mhz: 1495, Mhz Limit: 2592
Processor Information for processor 11
  Max Mhz: 2592, Current Mhz: 2592, Mhz Limit: 2592

Memory: 4k page, system-wide physical 8002M (741M free)
TotalPageFile size 32578M (AvailPageFile size 19M)
current process WorkingSet (physical memory assigned to process): 154M, peak: 172M
current process commit charge ("private bytes"): 195M, peak: 265M

vm_info: OpenJDK 64-Bit Server VM (17.0.15+6) for windows-amd64 JRE (17.0.15+6), built on Apr 15 2025 21:25:47 by "admin" with MS VC++ 17.7 (VS2022)

END.
