#
# There is insufficient memory for the Java Runtime Environment to continue.
# Native memory allocation (malloc) failed to allocate 1136336 bytes. Error detail: Chunk::new
# Possible reasons:
#   The system is out of physical RAM or swap space
#   This process is running with CompressedOops enabled, and the Java Heap may be blocking the growth of the native heap
# Possible solutions:
#   Reduce memory load on the system
#   Increase physical memory or swap space
#   Check if swap backing store is full
#   Decrease Java heap size (-Xmx/-Xms)
#   Decrease number of Java threads
#   Decrease Java thread stack sizes (-Xss)
#   Set larger code cache with -XX:ReservedCodeCacheSize=
#   JVM is running with Unscaled Compressed Oops mode in which the Java heap is
#     placed in the first 4GB address space. The Java Heap base address is the
#     maximum limit for the native heap growth. Please use -XX:HeapBaseMinAddress
#     to set the Java Heap base and to place the Java Heap above 4GB virtual address.
# This output file may be truncated or incomplete.
#
#  Out of Memory Error (arena.cpp:168), pid=10568, tid=1232
#
# JRE version: OpenJDK Runtime Environment Temurin-21.0.10+7 (21.0.10+7) (build 21.0.10+7-LTS)
# Java VM: OpenJDK 64-Bit Server VM Temurin-21.0.10+7 (21.0.10+7-LTS, mixed mode, sharing, tiered, compressed oops, compressed class ptrs, parallel gc, windows-amd64)
# No core dump will be written. Minidumps are not enabled by default on client versions of Windows
#

---------------  S U M M A R Y ------------

Command Line: --add-modules=ALL-SYSTEM --add-opens=java.base/java.util=ALL-UNNAMED --add-opens=java.base/java.lang=ALL-UNNAMED --add-opens=java.base/sun.nio.fs=ALL-UNNAMED -Declipse.application=org.eclipse.jdt.ls.core.id1 -Dosgi.bundles.defaultStartLevel=4 -Declipse.product=org.eclipse.jdt.ls.core.product -Djava.import.generatesMetadataFilesAtProjectRoot=false -DDetectVMInstallationsJob.disabled=true -Dfile.encoding=utf8 -XX:+UseParallelGC -XX:GCTimeRatio=4 -XX:AdaptiveSizePolicyWeight=90 -Dsun.zip.disableMemoryMapping=true -Xmx2G -Xms100m -Xlog:disable -javaagent:c:\Users\luisa\.vscode\extensions\redhat.java-1.54.0-win32-x64\lombok\lombok-1.18.39-4050.jar -XX:+HeapDumpOnOutOfMemoryError -XX:HeapDumpPath=c:\Users\luisa\AppData\Roaming\Code\User\workspaceStorage\c39dd73e852d32c15b1d8e2e38c5d1a0\redhat.java -Daether.dependencyCollector.impl=bf c:\Users\luisa\.vscode\extensions\redhat.java-1.54.0-win32-x64\server\plugins\org.eclipse.equinox.launcher_1.7.100.v20251111-0406.jar -configuration c:\Users\luisa\AppData\Roaming\Code\User\globalStorage\redhat.java\1.54.0\config_win -data c:\Users\luisa\AppData\Roaming\Code\User\workspaceStorage\c39dd73e852d32c15b1d8e2e38c5d1a0\redhat.java\jdt_ws --pipe=\\.\pipe\lsp-b9779297f9da178e7eef59cdce8ee429-sock

Host: Intel(R) Core(TM) i7-9750H CPU @ 2.60GHz, 12 cores, 7G,  Windows 11 , 64 bit Build 26100 (10.0.26100.8328)
Time: Tue May 19 20:32:09 2026 Hora oficial do Brasil elapsed time: 10.963962 seconds (0d 0h 0m 10s)

---------------  T H R E A D  ---------------

Current thread (0x000002496abb8460):  JavaThread "C2 CompilerThread0" daemon [_thread_in_native, id=1232, stack(0x000000be5b100000,0x000000be5b200000) (1024K)]


Current CompileTask:
C2:10964 4068       4       org.lombokweb.asm.ClassReader::readMethod (1070 bytes)

Stack: [0x000000be5b100000,0x000000be5b200000]
Native frames: (J=compiled Java code, j=interpreted, Vv=VM code, C=native code)
V  [jvm.dll+0x6d7a39]
V  [jvm.dll+0x8b4b26]
V  [jvm.dll+0x8b70de]
V  [jvm.dll+0x8b77c3]
V  [jvm.dll+0x284346]
V  [jvm.dll+0xc66ed]
V  [jvm.dll+0xc6c31]
V  [jvm.dll+0x3bec01]
V  [jvm.dll+0x38b162]
V  [jvm.dll+0x38a5aa]
V  [jvm.dll+0x24c560]
V  [jvm.dll+0x24bb40]
V  [jvm.dll+0x1cb34e]
V  [jvm.dll+0x25b85d]
V  [jvm.dll+0x259dea]
V  [jvm.dll+0x3f857e]
V  [jvm.dll+0x85f59d]
V  [jvm.dll+0x6d626d]
C  [ucrtbase.dll+0x37b0]
C  [KERNEL32.DLL+0x2e957]
C  [ntdll.dll+0x427c]


---------------  P R O C E S S  ---------------

Threads class SMR info:
_java_thread_list=0x000002494b744d40, length=23, elements={
0x000002496aafc6d0, 0x000002496aba33a0, 0x000002497f4ee290, 0x000002496aba61f0,
0x000002496abab030, 0x000002496abaed40, 0x000002496abb1fa0, 0x000002496abb8460,
0x000002496abbc130, 0x0000024945b9c420, 0x0000024945b9cab0, 0x0000024945b9b070,
0x0000024945b9d140, 0x0000024945b9bd90, 0x0000024945b9d7d0, 0x0000024945b9de60,
0x0000024945b9b700, 0x0000024945c15240, 0x0000024945c158d0, 0x0000024945c186c0,
0x0000024945c16c80, 0x0000024945c193e0, 0x000002494c6f4820
}

Java Threads: ( => current thread )
  0x000002496aafc6d0 JavaThread "main"                              [_thread_blocked, id=20664, stack(0x000000be5a700000,0x000000be5a800000) (1024K)]
  0x000002496aba33a0 JavaThread "Reference Handler"          daemon [_thread_blocked, id=15236, stack(0x000000be5ab00000,0x000000be5ac00000) (1024K)]
  0x000002497f4ee290 JavaThread "Finalizer"                  daemon [_thread_blocked, id=22460, stack(0x000000be5ac00000,0x000000be5ad00000) (1024K)]
  0x000002496aba61f0 JavaThread "Signal Dispatcher"          daemon [_thread_blocked, id=2984, stack(0x000000be5ad00000,0x000000be5ae00000) (1024K)]
  0x000002496abab030 JavaThread "Attach Listener"            daemon [_thread_blocked, id=23380, stack(0x000000be5ae00000,0x000000be5af00000) (1024K)]
  0x000002496abaed40 JavaThread "Service Thread"             daemon [_thread_blocked, id=5776, stack(0x000000be5af00000,0x000000be5b000000) (1024K)]
  0x000002496abb1fa0 JavaThread "Monitor Deflation Thread"   daemon [_thread_blocked, id=12104, stack(0x000000be5b000000,0x000000be5b100000) (1024K)]
=>0x000002496abb8460 JavaThread "C2 CompilerThread0"         daemon [_thread_in_native, id=1232, stack(0x000000be5b100000,0x000000be5b200000) (1024K)]
  0x000002496abbc130 JavaThread "C1 CompilerThread0"         daemon [_thread_in_native, id=25188, stack(0x000000be5b200000,0x000000be5b300000) (1024K)]
  0x0000024945b9c420 JavaThread "Common-Cleaner"             daemon [_thread_blocked, id=17380, stack(0x000000be5b400000,0x000000be5b500000) (1024K)]
  0x0000024945b9cab0 JavaThread "Notification Thread"        daemon [_thread_blocked, id=23908, stack(0x000000be5b500000,0x000000be5b600000) (1024K)]
  0x0000024945b9b070 JavaThread "Active Thread: Equinox Container: 2dc7e283-eabc-44ed-98e8-099771b289b1"        [_thread_blocked, id=20844, stack(0x000000be5bd00000,0x000000be5be00000) (1024K)]
  0x0000024945b9d140 JavaThread "Refresh Thread: Equinox Container: 2dc7e283-eabc-44ed-98e8-099771b289b1" daemon [_thread_blocked, id=25500, stack(0x000000be5bf00000,0x000000be5c000000) (1024K)]
  0x0000024945b9bd90 JavaThread "Framework Event Dispatcher: Equinox Container: 2dc7e283-eabc-44ed-98e8-099771b289b1" daemon [_thread_blocked, id=15604, stack(0x000000be5c000000,0x000000be5c100000) (1024K)]
  0x0000024945b9d7d0 JavaThread "Start Level: Equinox Container: 2dc7e283-eabc-44ed-98e8-099771b289b1" daemon [_thread_in_native, id=24876, stack(0x000000be5c100000,0x000000be5c200000) (1024K)]
  0x0000024945b9de60 JavaThread "Bundle File Closer"         daemon [_thread_blocked, id=22904, stack(0x000000be5c400000,0x000000be5c500000) (1024K)]
  0x0000024945b9b700 JavaThread "SCR Component Actor"        daemon [_thread_blocked, id=18316, stack(0x000000be5b300000,0x000000be5b400000) (1024K)]
  0x0000024945c15240 JavaThread "Worker-JM"                         [_thread_blocked, id=5332, stack(0x000000be5b600000,0x000000be5b700000) (1024K)]
  0x0000024945c158d0 JavaThread "JNA Cleaner"                daemon [_thread_blocked, id=5996, stack(0x000000be5c600000,0x000000be5c700000) (1024K)]
  0x0000024945c186c0 JavaThread "Worker-0"                          [_thread_blocked, id=17992, stack(0x000000be5c700000,0x000000be5c800000) (1024K)]
  0x0000024945c16c80 JavaThread "Worker-1: Repository registry initialization"        [_thread_in_Java, id=2620, stack(0x000000be5c800000,0x000000be5c900000) (1024K)]
  0x0000024945c193e0 JavaThread "Worker-2"                          [_thread_blocked, id=23300, stack(0x000000be5c500000,0x000000be5c600000) (1024K)]
  0x000002494c6f4820 JavaThread "C2 CompilerThread1"         daemon [_thread_in_native, id=19860, stack(0x000000be5c900000,0x000000be5ca00000) (1024K)]
Total: 23

Other Threads:
  0x000002497f4d45a0 VMThread "VM Thread"                           [id=16244, stack(0x000000be5aa00000,0x000000be5ab00000) (1024K)]
  0x000002497f3cca00 WatcherThread "VM Periodic Task Thread"        [id=13256, stack(0x000000be5a900000,0x000000be5aa00000) (1024K)]
  0x000002496ab1bd50 WorkerThread "GC Thread#0"                     [id=14448, stack(0x000000be5a800000,0x000000be5a900000) (1024K)]
  0x0000024945d63ea0 WorkerThread "GC Thread#1"                     [id=11688, stack(0x000000be5b700000,0x000000be5b800000) (1024K)]
  0x000002494b4f4640 WorkerThread "GC Thread#2"                     [id=23948, stack(0x000000be5b800000,0x000000be5b900000) (1024K)]
  0x000002494b55e2c0 WorkerThread "GC Thread#3"                     [id=19900, stack(0x000000be5b900000,0x000000be5ba00000) (1024K)]
  0x0000024945d03670 WorkerThread "GC Thread#4"                     [id=23912, stack(0x000000be5ba00000,0x000000be5bb00000) (1024K)]
  0x0000024945d03a20 WorkerThread "GC Thread#5"                     [id=16912, stack(0x000000be5bb00000,0x000000be5bc00000) (1024K)]
  0x0000024945d03dd0 WorkerThread "GC Thread#6"                     [id=8392, stack(0x000000be5bc00000,0x000000be5bd00000) (1024K)]
  0x000002494b969e10 WorkerThread "GC Thread#7"                     [id=14932, stack(0x000000be5be00000,0x000000be5bf00000) (1024K)]
  0x000002494c06e7b0 WorkerThread "GC Thread#8"                     [id=8820, stack(0x000000be5c200000,0x000000be5c300000) (1024K)]
  0x000002494ba083a0 WorkerThread "GC Thread#9"                     [id=24200, stack(0x000000be5c300000,0x000000be5c400000) (1024K)]
Total: 12

Threads with active compile tasks:
C2 CompilerThread0  12037 4068       4       org.lombokweb.asm.ClassReader::readMethod (1070 bytes)
C1 CompilerThread0  12038 4138       3       org.codehaus.plexus.util.xml.pull.MXParser::nextImpl (1208 bytes)
C2 CompilerThread1  12038 4124   !   4       java.io.BufferedInputStream::read (69 bytes)
Total: 3

VM state: not at safepoint (normal execution)

VM Mutex/Monitor currently owned by a thread: None

Heap address: 0x0000000080000000, size: 2048 MB, Compressed Oops mode: 32-bit

CDS archive(s) mapped at: [0x0000024904000000-0x0000024904ba0000-0x0000024904ba0000), size 12189696, SharedBaseAddress: 0x0000024904000000, ArchiveRelocationMode: 1.
Compressed class space mapped at: 0x0000024905000000-0x0000024945000000, reserved size: 1073741824
Narrow klass base: 0x0000024904000000, Narrow klass shift: 0, Narrow klass range: 0x100000000

GC Precious Log:
 CardTable entry size: 512
 CPUs: 12 total, 12 available
 Memory: 8002M
 Large Page Support: Disabled
 NUMA Support: Disabled
 Compressed Oops: Enabled (32-bit)
 Alignments: Space 512K, Generation 512K, Heap 2M
 Heap Min Capacity: 100M
 Heap Initial Capacity: 100M
 Heap Max Capacity: 2G
 Pre-touch: Disabled
 Parallel Workers: 10

Heap:
 PSYoungGen      total 25088K, used 19100K [0x00000000d5580000, 0x00000000d7300000, 0x0000000100000000)
  eden space 23552K, 75% used [0x00000000d5580000,0x00000000d66c8298,0x00000000d6c80000)
  from space 1536K, 91% used [0x00000000d6e00000,0x00000000d6f5f118,0x00000000d6f80000)
  to   space 2560K, 0% used [0x00000000d7080000,0x00000000d7080000,0x00000000d7300000)
 ParOldGen       total 68608K, used 13364K [0x0000000080000000, 0x0000000084300000, 0x00000000d5580000)
  object space 68608K, 19% used [0x0000000080000000,0x0000000080d0d2c0,0x0000000084300000)
 Metaspace       used 27371K, committed 28352K, reserved 1114112K
  class space    used 2716K, committed 3136K, reserved 1048576K

Card table byte_map: [0x000002497e800000,0x000002497ec10000] _byte_map_base: 0x000002497e400000

Marking Bits: (ParMarkBitMap*) 0x00007ff89ada3450
 Begin Bits: [0x0000024900000000, 0x0000024902000000)
 End Bits:   [0x0000024902000000, 0x0000024904000000)

Polling page: 0x000002496abc0000

Metaspace:

Usage:
  Non-class:     24.08 MB used.
      Class:      2.65 MB used.
       Both:     26.73 MB used.

Virtual space:
  Non-class space:       64.00 MB reserved,      24.62 MB ( 38%) committed,  1 nodes.
      Class space:        1.00 GB reserved,       3.06 MB ( <1%) committed,  1 nodes.
             Both:        1.06 GB reserved,      27.69 MB (  3%) committed. 

Chunk freelists:
   Non-Class:  7.43 MB
       Class:  12.87 MB
        Both:  20.30 MB

MaxMetaspaceSize: unlimited
CompressedClassSpaceSize: 1.00 GB
Initial GC threshold: 21.00 MB
Current GC threshold: 35.00 MB
CDS: on
 - commit_granule_bytes: 65536.
 - commit_granule_words: 8192.
 - virtual_space_node_default_size: 8388608.
 - enlarge_chunks_in_place: 1.
 - use_allocation_guard: 0.


Internal statistics:

num_allocs_failed_limit: 3.
num_arena_births: 830.
num_arena_deaths: 14.
num_vsnodes_births: 2.
num_vsnodes_deaths: 0.
num_space_committed: 443.
num_space_uncommitted: 0.
num_chunks_returned_to_freelist: 17.
num_chunks_taken_from_freelist: 1981.
num_chunk_merges: 9.
num_chunk_splits: 1264.
num_chunks_enlarged: 755.
num_inconsistent_stats: 0.

CodeHeap 'non-profiled nmethods': size=120000Kb used=1859Kb max_used=1859Kb free=118140Kb
 bounds [0x00000249770e0000, 0x0000024977350000, 0x000002497e610000]
CodeHeap 'profiled nmethods': size=120000Kb used=8546Kb max_used=8546Kb free=111453Kb
 bounds [0x000002496f610000, 0x000002496fe70000, 0x0000024976b40000]
CodeHeap 'non-nmethods': size=5760Kb used=1334Kb max_used=1348Kb free=4425Kb
 bounds [0x0000024976b40000, 0x0000024976db0000, 0x00000249770e0000]
CodeCache: size=245760Kb, used=11739Kb, max_used=11753Kb, free=234018Kb
 total_blobs=4754, nmethods=4129, adapters=531, full_count=0
Compilation: enabled, stopped_count=0, restarted_count=0

Compilation events (20 events):
Event: 9.941 Thread 0x000002496abbc130 nmethod 4094 0x000002496fe4cc10 code [0x000002496fe4ce00, 0x000002496fe4d138]
Event: 9.941 Thread 0x000002496abbc130 4097       3       org.eclipse.core.internal.preferences.ImmutableMap$ArrayMap::put (138 bytes)
Event: 9.942 Thread 0x000002496abbc130 nmethod 4097 0x000002496fe4d390 code [0x000002496fe4d5c0, 0x000002496fe4dbf0]
Event: 9.942 Thread 0x000002496abbc130 4095       3       org.eclipse.core.runtime.ListenerList$ListenerListIterator::hasNext (16 bytes)
Event: 9.942 Thread 0x000002496abbc130 nmethod 4095 0x000002496fe4df10 code [0x000002496fe4e0c0, 0x000002496fe4e240]
Event: 9.942 Thread 0x000002496abbc130 4096       3       org.eclipse.core.internal.preferences.EclipsePreferences::put (43 bytes)
Event: 9.943 Thread 0x000002496abbc130 nmethod 4096 0x000002496fe4e310 code [0x000002496fe4e560, 0x000002496fe4efa0]
Event: 9.943 Thread 0x000002496abbc130 4100   !   3       org.eclipse.core.internal.preferences.EclipsePreferences::internalPut (87 bytes)
Event: 9.944 Thread 0x000002496abbc130 nmethod 4100 0x000002496fe4f310 code [0x000002496fe4f560, 0x000002496fe4fe00]
Event: 9.944 Thread 0x000002496abbc130 4098       3       org.eclipse.core.runtime.ListenerList::iterator (12 bytes)
Event: 9.944 Thread 0x000002496abbc130 nmethod 4098 0x000002496fe50390 code [0x000002496fe50540, 0x000002496fe50788]
Event: 9.944 Thread 0x000002496abbc130 4099       3       org.eclipse.core.runtime.ListenerList$ListenerListIterator::<init> (10 bytes)
Event: 9.944 Thread 0x000002496abbc130 nmethod 4099 0x000002496fe50890 code [0x000002496fe50a40, 0x000002496fe50bc8]
Event: 9.944 Thread 0x000002496abbc130 4101       3       org.eclipse.core.runtime.preferences.IEclipsePreferences$PreferenceChangeEvent::<init> (41 bytes)
Event: 9.945 Thread 0x000002496abbc130 nmethod 4101 0x000002496fe50c90 code [0x000002496fe50e80, 0x000002496fe513f0]
Event: 9.945 Thread 0x000002496abbc130 4103       3       org.eclipse.core.internal.preferences.EclipsePreferences::firePreferenceEvent (60 bytes)
Event: 9.946 Thread 0x000002496abbc130 nmethod 4103 0x000002496fe51590 code [0x000002496fe518e0, 0x000002496fe52b48]
Event: 9.947 Thread 0x000002496abbc130 4102   !   3       org.eclipse.core.internal.preferences.EclipsePreferences::getChild (92 bytes)
Event: 9.947 Thread 0x000002496abbc130 nmethod 4102 0x000002496fe53290 code [0x000002496fe534c0, 0x000002496fe53de0]
Event: 9.947 Thread 0x000002496abbc130 4104       3       org.eclipse.core.internal.preferences.EclipsePreferences::absolutePath (79 bytes)

GC Heap History (20 events):
Event: 1.560 GC heap before
{Heap before GC invocations=1 (full 0):
 PSYoungGen      total 29696K, used 25600K [0x00000000d5580000, 0x00000000d7680000, 0x0000000100000000)
  eden space 25600K, 100% used [0x00000000d5580000,0x00000000d6e80000,0x00000000d6e80000)
  from space 4096K, 0% used [0x00000000d7280000,0x00000000d7280000,0x00000000d7680000)
  to   space 4096K, 0% used [0x00000000d6e80000,0x00000000d6e80000,0x00000000d7280000)
 ParOldGen       total 68608K, used 0K [0x0000000080000000, 0x0000000084300000, 0x00000000d5580000)
  object space 68608K, 0% used [0x0000000080000000,0x0000000080000000,0x0000000084300000)
 Metaspace       used 4344K, committed 4608K, reserved 1114112K
  class space    used 473K, committed 576K, reserved 1048576K
}
Event: 1.569 GC heap after
{Heap after GC invocations=1 (full 0):
 PSYoungGen      total 29696K, used 3312K [0x00000000d5580000, 0x00000000d7680000, 0x0000000100000000)
  eden space 25600K, 0% used [0x00000000d5580000,0x00000000d5580000,0x00000000d6e80000)
  from space 4096K, 80% used [0x00000000d6e80000,0x00000000d71bc148,0x00000000d7280000)
  to   space 4096K, 0% used [0x00000000d7280000,0x00000000d7280000,0x00000000d7680000)
 ParOldGen       total 68608K, used 16K [0x0000000080000000, 0x0000000084300000, 0x00000000d5580000)
  object space 68608K, 0% used [0x0000000080000000,0x0000000080004000,0x0000000084300000)
 Metaspace       used 4344K, committed 4608K, reserved 1114112K
  class space    used 473K, committed 576K, reserved 1048576K
}
Event: 2.538 GC heap before
{Heap before GC invocations=2 (full 0):
 PSYoungGen      total 29696K, used 28912K [0x00000000d5580000, 0x00000000d7680000, 0x0000000100000000)
  eden space 25600K, 100% used [0x00000000d5580000,0x00000000d6e80000,0x00000000d6e80000)
  from space 4096K, 80% used [0x00000000d6e80000,0x00000000d71bc148,0x00000000d7280000)
  to   space 4096K, 0% used [0x00000000d7280000,0x00000000d7280000,0x00000000d7680000)
 ParOldGen       total 68608K, used 16K [0x0000000080000000, 0x0000000084300000, 0x00000000d5580000)
  object space 68608K, 0% used [0x0000000080000000,0x0000000080004000,0x0000000084300000)
 Metaspace       used 7991K, committed 8256K, reserved 1114112K
  class space    used 830K, committed 960K, reserved 1048576K
}
Event: 2.547 GC heap after
{Heap after GC invocations=2 (full 0):
 PSYoungGen      total 29696K, used 4070K [0x00000000d5580000, 0x00000000d7680000, 0x0000000100000000)
  eden space 25600K, 0% used [0x00000000d5580000,0x00000000d5580000,0x00000000d6e80000)
  from space 4096K, 99% used [0x00000000d7280000,0x00000000d7679800,0x00000000d7680000)
  to   space 4096K, 0% used [0x00000000d6e80000,0x00000000d6e80000,0x00000000d7280000)
 ParOldGen       total 68608K, used 2081K [0x0000000080000000, 0x0000000084300000, 0x00000000d5580000)
  object space 68608K, 3% used [0x0000000080000000,0x0000000080208648,0x0000000084300000)
 Metaspace       used 7991K, committed 8256K, reserved 1114112K
  class space    used 830K, committed 960K, reserved 1048576K
}
Event: 3.105 GC heap before
{Heap before GC invocations=3 (full 0):
 PSYoungGen      total 29696K, used 29670K [0x00000000d5580000, 0x00000000d7680000, 0x0000000100000000)
  eden space 25600K, 100% used [0x00000000d5580000,0x00000000d6e80000,0x00000000d6e80000)
  from space 4096K, 99% used [0x00000000d7280000,0x00000000d7679800,0x00000000d7680000)
  to   space 4096K, 0% used [0x00000000d6e80000,0x00000000d6e80000,0x00000000d7280000)
 ParOldGen       total 68608K, used 2081K [0x0000000080000000, 0x0000000084300000, 0x00000000d5580000)
  object space 68608K, 3% used [0x0000000080000000,0x0000000080208648,0x0000000084300000)
 Metaspace       used 9429K, committed 9792K, reserved 1114112K
  class space    used 1009K, committed 1152K, reserved 1048576K
}
Event: 3.115 GC heap after
{Heap after GC invocations=3 (full 0):
 PSYoungGen      total 29696K, used 4077K [0x00000000d5580000, 0x00000000d7680000, 0x0000000100000000)
  eden space 25600K, 0% used [0x00000000d5580000,0x00000000d5580000,0x00000000d6e80000)
  from space 4096K, 99% used [0x00000000d6e80000,0x00000000d727b548,0x00000000d7280000)
  to   space 4096K, 0% used [0x00000000d7280000,0x00000000d7280000,0x00000000d7680000)
 ParOldGen       total 68608K, used 5201K [0x0000000080000000, 0x0000000084300000, 0x00000000d5580000)
  object space 68608K, 7% used [0x0000000080000000,0x0000000080514638,0x0000000084300000)
 Metaspace       used 9429K, committed 9792K, reserved 1114112K
  class space    used 1009K, committed 1152K, reserved 1048576K
}
Event: 5.626 GC heap before
{Heap before GC invocations=4 (full 0):
 PSYoungGen      total 29696K, used 29677K [0x00000000d5580000, 0x00000000d7680000, 0x0000000100000000)
  eden space 25600K, 100% used [0x00000000d5580000,0x00000000d6e80000,0x00000000d6e80000)
  from space 4096K, 99% used [0x00000000d6e80000,0x00000000d727b548,0x00000000d7280000)
  to   space 4096K, 0% used [0x00000000d7280000,0x00000000d7280000,0x00000000d7680000)
 ParOldGen       total 68608K, used 5201K [0x0000000080000000, 0x0000000084300000, 0x00000000d5580000)
  object space 68608K, 7% used [0x0000000080000000,0x0000000080514638,0x0000000084300000)
 Metaspace       used 11635K, committed 12032K, reserved 1114112K
  class space    used 1231K, committed 1408K, reserved 1048576K
}
Event: 5.634 GC heap after
{Heap after GC invocations=4 (full 0):
 PSYoungGen      total 29696K, used 4082K [0x00000000d5580000, 0x00000000d7680000, 0x0000000100000000)
  eden space 25600K, 0% used [0x00000000d5580000,0x00000000d5580000,0x00000000d6e80000)
  from space 4096K, 99% used [0x00000000d7280000,0x00000000d767cba8,0x00000000d7680000)
  to   space 4096K, 0% used [0x00000000d6e80000,0x00000000d6e80000,0x00000000d7280000)
 ParOldGen       total 68608K, used 6807K [0x0000000080000000, 0x0000000084300000, 0x00000000d5580000)
  object space 68608K, 9% used [0x0000000080000000,0x00000000806a5e88,0x0000000084300000)
 Metaspace       used 11635K, committed 12032K, reserved 1114112K
  class space    used 1231K, committed 1408K, reserved 1048576K
}
Event: 7.723 GC heap before
{Heap before GC invocations=5 (full 0):
 PSYoungGen      total 29696K, used 29682K [0x00000000d5580000, 0x00000000d7680000, 0x0000000100000000)
  eden space 25600K, 100% used [0x00000000d5580000,0x00000000d6e80000,0x00000000d6e80000)
  from space 4096K, 99% used [0x00000000d7280000,0x00000000d767cba8,0x00000000d7680000)
  to   space 4096K, 0% used [0x00000000d6e80000,0x00000000d6e80000,0x00000000d7280000)
 ParOldGen       total 68608K, used 6807K [0x0000000080000000, 0x0000000084300000, 0x00000000d5580000)
  object space 68608K, 9% used [0x0000000080000000,0x00000000806a5e88,0x0000000084300000)
 Metaspace       used 15539K, committed 16128K, reserved 1114112K
  class space    used 1622K, committed 1920K, reserved 1048576K
}
Event: 7.731 GC heap after
{Heap after GC invocations=5 (full 0):
 PSYoungGen      total 29184K, used 4095K [0x00000000d5580000, 0x00000000d7900000, 0x0000000100000000)
  eden space 25088K, 0% used [0x00000000d5580000,0x00000000d5580000,0x00000000d6e00000)
  from space 4096K, 99% used [0x00000000d6e80000,0x00000000d727fe20,0x00000000d7280000)
  to   space 5632K, 0% used [0x00000000d7380000,0x00000000d7380000,0x00000000d7900000)
 ParOldGen       total 68608K, used 7917K [0x0000000080000000, 0x0000000084300000, 0x00000000d5580000)
  object space 68608K, 11% used [0x0000000080000000,0x00000000807bb7b8,0x0000000084300000)
 Metaspace       used 15539K, committed 16128K, reserved 1114112K
  class space    used 1622K, committed 1920K, reserved 1048576K
}
Event: 8.527 GC heap before
{Heap before GC invocations=6 (full 0):
 PSYoungGen      total 29184K, used 29183K [0x00000000d5580000, 0x00000000d7900000, 0x0000000100000000)
  eden space 25088K, 100% used [0x00000000d5580000,0x00000000d6e00000,0x00000000d6e00000)
  from space 4096K, 99% used [0x00000000d6e80000,0x00000000d727fe20,0x00000000d7280000)
  to   space 5632K, 0% used [0x00000000d7380000,0x00000000d7380000,0x00000000d7900000)
 ParOldGen       total 68608K, used 7917K [0x0000000080000000, 0x0000000084300000, 0x00000000d5580000)
  object space 68608K, 11% used [0x0000000080000000,0x00000000807bb7b8,0x0000000084300000)
 Metaspace       used 18677K, committed 19392K, reserved 1114112K
  class space    used 1969K, committed 2240K, reserved 1048576K
}
Event: 8.532 GC heap after
{Heap after GC invocations=6 (full 0):
 PSYoungGen      total 30208K, used 5209K [0x00000000d5580000, 0x00000000d7900000, 0x0000000100000000)
  eden space 24576K, 0% used [0x00000000d5580000,0x00000000d5580000,0x00000000d6d80000)
  from space 5632K, 92% used [0x00000000d7380000,0x00000000d78965d8,0x00000000d7900000)
  to   space 5632K, 0% used [0x00000000d6e00000,0x00000000d6e00000,0x00000000d7380000)
 ParOldGen       total 68608K, used 7925K [0x0000000080000000, 0x0000000084300000, 0x00000000d5580000)
  object space 68608K, 11% used [0x0000000080000000,0x00000000807bd7b8,0x0000000084300000)
 Metaspace       used 18677K, committed 19392K, reserved 1114112K
  class space    used 1969K, committed 2240K, reserved 1048576K
}
Event: 8.928 GC heap before
{Heap before GC invocations=7 (full 0):
 PSYoungGen      total 30208K, used 24003K [0x00000000d5580000, 0x00000000d7900000, 0x0000000100000000)
  eden space 24576K, 76% used [0x00000000d5580000,0x00000000d67da9b0,0x00000000d6d80000)
  from space 5632K, 92% used [0x00000000d7380000,0x00000000d78965d8,0x00000000d7900000)
  to   space 5632K, 0% used [0x00000000d6e00000,0x00000000d6e00000,0x00000000d7380000)
 ParOldGen       total 68608K, used 7925K [0x0000000080000000, 0x0000000084300000, 0x00000000d5580000)
  object space 68608K, 11% used [0x0000000080000000,0x00000000807bd7b8,0x0000000084300000)
 Metaspace       used 20595K, committed 21504K, reserved 1114112K
  class space    used 2205K, committed 2624K, reserved 1048576K
}
Event: 8.933 GC heap after
{Heap after GC invocations=7 (full 0):
 PSYoungGen      total 29184K, used 4595K [0x00000000d5580000, 0x00000000d7780000, 0x0000000100000000)
  eden space 24576K, 0% used [0x00000000d5580000,0x00000000d5580000,0x00000000d6d80000)
  from space 4608K, 99% used [0x00000000d6e00000,0x00000000d727cd20,0x00000000d7280000)
  to   space 5120K, 0% used [0x00000000d7280000,0x00000000d7280000,0x00000000d7780000)
 ParOldGen       total 68608K, used 9401K [0x0000000080000000, 0x0000000084300000, 0x00000000d5580000)
  object space 68608K, 13% used [0x0000000080000000,0x000000008092e790,0x0000000084300000)
 Metaspace       used 20595K, committed 21504K, reserved 1114112K
  class space    used 2205K, committed 2624K, reserved 1048576K
}
Event: 8.933 GC heap before
{Heap before GC invocations=8 (full 1):
 PSYoungGen      total 29184K, used 4595K [0x00000000d5580000, 0x00000000d7780000, 0x0000000100000000)
  eden space 24576K, 0% used [0x00000000d5580000,0x00000000d5580000,0x00000000d6d80000)
  from space 4608K, 99% used [0x00000000d6e00000,0x00000000d727cd20,0x00000000d7280000)
  to   space 5120K, 0% used [0x00000000d7280000,0x00000000d7280000,0x00000000d7780000)
 ParOldGen       total 68608K, used 9401K [0x0000000080000000, 0x0000000084300000, 0x00000000d5580000)
  object space 68608K, 13% used [0x0000000080000000,0x000000008092e790,0x0000000084300000)
 Metaspace       used 20595K, committed 21504K, reserved 1114112K
  class space    used 2205K, committed 2624K, reserved 1048576K
}
Event: 8.979 GC heap after
{Heap after GC invocations=8 (full 1):
 PSYoungGen      total 29184K, used 0K [0x00000000d5580000, 0x00000000d7780000, 0x0000000100000000)
  eden space 24576K, 0% used [0x00000000d5580000,0x00000000d5580000,0x00000000d6d80000)
  from space 4608K, 0% used [0x00000000d6e00000,0x00000000d6e00000,0x00000000d7280000)
  to   space 5120K, 0% used [0x00000000d7280000,0x00000000d7280000,0x00000000d7780000)
 ParOldGen       total 68608K, used 13356K [0x0000000080000000, 0x0000000084300000, 0x00000000d5580000)
  object space 68608K, 19% used [0x0000000080000000,0x0000000080d0b2c0,0x0000000084300000)
 Metaspace       used 20582K, committed 21504K, reserved 1114112K
  class space    used 2201K, committed 2624K, reserved 1048576K
}
Event: 9.294 GC heap before
{Heap before GC invocations=9 (full 1):
 PSYoungGen      total 29184K, used 24576K [0x00000000d5580000, 0x00000000d7780000, 0x0000000100000000)
  eden space 24576K, 100% used [0x00000000d5580000,0x00000000d6d80000,0x00000000d6d80000)
  from space 4608K, 0% used [0x00000000d6e00000,0x00000000d6e00000,0x00000000d7280000)
  to   space 5120K, 0% used [0x00000000d7280000,0x00000000d7280000,0x00000000d7780000)
 ParOldGen       total 68608K, used 13356K [0x0000000080000000, 0x0000000084300000, 0x00000000d5580000)
  object space 68608K, 19% used [0x0000000080000000,0x0000000080d0b2c0,0x0000000084300000)
 Metaspace       used 22440K, committed 23360K, reserved 1114112K
  class space    used 2367K, committed 2752K, reserved 1048576K
}
Event: 9.296 GC heap after
{Heap after GC invocations=9 (full 1):
 PSYoungGen      total 27648K, used 3373K [0x00000000d5580000, 0x00000000d7600000, 0x0000000100000000)
  eden space 24064K, 0% used [0x00000000d5580000,0x00000000d5580000,0x00000000d6d00000)
  from space 3584K, 94% used [0x00000000d7280000,0x00000000d75cb790,0x00000000d7600000)
  to   space 4096K, 0% used [0x00000000d6e00000,0x00000000d6e00000,0x00000000d7200000)
 ParOldGen       total 68608K, used 13364K [0x0000000080000000, 0x0000000084300000, 0x00000000d5580000)
  object space 68608K, 19% used [0x0000000080000000,0x0000000080d0d2c0,0x0000000084300000)
 Metaspace       used 22440K, committed 23360K, reserved 1114112K
  class space    used 2367K, committed 2752K, reserved 1048576K
}
Event: 9.859 GC heap before
{Heap before GC invocations=10 (full 1):
 PSYoungGen      total 27648K, used 27437K [0x00000000d5580000, 0x00000000d7600000, 0x0000000100000000)
  eden space 24064K, 100% used [0x00000000d5580000,0x00000000d6d00000,0x00000000d6d00000)
  from space 3584K, 94% used [0x00000000d7280000,0x00000000d75cb790,0x00000000d7600000)
  to   space 4096K, 0% used [0x00000000d6e00000,0x00000000d6e00000,0x00000000d7200000)
 ParOldGen       total 68608K, used 13364K [0x0000000080000000, 0x0000000084300000, 0x00000000d5580000)
  object space 68608K, 19% used [0x0000000080000000,0x0000000080d0d2c0,0x0000000084300000)
 Metaspace       used 26390K, committed 27392K, reserved 1114112K
  class space    used 2654K, committed 3072K, reserved 1048576K
}
Event: 9.862 GC heap after
{Heap after GC invocations=10 (full 1):
 PSYoungGen      total 25088K, used 1404K [0x00000000d5580000, 0x00000000d7300000, 0x0000000100000000)
  eden space 23552K, 0% used [0x00000000d5580000,0x00000000d5580000,0x00000000d6c80000)
  from space 1536K, 91% used [0x00000000d6e00000,0x00000000d6f5f118,0x00000000d6f80000)
  to   space 2560K, 0% used [0x00000000d7080000,0x00000000d7080000,0x00000000d7300000)
 ParOldGen       total 68608K, used 13364K [0x0000000080000000, 0x0000000084300000, 0x00000000d5580000)
  object space 68608K, 19% used [0x0000000080000000,0x0000000080d0d2c0,0x0000000084300000)
 Metaspace       used 26390K, committed 27392K, reserved 1114112K
  class space    used 2654K, committed 3072K, reserved 1048576K
}

Dll operation events (10 events):
Event: 0.026 Loaded shared library c:\Users\luisa\.vscode\extensions\redhat.java-1.54.0-win32-x64\jre\21.0.10-win32-x86_64\bin\java.dll
Event: 0.162 Loaded shared library c:\Users\luisa\.vscode\extensions\redhat.java-1.54.0-win32-x64\jre\21.0.10-win32-x86_64\bin\zip.dll
Event: 0.240 Loaded shared library C:\Users\luisa\.vscode\extensions\redhat.java-1.54.0-win32-x64\jre\21.0.10-win32-x86_64\bin\instrument.dll
Event: 0.268 Loaded shared library C:\Users\luisa\.vscode\extensions\redhat.java-1.54.0-win32-x64\jre\21.0.10-win32-x86_64\bin\net.dll
Event: 0.271 Loaded shared library C:\Users\luisa\.vscode\extensions\redhat.java-1.54.0-win32-x64\jre\21.0.10-win32-x86_64\bin\nio.dll
Event: 0.278 Loaded shared library C:\Users\luisa\.vscode\extensions\redhat.java-1.54.0-win32-x64\jre\21.0.10-win32-x86_64\bin\zip.dll
Event: 0.363 Loaded shared library C:\Users\luisa\.vscode\extensions\redhat.java-1.54.0-win32-x64\jre\21.0.10-win32-x86_64\bin\jimage.dll
Event: 0.525 Loaded shared library c:\Users\luisa\.vscode\extensions\redhat.java-1.54.0-win32-x64\jre\21.0.10-win32-x86_64\bin\verify.dll
Event: 2.582 Loaded shared library C:\Users\luisa\AppData\Roaming\Code\User\globalStorage\redhat.java\1.54.0\config_win\org.eclipse.equinox.launcher\org.eclipse.equinox.launcher.win32.win32.x86_64_1.3.0.v20260203-2149\eclipse_11919.dll
Event: 8.001 Loaded shared library C:\Users\luisa\AppData\Local\Temp\jna-103330382\jna16454827120559860243.dll

Deoptimization events (20 events):
Event: 9.034 Thread 0x0000024945b9d7d0 DEOPT PACKING pc=0x000002496fc17439 sp=0x000000be5c1f2240
Event: 9.034 Thread 0x0000024945b9d7d0 DEOPT UNPACKING pc=0x0000024976b94242 sp=0x000000be5c1f16d8 mode 0
Event: 9.255 Thread 0x0000024945b9d7d0 Uncommon trap: trap_request=0xffffff45 fr.pc=0x00000249772a6d34 relative=0x00000000000008b4
Event: 9.255 Thread 0x0000024945b9d7d0 Uncommon trap: reason=unstable_if action=reinterpret pc=0x00000249772a6d34 method=org.lombokweb.asm.ClassReader.readUTF8(I[C)Ljava/lang/String; @ 11 c2
Event: 9.255 Thread 0x0000024945b9d7d0 DEOPT PACKING pc=0x00000249772a6d34 sp=0x000000be5c1efb00
Event: 9.255 Thread 0x0000024945b9d7d0 DEOPT UNPACKING pc=0x0000024976b93aa2 sp=0x000000be5c1efb08 mode 2
Event: 9.318 Thread 0x0000024945b9d7d0 DEOPT PACKING pc=0x000002496fc00f3e sp=0x000000be5c1f9700
Event: 9.319 Thread 0x0000024945b9d7d0 DEOPT UNPACKING pc=0x0000024976b94242 sp=0x000000be5c1f8c40 mode 0
Event: 9.320 Thread 0x0000024945b9d7d0 DEOPT PACKING pc=0x000002496fc00f3e sp=0x000000be5c1f9700
Event: 9.320 Thread 0x0000024945b9d7d0 DEOPT UNPACKING pc=0x0000024976b94242 sp=0x000000be5c1f8c40 mode 0
Event: 9.321 Thread 0x0000024945b9d7d0 DEOPT PACKING pc=0x000002496fc00f3e sp=0x000000be5c1f9700
Event: 9.321 Thread 0x0000024945b9d7d0 DEOPT UNPACKING pc=0x0000024976b94242 sp=0x000000be5c1f8c40 mode 0
Event: 9.724 Thread 0x0000024945b9d7d0 Uncommon trap: trap_request=0xffffff45 fr.pc=0x00000249772af704 relative=0x0000000000000164
Event: 9.724 Thread 0x0000024945b9d7d0 Uncommon trap: reason=unstable_if action=reinterpret pc=0x00000249772af704 method=org.lombokweb.asm.ByteVector.putByteArray([BII)Lorg/lombokweb/asm/ByteVector; @ 20 c2
Event: 9.724 Thread 0x0000024945b9d7d0 DEOPT PACKING pc=0x00000249772af704 sp=0x000000be5c1f2c90
Event: 9.724 Thread 0x0000024945b9d7d0 DEOPT UNPACKING pc=0x0000024976b93aa2 sp=0x000000be5c1f2c60 mode 2
Event: 9.725 Thread 0x0000024945b9d7d0 Uncommon trap: trap_request=0xffffff45 fr.pc=0x00000249772af050 relative=0x0000000000000390
Event: 9.725 Thread 0x0000024945b9d7d0 Uncommon trap: reason=unstable_if action=reinterpret pc=0x00000249772af050 method=org.lombokweb.asm.Label.resolve([BLorg/lombokweb/asm/ByteVector;I)Z @ 81 c2
Event: 9.725 Thread 0x0000024945b9d7d0 DEOPT PACKING pc=0x00000249772af050 sp=0x000000be5c1f2d20
Event: 9.725 Thread 0x0000024945b9d7d0 DEOPT UNPACKING pc=0x0000024976b93aa2 sp=0x000000be5c1f2c28 mode 2

Classes loaded (20 events):
Event: 9.180 Loading class java/util/zip/GZIPInputStream
Event: 9.180 Loading class java/util/zip/GZIPInputStream done
Event: 9.181 Loading class java/io/StringReader
Event: 9.181 Loading class java/io/StringReader done
Event: 9.219 Loading class java/net/SocketTimeoutException
Event: 9.219 Loading class java/io/InterruptedIOException
Event: 9.219 Loading class java/io/InterruptedIOException done
Event: 9.219 Loading class java/net/SocketTimeoutException done
Event: 9.219 Loading class java/net/SocketException
Event: 9.219 Loading class java/net/SocketException done
Event: 9.219 Loading class java/net/UnknownHostException
Event: 9.219 Loading class java/net/UnknownHostException done
Event: 9.219 Loading class java/net/ProtocolException
Event: 9.219 Loading class java/net/ProtocolException done
Event: 9.240 Loading class java/lang/ThreadLocal$SuppliedThreadLocal
Event: 9.241 Loading class java/lang/ThreadLocal$SuppliedThreadLocal done
Event: 9.246 Loading class java/io/FileWriter
Event: 9.246 Loading class java/io/FileWriter done
Event: 9.315 Loading class java/lang/NegativeArraySizeException
Event: 9.315 Loading class java/lang/NegativeArraySizeException done

Classes unloaded (7 events):
Event: 8.940 Thread 0x000002497f4d45a0 Unloading class 0x00000249051acc00 'java/lang/invoke/LambdaForm$MH+0x00000249051acc00'
Event: 8.940 Thread 0x000002497f4d45a0 Unloading class 0x00000249051ac800 'java/lang/invoke/LambdaForm$MH+0x00000249051ac800'
Event: 8.940 Thread 0x000002497f4d45a0 Unloading class 0x00000249051ac400 'java/lang/invoke/LambdaForm$MH+0x00000249051ac400'
Event: 8.940 Thread 0x000002497f4d45a0 Unloading class 0x00000249051ac000 'java/lang/invoke/LambdaForm$MH+0x00000249051ac000'
Event: 8.940 Thread 0x000002497f4d45a0 Unloading class 0x00000249051abc00 'java/lang/invoke/LambdaForm$BMH+0x00000249051abc00'
Event: 8.940 Thread 0x000002497f4d45a0 Unloading class 0x00000249051ab800 'java/lang/invoke/LambdaForm$DMH+0x00000249051ab800'
Event: 8.940 Thread 0x000002497f4d45a0 Unloading class 0x00000249051aa400 'java/lang/invoke/LambdaForm$DMH+0x00000249051aa400'

Classes redefined (0 events):
No events

Internal exceptions (20 events):
Event: 8.863 Thread 0x0000024945b9d7d0 Exception <a 'java/lang/NoSuchMethodError'{0x00000000d6646d98}: 'java.lang.Object java.lang.invoke.DirectMethodHandle$Holder.invokeStaticInit(java.lang.Object, java.lang.Object, java.lang.Object, java.lang.Object, java.lang.Object, java.lang.Object, java.lang.Object)'> (0x00000000d6646d98) 
thrown [s\src\hotspot\share\interpreter\linkResolver.cpp, line 773]
Event: 8.864 Thread 0x0000024945b9d7d0 Exception <a 'java/lang/NoSuchMethodError'{0x00000000d664c538}: 'java.lang.Object java.lang.invoke.Invokers$Holder.invoke_MT(java.lang.Object, java.lang.Object, java.lang.Object, java.lang.Object, java.lang.Object, java.lang.Object, java.lang.Object, java.lang.Object, java.lang.Object)'> (0x00000000d664c538) 
thrown [s\src\hotspot\share\interpreter\linkResolver.cpp, line 773]
Event: 8.868 Thread 0x0000024945b9d7d0 Exception <a 'java/lang/NoSuchMethodError'{0x00000000d6681468}: 'int java.lang.invoke.DirectMethodHandle$Holder.invokeVirtual(java.lang.Object, java.lang.Object, java.lang.Object)'> (0x00000000d6681468) 
thrown [s\src\hotspot\share\interpreter\linkResolver.cpp, line 773]
Event: 8.868 Thread 0x0000024945b9d7d0 Exception <a 'java/lang/NoSuchMethodError'{0x00000000d6686400}: 'int java.lang.invoke.DirectMethodHandle$Holder.invokeStaticInit(java.lang.Object, int, int)'> (0x00000000d6686400) 
thrown [s\src\hotspot\share\interpreter\linkResolver.cpp, line 773]
Event: 8.869 Thread 0x0000024945b9d7d0 Exception <a 'java/lang/NoSuchMethodError'{0x00000000d668e788}: 'int java.lang.invoke.DirectMethodHandle$Holder.invokeStaticInit(java.lang.Object, long, long)'> (0x00000000d668e788) 
thrown [s\src\hotspot\share\interpreter\linkResolver.cpp, line 773]
Event: 8.870 Thread 0x0000024945b9d7d0 Exception <a 'java/lang/NoSuchMethodError'{0x00000000d6696140}: 'int java.lang.invoke.DirectMethodHandle$Holder.invokeStaticInit(java.lang.Object, float, float)'> (0x00000000d6696140) 
thrown [s\src\hotspot\share\interpreter\linkResolver.cpp, line 773]
Event: 8.870 Thread 0x0000024945b9d7d0 Exception <a 'java/lang/NoSuchMethodError'{0x00000000d669de18}: 'int java.lang.invoke.DirectMethodHandle$Holder.invokeStaticInit(java.lang.Object, double, double)'> (0x00000000d669de18) 
thrown [s\src\hotspot\share\interpreter\linkResolver.cpp, line 773]
Event: 8.871 Thread 0x0000024945b9d7d0 Exception <a 'java/lang/NoSuchMethodError'{0x00000000d66a3230}: 'int java.lang.invoke.DirectMethodHandle$Holder.invokeStatic(java.lang.Object, long)'> (0x00000000d66a3230) 
thrown [s\src\hotspot\share\interpreter\linkResolver.cpp, line 773]
Event: 8.877 Thread 0x0000024945b9d7d0 Exception <a 'java/lang/NoSuchMethodError'{0x00000000d66c7ec8}: 'int java.lang.invoke.Invokers$Holder.linkToTargetMethod(java.lang.Object, java.lang.Object)'> (0x00000000d66c7ec8) 
thrown [s\src\hotspot\share\interpreter\linkResolver.cpp, line 773]
Event: 8.923 Thread 0x0000024945b9d7d0 Exception <a 'java/lang/NoSuchMethodError'{0x00000000d67b26e0}: 'java.lang.Object java.lang.invoke.Invokers$Holder.invoke_MT(java.lang.Object, java.lang.Object, java.lang.Object, java.lang.Object, java.lang.Object, java.lang.Object, java.lang.Object, java.lang.Object, java.lang.Object, java.lang.Object, java.lang.Object)'> (0x00000000d67b26e0) 
thrown [s\src\hotspot\share\interpreter\linkResolver.cpp, line 773]
Event: 8.994 Thread 0x0000024945b9d7d0 Exception <a 'java/lang/NoSuchMethodError'{0x00000000d55e74d0}: 'java.lang.Object java.lang.invoke.Invokers$Holder.invoke_MT(java.lang.Object, java.lang.Object, java.lang.Object, java.lang.Object, java.lang.Object, java.lang.Object, java.lang.Object, java.lang.Object, java.lang.Object, java.lang.Object)'> (0x00000000d55e74d0) 
thrown [s\src\hotspot\share\interpreter\linkResolver.cpp, line 773]
Event: 9.011 Thread 0x0000024945b9d7d0 Exception <a 'java/lang/NoSuchMethodError'{0x00000000d56a29c8}: 'java.lang.Object java.lang.invoke.DirectMethodHandle$Holder.newInvokeSpecial(java.lang.Object, java.lang.Object, java.lang.Object, java.lang.Object, java.lang.Object, java.lang.Object, java.lang.Object)'> (0x00000000d56a29c8) 
thrown [s\src\hotspot\share\interpreter\linkResolver.cpp, line 773]
Event: 9.022 Thread 0x0000024945b9d7d0 Exception <a 'java/lang/NoSuchMethodError'{0x00000000d571b100}: 'java.lang.Object java.lang.invoke.Invokers$Holder.invoker(java.lang.Object, java.lang.Object, java.lang.Object, java.lang.Object, java.lang.Object, java.lang.Object, java.lang.Object, java.lang.Object, java.lang.Object, java.lang.Object, java.lang.Object, java.lang.Object, java.lang.Object)'> (0x00000000d571b100) 
thrown [s\src\hotspot\share\interpreter\linkResolver.cpp, line 773]
Event: 9.023 Thread 0x0000024945b9d7d0 Exception <a 'java/lang/NoSuchMethodError'{0x00000000d5725598}: 'java.lang.Object java.lang.invoke.DelegatingMethodHandle$Holder.delegate(java.lang.Object, java.lang.Object, java.lang.Object, java.lang.Object, java.lang.Object, java.lang.Object, java.lang.Object, java.lang.Object, java.lang.Object, java.lang.Object, java.lang.Object, java.lang.Object, java.lang.Object)'> (0x00000000d5725598) 
thrown [s\src\hotspot\share\interpreter\linkResolver.cpp, line 773]
Event: 9.033 Thread 0x0000024945b9d7d0 Exception <a 'java/lang/NoSuchMethodError'{0x00000000d5791338}: static Lorg/eclipse/m2e/core/internal/lifecyclemapping/model/PluginExecutionMetadata;.<clinit>()V> (0x00000000d5791338) 
thrown [s\src\hotspot\share\prims\jni.cpp, line 1111]
Event: 9.041 Thread 0x0000024945b9d7d0 Exception <a 'java/lang/NoSuchMethodError'{0x00000000d57f1550}: static Lorg/eclipse/m2e/core/internal/lifecyclemapping/model/PluginExecutionFilter;.<clinit>()V> (0x00000000d57f1550) 
thrown [s\src\hotspot\share\prims\jni.cpp, line 1111]
Event: 9.047 Thread 0x0000024945b9d7d0 Exception <a 'java/lang/NoSuchMethodError'{0x00000000d5820f88}: static Lorg/eclipse/m2e/core/internal/project/registry/MavenProjectFacade$MavenProjectConfiguration;.<clinit>()V> (0x00000000d5820f88) 
thrown [s\src\hotspot\share\prims\jni.cpp, line 1111]
Event: 9.163 Thread 0x0000024945b9d7d0 Exception <a 'java/lang/NoSuchMethodError'{0x00000000d5d9bbc8}: 'double java.lang.invoke.DirectMethodHandle$Holder.invokeStatic(java.lang.Object, java.lang.Object)'> (0x00000000d5d9bbc8) 
thrown [s\src\hotspot\share\interpreter\linkResolver.cpp, line 773]
Event: 9.163 Thread 0x0000024945b9d7d0 Exception <a 'java/lang/NoSuchMethodError'{0x00000000d5d9f288}: 'double java.lang.invoke.DirectMethodHandle$Holder.invokeStaticInit(java.lang.Object, java.lang.Object)'> (0x00000000d5d9f288) 
thrown [s\src\hotspot\share\interpreter\linkResolver.cpp, line 773]
Event: 9.724 Thread 0x0000024945b9d7d0 Implicit null exception at 0x00000249772af5f5 to 0x00000249772af6e8

ZGC Phase Switch (0 events):
No events

VM Operations (20 events):
Event: 8.011 Executing non-safepoint VM operation: HandshakeAllThreads (Deoptimize)
Event: 8.011 Executing non-safepoint VM operation: HandshakeAllThreads (Deoptimize) done
Event: 8.230 Executing non-safepoint VM operation: HandshakeAllThreads (Deoptimize)
Event: 8.230 Executing non-safepoint VM operation: HandshakeAllThreads (Deoptimize) done
Event: 8.293 Executing non-safepoint VM operation: HandshakeAllThreads (Deoptimize)
Event: 8.293 Executing non-safepoint VM operation: HandshakeAllThreads (Deoptimize) done
Event: 8.302 Executing non-safepoint VM operation: HandshakeAllThreads (Deoptimize)
Event: 8.302 Executing non-safepoint VM operation: HandshakeAllThreads (Deoptimize) done
Event: 8.356 Executing safepoint VM operation: ICBufferFull
Event: 8.356 Executing safepoint VM operation: ICBufferFull done
Event: 8.527 Executing safepoint VM operation: ParallelGCFailedAllocation (Allocation Failure)
Event: 8.532 Executing safepoint VM operation: ParallelGCFailedAllocation (Allocation Failure) done
Event: 8.852 Executing non-safepoint VM operation: HandshakeAllThreads (Deoptimize)
Event: 8.852 Executing non-safepoint VM operation: HandshakeAllThreads (Deoptimize) done
Event: 8.928 Executing safepoint VM operation: CollectForMetadataAllocation (Metadata GC Threshold)
Event: 8.979 Executing safepoint VM operation: CollectForMetadataAllocation (Metadata GC Threshold) done
Event: 9.294 Executing safepoint VM operation: ParallelGCFailedAllocation (Allocation Failure)
Event: 9.296 Executing safepoint VM operation: ParallelGCFailedAllocation (Allocation Failure) done
Event: 9.859 Executing safepoint VM operation: ParallelGCFailedAllocation (Allocation Failure)
Event: 9.862 Executing safepoint VM operation: ParallelGCFailedAllocation (Allocation Failure) done

Memory protections (0 events):
No events

Nmethod flushes (0 events):
No events

Events (20 events):
Event: 2.255 Thread 0x000002496aafc6d0 Thread added: 0x0000024945b9b070
Event: 2.570 Thread 0x000002496aafc6d0 Thread added: 0x0000024945b9d140
Event: 2.644 Thread 0x0000024945b9d140 Thread added: 0x0000024945b9bd90
Event: 2.648 Thread 0x000002496aafc6d0 Thread added: 0x0000024945b9d7d0
Event: 2.667 Thread 0x0000024945d8e550 Thread exited: 0x0000024945d8e550
Event: 2.667 Thread 0x0000024945b8db30 Thread exited: 0x0000024945b8db30
Event: 2.842 Thread 0x000002496abbc130 Thread added: 0x000002494b93e100
Event: 2.842 Thread 0x000002496abbc130 Thread added: 0x000002494b93e7b0
Event: 3.227 Thread 0x0000024945b9d7d0 Thread added: 0x0000024945b9de60
Event: 3.308 Thread 0x000002494b93e7b0 Thread exited: 0x000002494b93e7b0
Event: 3.653 Thread 0x000002494b93e100 Thread exited: 0x000002494b93e100
Event: 5.557 Thread 0x0000024945b9d7d0 Thread added: 0x0000024945b9b700
Event: 5.750 Thread 0x000002496abb8460 Thread added: 0x000002494bf2e120
Event: 7.083 Thread 0x000002494bf2e120 Thread exited: 0x000002494bf2e120
Event: 7.343 Thread 0x0000024945b9d7d0 Thread added: 0x0000024945c15240
Event: 7.737 Thread 0x000002496abbc130 Thread added: 0x0000024945c24550
Event: 8.036 Thread 0x0000024945b9d7d0 Thread added: 0x0000024945c158d0
Event: 8.082 Thread 0x0000024945b9d7d0 Thread added: 0x0000024945c186c0
Event: 8.105 Thread 0x0000024945b9d7d0 Thread added: 0x0000024945c16c80
Event: 9.476 Thread 0x0000024945c24550 Thread exited: 0x0000024945c24550


Dynamic libraries:
0x00007ff621fc0000 - 0x00007ff621fce000 	c:\Users\luisa\.vscode\extensions\redhat.java-1.54.0-win32-x64\jre\21.0.10-win32-x86_64\bin\java.exe
0x00007ff958260000 - 0x00007ff9584c7000 	C:\WINDOWS\SYSTEM32\ntdll.dll
0x00007ff957080000 - 0x00007ff957149000 	C:\WINDOWS\System32\KERNEL32.DLL
0x00007ff954d40000 - 0x00007ff955137000 	C:\WINDOWS\System32\KERNELBASE.dll
0x00007ff9559e0000 - 0x00007ff955b2b000 	C:\WINDOWS\System32\ucrtbase.dll
0x00007ff922e80000 - 0x00007ff922e9e000 	c:\Users\luisa\.vscode\extensions\redhat.java-1.54.0-win32-x64\jre\21.0.10-win32-x86_64\bin\VCRUNTIME140.dll
0x00007ff920c20000 - 0x00007ff920c38000 	c:\Users\luisa\.vscode\extensions\redhat.java-1.54.0-win32-x64\jre\21.0.10-win32-x86_64\bin\jli.dll
0x00007ff9569a0000 - 0x00007ff956b66000 	C:\WINDOWS\System32\USER32.dll
0x00007ff938a80000 - 0x00007ff938d12000 	C:\WINDOWS\WinSxS\amd64_microsoft.windows.common-controls_6595b64144ccf1df_6.0.26100.8457_none_3e0b2faee331e92d\COMCTL32.dll
0x00007ff9559b0000 - 0x00007ff9559d7000 	C:\WINDOWS\System32\win32u.dll
0x00007ff9568f0000 - 0x00007ff956999000 	C:\WINDOWS\System32\msvcrt.dll
0x00007ff957cd0000 - 0x00007ff957cfb000 	C:\WINDOWS\System32\GDI32.dll
0x00007ff955be0000 - 0x00007ff955d0c000 	C:\WINDOWS\System32\gdi32full.dll
0x00007ff955b30000 - 0x00007ff955bd3000 	C:\WINDOWS\System32\msvcp_win.dll
0x00007ff9568b0000 - 0x00007ff9568e2000 	C:\WINDOWS\System32\IMM32.DLL
0x00007ff93ea70000 - 0x00007ff93ea7c000 	c:\Users\luisa\.vscode\extensions\redhat.java-1.54.0-win32-x64\jre\21.0.10-win32-x86_64\bin\vcruntime140_1.dll
0x00007ff8f5210000 - 0x00007ff8f529d000 	c:\Users\luisa\.vscode\extensions\redhat.java-1.54.0-win32-x64\jre\21.0.10-win32-x86_64\bin\msvcp140.dll
0x00007ff89a0e0000 - 0x00007ff89ae81000 	c:\Users\luisa\.vscode\extensions\redhat.java-1.54.0-win32-x64\jre\21.0.10-win32-x86_64\bin\server\jvm.dll
0x00007ff956610000 - 0x00007ff9566c6000 	C:\WINDOWS\System32\ADVAPI32.dll
0x00007ff955fe0000 - 0x00007ff956087000 	C:\WINDOWS\System32\sechost.dll
0x00007ff956b70000 - 0x00007ff956c88000 	C:\WINDOWS\System32\RPCRT4.dll
0x00007ff9573d0000 - 0x00007ff957450000 	C:\WINDOWS\System32\WS2_32.dll
0x00007ff954320000 - 0x00007ff95437e000 	C:\WINDOWS\SYSTEM32\POWRPROF.dll
0x00007ff93ebf0000 - 0x00007ff93ec26000 	C:\WINDOWS\SYSTEM32\WINMM.dll
0x00007ff949010000 - 0x00007ff94901b000 	C:\WINDOWS\SYSTEM32\VERSION.dll
0x00007ff954190000 - 0x00007ff9541a4000 	C:\WINDOWS\SYSTEM32\UMPDC.dll
0x00007ff953a00000 - 0x00007ff953a1b000 	C:\WINDOWS\SYSTEM32\kernel.appcore.dll
0x00007ff93c4f0000 - 0x00007ff93c4fa000 	c:\Users\luisa\.vscode\extensions\redhat.java-1.54.0-win32-x64\jre\21.0.10-win32-x86_64\bin\jimage.dll
0x00007ff952bd0000 - 0x00007ff952e12000 	C:\WINDOWS\SYSTEM32\DBGHELP.DLL
0x00007ff956c90000 - 0x00007ff957013000 	C:\WINDOWS\System32\combase.dll
0x00007ff956530000 - 0x00007ff956609000 	C:\WINDOWS\System32\OLEAUT32.dll
0x00007ff934fe0000 - 0x00007ff93501b000 	C:\WINDOWS\SYSTEM32\dbgcore.DLL
0x00007ff954c90000 - 0x00007ff954d38000 	C:\WINDOWS\System32\bcryptPrimitives.dll
0x00007ff93c1d0000 - 0x00007ff93c1df000 	c:\Users\luisa\.vscode\extensions\redhat.java-1.54.0-win32-x64\jre\21.0.10-win32-x86_64\bin\instrument.dll
0x00007ff9206f0000 - 0x00007ff920710000 	c:\Users\luisa\.vscode\extensions\redhat.java-1.54.0-win32-x64\jre\21.0.10-win32-x86_64\bin\java.dll
0x00007ff9574a0000 - 0x00007ff957c0e000 	C:\WINDOWS\System32\SHELL32.dll
0x00007ff955140000 - 0x00007ff9559ac000 	C:\WINDOWS\System32\windows.storage.dll
0x00007ff956250000 - 0x00007ff956346000 	C:\WINDOWS\System32\SHCORE.dll
0x00007ff9564b0000 - 0x00007ff956516000 	C:\WINDOWS\System32\shlwapi.dll
0x00007ff954bb0000 - 0x00007ff954bd9000 	C:\WINDOWS\SYSTEM32\profapi.dll
0x00007ff91faa0000 - 0x00007ff91fab8000 	c:\Users\luisa\.vscode\extensions\redhat.java-1.54.0-win32-x64\jre\21.0.10-win32-x86_64\bin\zip.dll
0x00007ff93c0c0000 - 0x00007ff93c0d0000 	C:\Users\luisa\.vscode\extensions\redhat.java-1.54.0-win32-x64\jre\21.0.10-win32-x86_64\bin\net.dll
0x00007ff948c50000 - 0x00007ff948d79000 	C:\WINDOWS\SYSTEM32\WINHTTP.dll
0x00007ff954000000 - 0x00007ff95406c000 	C:\WINDOWS\system32\mswsock.dll
0x00007ff91adf0000 - 0x00007ff91ae06000 	C:\Users\luisa\.vscode\extensions\redhat.java-1.54.0-win32-x64\jre\21.0.10-win32-x86_64\bin\nio.dll
0x00007ff93b760000 - 0x00007ff93b770000 	c:\Users\luisa\.vscode\extensions\redhat.java-1.54.0-win32-x64\jre\21.0.10-win32-x86_64\bin\verify.dll
0x00007ff9146e0000 - 0x00007ff914725000 	C:\Users\luisa\AppData\Roaming\Code\User\globalStorage\redhat.java\1.54.0\config_win\org.eclipse.equinox.launcher\org.eclipse.equinox.launcher.win32.win32.x86_64_1.3.0.v20260203-2149\eclipse_11919.dll
0x00007ff957150000 - 0x00007ff9572e7000 	C:\WINDOWS\System32\ole32.dll
0x00007ff954390000 - 0x00007ff9543ab000 	C:\WINDOWS\SYSTEM32\CRYPTSP.dll
0x00007ff953950000 - 0x00007ff953989000 	C:\WINDOWS\system32\rsaenh.dll
0x00007ff9540b0000 - 0x00007ff9540e3000 	C:\WINDOWS\SYSTEM32\USERENV.dll
0x00007ff954b80000 - 0x00007ff954baa000 	C:\WINDOWS\SYSTEM32\bcrypt.dll
0x00007ff9543b0000 - 0x00007ff9543bc000 	C:\WINDOWS\SYSTEM32\CRYPTBASE.dll
0x00007ff9533e0000 - 0x00007ff953412000 	C:\WINDOWS\SYSTEM32\IPHLPAPI.DLL
0x00007ff956520000 - 0x00007ff95652a000 	C:\WINDOWS\System32\NSI.dll
0x00007ff916bc0000 - 0x00007ff916c09000 	C:\Users\luisa\AppData\Local\Temp\jna-103330382\jna16454827120559860243.dll
0x00007ff9572f0000 - 0x00007ff9572f8000 	C:\WINDOWS\System32\PSAPI.DLL

JVMTI agents:
c:\Users\luisa\.vscode\extensions\redhat.java-1.54.0-win32-x64\lombok\lombok-1.18.39-4050.jar path:c:\Users\luisa\.vscode\extensions\redhat.java-1.54.0-win32-x64\jre\21.0.10-win32-x86_64\bin\instrument.dll, loaded, initialized, instrumentlib options:none

dbghelp: loaded successfully - version: 4.0.5 - missing functions: none
symbol engine: initialized successfully - sym options: 0x614 - pdb path: .;c:\Users\luisa\.vscode\extensions\redhat.java-1.54.0-win32-x64\jre\21.0.10-win32-x86_64\bin;C:\WINDOWS\SYSTEM32;C:\WINDOWS\WinSxS\amd64_microsoft.windows.common-controls_6595b64144ccf1df_6.0.26100.8457_none_3e0b2faee331e92d;c:\Users\luisa\.vscode\extensions\redhat.java-1.54.0-win32-x64\jre\21.0.10-win32-x86_64\bin\server;C:\Users\luisa\AppData\Roaming\Code\User\globalStorage\redhat.java\1.54.0\config_win\org.eclipse.equinox.launcher\org.eclipse.equinox.launcher.win32.win32.x86_64_1.3.0.v20260203-2149;C:\Users\luisa\AppData\Local\Temp\jna-103330382

VM Arguments:
jvm_args: --add-modules=ALL-SYSTEM --add-opens=java.base/java.util=ALL-UNNAMED --add-opens=java.base/java.lang=ALL-UNNAMED --add-opens=java.base/sun.nio.fs=ALL-UNNAMED -Declipse.application=org.eclipse.jdt.ls.core.id1 -Dosgi.bundles.defaultStartLevel=4 -Declipse.product=org.eclipse.jdt.ls.core.product -Djava.import.generatesMetadataFilesAtProjectRoot=false -DDetectVMInstallationsJob.disabled=true -Dfile.encoding=utf8 -XX:+UseParallelGC -XX:GCTimeRatio=4 -XX:AdaptiveSizePolicyWeight=90 -Dsun.zip.disableMemoryMapping=true -Xmx2G -Xms100m -Xlog:disable -javaagent:c:\Users\luisa\.vscode\extensions\redhat.java-1.54.0-win32-x64\lombok\lombok-1.18.39-4050.jar -XX:+HeapDumpOnOutOfMemoryError -XX:HeapDumpPath=c:\Users\luisa\AppData\Roaming\Code\User\workspaceStorage\c39dd73e852d32c15b1d8e2e38c5d1a0\redhat.java -Daether.dependencyCollector.impl=bf 
java_command: c:\Users\luisa\.vscode\extensions\redhat.java-1.54.0-win32-x64\server\plugins\org.eclipse.equinox.launcher_1.7.100.v20251111-0406.jar -configuration c:\Users\luisa\AppData\Roaming\Code\User\globalStorage\redhat.java\1.54.0\config_win -data c:\Users\luisa\AppData\Roaming\Code\User\workspaceStorage\c39dd73e852d32c15b1d8e2e38c5d1a0\redhat.java\jdt_ws --pipe=\\.\pipe\lsp-b9779297f9da178e7eef59cdce8ee429-sock
java_class_path (initial): c:\Users\luisa\.vscode\extensions\redhat.java-1.54.0-win32-x64\server\plugins\org.eclipse.equinox.launcher_1.7.100.v20251111-0406.jar
Launcher Type: SUN_STANDARD

[Global flags]
    uintx AdaptiveSizePolicyWeight                 = 90                                        {product} {command line}
     intx CICompilerCount                          = 4                                         {product} {ergonomic}
    uintx GCTimeRatio                              = 4                                         {product} {command line}
     bool HeapDumpOnOutOfMemoryError               = true                                   {manageable} {command line}
    ccstr HeapDumpPath                             = c:\Users\luisa\AppData\Roaming\Code\User\workspaceStorage\c39dd73e852d32c15b1d8e2e38c5d1a0\redhat.java         {manageable} {command line}
   size_t InitialHeapSize                          = 104857600                                 {product} {command line}
   size_t MaxHeapSize                              = 2147483648                                {product} {command line}
   size_t MaxNewSize                               = 715653120                                 {product} {ergonomic}
   size_t MinHeapDeltaBytes                        = 524288                                    {product} {ergonomic}
   size_t MinHeapSize                              = 104857600                                 {product} {command line}
   size_t NewSize                                  = 34603008                                  {product} {ergonomic}
    uintx NonNMethodCodeHeapSize                   = 5839372                                {pd product} {ergonomic}
    uintx NonProfiledCodeHeapSize                  = 122909434                              {pd product} {ergonomic}
   size_t OldSize                                  = 70254592                                  {product} {ergonomic}
    uintx ProfiledCodeHeapSize                     = 122909434                              {pd product} {ergonomic}
    uintx ReservedCodeCacheSize                    = 251658240                              {pd product} {ergonomic}
     bool SegmentedCodeCache                       = true                                      {product} {ergonomic}
   size_t SoftMaxHeapSize                          = 2147483648                             {manageable} {ergonomic}
     bool UseCompressedOops                        = true                           {product lp64_product} {ergonomic}
     bool UseLargePagesIndividualAllocation        = false                                  {pd product} {ergonomic}
     bool UseParallelGC                            = true                                      {product} {command line}

Logging:
Log output configuration:
 #0: stdout all=off uptime,level,tags foldmultilines=false
 #1: stderr all=off uptime,level,tags foldmultilines=false

Release file:
JAVA_VERSION="21.0.10" 
MODULES="java.base java.compiler java.datatransfer java.xml java.prefs java.desktop java.instrument java.logging java.management java.security.sasl java.naming java.rmi java.management.rmi java.net.http java.scripting java.security.jgss java.transaction.xa java.sql java.sql.rowset java.xml.crypto java.se java.smartcardio jdk.accessibility jdk.internal.jvmstat jdk.attach jdk.charsets jdk.internal.opt jdk.zipfs jdk.compiler jdk.crypto.ec jdk.crypto.cryptoki jdk.crypto.mscapi jdk.dynalink jdk.internal.ed jdk.editpad jdk.hotspot.agent jdk.httpserver jdk.internal.le jdk.internal.vm.ci jdk.internal.vm.compiler jdk.internal.vm.compiler.management jdk.jartool jdk.javadoc jdk.jcmd jdk.management jdk.management.agent jdk.jconsole jdk.jdeps jdk.jdwp.agent jdk.jdi jdk.jfr jdk.jshell jdk.jsobject jdk.jstatd jdk.localedata jdk.management.jfr jdk.naming.dns jdk.naming.rmi jdk.net jdk.nio.mapmode jdk.random jdk.sctp jdk.security.auth jdk.security.jgss jdk.unsupported jdk.unsupported.desktop jdk.xml.dom" 

Environment Variables:
JAVA_HOME=C:\Program Files\Eclipse Adoptium\jdk-17.0.15.6-hotspot
PATH=C:\Users\luisa\AppData\Local\Programs\Microsoft VS Code;C:\Program Files (x86)\Google\Chrome\Application;C:\Program Files\Eclipse Adoptium\jdk-17.0.15.6-hotspot\bin;C:\WINDOWS\system32;C:\WINDOWS;C:\WINDOWS\System32\Wbem;C:\WINDOWS\System32\WindowsPowerShell\v1.0\;C:\WINDOWS\System32\OpenSSH\;C:\Program Files (x86)\Common Files\Propellerhead Software\ReWire\;C:\Program Files\Common Files\Propellerhead Software\ReWire\;C:\Program Files\Git\cmd;C:\Program Files\heroku\bin;C:\Program Files\dotnet\;C:\maven\apache-maven-3.8.6\bin;C:\Program Files (x86)\NVIDIA Corporation\PhysX\Common;C:\Program Files\Csound6_x64\bin;C:\WINDOWS\system32;C:\WINDOWS;C:\WINDOWS\System32\Wbem;C:\WINDOWS\System32\WindowsPowerShell\v1.0\;C:\WINDOWS\System32\OpenSSH\;C:\Program Files\NVIDIA Corporation\NVIDIA app\NvDLISR;C:\Program Files\nodejs\;C:\Program Files\Docker\Docker\resources\bin;C:\Users\luisa\.cargo\bin;C:\Users\luisa\AppData\Local\Programs\Python\Python312\Scripts\;C:\Users\luisa\AppData\Local\Programs\Python\Python312\;C:\Users\luisa\AppData\Local\Programs\Python\Python314\Scripts\;C:\Users\luisa\AppData\Local\Programs\Python\Python314\;C:\Program Files\MySQL\MySQL Shell 8.0\bin\;C:\Users\luisa\AppData\Local\Microsoft\WindowsApps;C:\Users\luisa\AppData\Local\Programs\Microsoft VS Code\bin;C:\Program Files\heroku\bin;C:\Program Files\JetBrains\IntelliJ IDEA Community Edition 2022.1\bin;C:\MinGW\bin.;C:\Program Files (x86)\php8;C:\Program Files\MySQL\MySQL Server 8.0\bin;C:\Users\luisa\AppData\Local\Microsoft\WindowsApps;C:\Users\luisa\AppData\Local\Programs\Antigravity\bin;C:\Users\luisa\AppData\Roaming\npm
USERNAME=luisa
OS=Windows_NT
PROCESSOR_IDENTIFIER=Intel64 Family 6 Model 158 Stepping 10, GenuineIntel
TMP=C:\Users\luisa\AppData\Local\Temp
TEMP=C:\Users\luisa\AppData\Local\Temp




Periodic native trim disabled

---------------  S Y S T E M  ---------------

OS:
 Windows 11 , 64 bit Build 26100 (10.0.26100.8328)
OS uptime: 5 days 9:59 hours
Hyper-V role detected

CPU: total 12 (initial active 12) (6 cores per cpu, 2 threads per core) family 6 model 158 stepping 10 microcode 0xf0, cx8, cmov, fxsr, ht, mmx, 3dnowpref, sse, sse2, sse3, ssse3, sse4.1, sse4.2, popcnt, lzcnt, tsc, tscinvbit, avx, avx2, aes, erms, clmul, bmi1, bmi2, adx, fma, vzeroupper, clflush, clflushopt, hv, rdtscp, f16c
Processor Information for processor 0
  Max Mhz: 2592, Current Mhz: 1495, Mhz Limit: 2592
Processor Information for processor 1
  Max Mhz: 2592, Current Mhz: 2592, Mhz Limit: 2592
Processor Information for processor 2
  Max Mhz: 2592, Current Mhz: 1495, Mhz Limit: 2592
Processor Information for processor 3
  Max Mhz: 2592, Current Mhz: 1495, Mhz Limit: 2592
Processor Information for processor 4
  Max Mhz: 2592, Current Mhz: 2592, Mhz Limit: 2592
Processor Information for processor 5
  Max Mhz: 2592, Current Mhz: 2592, Mhz Limit: 2592
Processor Information for processor 6
  Max Mhz: 2592, Current Mhz: 2592, Mhz Limit: 2592
Processor Information for processor 7
  Max Mhz: 2592, Current Mhz: 1495, Mhz Limit: 2592
Processor Information for processor 8
  Max Mhz: 2592, Current Mhz: 2592, Mhz Limit: 2592
Processor Information for processor 9
  Max Mhz: 2592, Current Mhz: 2592, Mhz Limit: 2592
Processor Information for processor 10
  Max Mhz: 2592, Current Mhz: 1495, Mhz Limit: 2592
Processor Information for processor 11
  Max Mhz: 2592, Current Mhz: 1495, Mhz Limit: 2592

Memory: 4k page, system-wide physical 8002M (882M free)
TotalPageFile size 32578M (AvailPageFile size 246M)
current process WorkingSet (physical memory assigned to process): 157M, peak: 161M
current process commit charge ("private bytes"): 293M, peak: 297M

vm_info: OpenJDK 64-Bit Server VM (21.0.10+7-LTS) for windows-amd64 JRE (21.0.10+7-LTS), built on 2026-01-20T00:00:00Z by "admin" with MS VC++ 17.12 (VS2022)

END.
